07-02 05:35:52.537   335 11627 V NuPlayerDecoder:   size_t buffer-ix = 2
07-02 05:35:52.537   335 11627 V NuPlayerDecoder:   int32_t generation = 1
07-02 05:35:52.537   335 11627 V NuPlayerDecoder: }
07-02 05:35:52.537   335 11623 V NuPlayerRenderer: getPlayedOutAudioDurationUs(223549) nowUs(1140068251) frames(10128) framesAt(1140055702)
07-02 05:35:52.537   335 11628 V ACodec  : [OMX.google.aac.decoder] calling fillBuffer 3094041744
07-02 05:35:52.538   335 11623 V NuPlayerRenderer: rendering video at media time 23.96 secs
07-02 05:35:52.538   335 11624 V NuPlayerDecoder: [OMX.qcom.video.decoder.avc] onMessage: AMessage(what = 'rndr', target = 187) = {
07-02 05:35:52.538   335 11624 V NuPlayerDecoder:   size_t buffer-ix = 8
07-02 05:35:52.538   335 11624 V NuPlayerDecoder:   int32_t generation = 1
07-02 05:35:52.538   335 11624 V NuPlayerDecoder:   int64_t timestampNs = 1140103368000
07-02 05:35:52.538   335 11624 V NuPlayerDecoder:   int32_t render = 1
07-02 05:35:52.538   335 11624 V NuPlayerDecoder: }
07-02 05:35:52.539   335 11626 V ACodec  : [OMX.qcom.video.decoder.avc] calling fillBuffer 3094270512
07-02 05:35:52.540   335 11628 V ACodec  : [OMX.google.aac.decoder] onOMXEmptyBufferDone 0xb86b50a8
07-02 05:35:52.540   335 11628 V ACodec  : [OMX.google.aac.decoder] onOMXFillBufferDone 3094041744 time 24256000 us, flags = 0x00000000
07-02 05:35:52.540   335 11627 V NuPlayerDecoder: [OMX.google.aac.decoder] onMessage: AMessage(what = 'cdcN', target = 190) = {
07-02 05:35:52.540   335 11627 V NuPlayerDecoder:   int32_t generation = 1
07-02 05:35:52.540   335 11627 V NuPlayerDecoder:   int32_t input-buffers = 1
07-02 05:35:52.540   335 11627 V NuPlayerDecoder:   int32_t output-buffers = 0
07-02 05:35:52.540   335 11627 V NuPlayerDecoder: }
07-02 05:35:52.540   335 11627 V NuPlayerDecoder: [OMX.google.aac.decoder] dequeued input: 1
07-02 05:35:52.541   335 11628 V ACodec  : [OMX.google.aac.decoder] calling emptyBuffer 0xb86b50a8 w/ time 24384000 us
07-02 05:35:52.541   335 11627 V NuPlayerDecoder: [OMX.google.aac.decoder] onMessage: AMessage(what = 'cdcN', target = 190) = {
07-02 05:35:52.541   335 11627 V NuPlayerDecoder:   int32_t generation = 1
07-02 05:35:52.541   335 11627 V NuPlayerDecoder:   int32_t input-buffers = 0
07-02 05:35:52.541   335 11627 V NuPlayerDecoder:   int32_t output-buffers = 1
07-02 05:35:52.541   335 11627 V NuPlayerDecoder: }
07-02 05:35:52.541   335 11627 V NuPlayerDecoder: [OMX.google.aac.decoder] dequeued output: 2 (time=24256000 flags=0)
07-02 05:35:52.556   335 11626 V ACodec  : [OMX.qcom.video.decoder.avc] onOMXEmptyBufferDone 0xb8726b40
07-02 05:35:52.557   335 11624 V NuPlayerDecoder: [OMX.qcom.video.decoder.avc] onMessage: AMessage(what = 'cdcN', target = 187) = {
07-02 05:35:52.557   335 11624 V NuPlayerDecoder:   int32_t generation = 1
07-02 05:35:52.557   335 11624 V NuPlayerDecoder:   int32_t input-buffers = 1
07-02 05:35:52.557   335 11624 V NuPlayerDecoder:   int32_t output-buffers = 0
07-02 05:35:52.557   335 11624 V NuPlayerDecoder: }
07-02 05:35:52.557   335 11624 V NuPlayerDecoder: [OMX.qcom.video.decoder.avc] dequeued input: 1
07-02 05:35:52.557   335 11626 V ACodec  : [OMX.qcom.video.decoder.avc] calling emptyBuffer 0xb8726b40 w/ time 24400000 us
07-02 05:35:52.557   335 11626 V ACodec  : MetaDataBuffersToSubmit=0 portMode=RESUBMIT
07-02 05:35:52.557   335 11626 V ACodec  : [OMX.qcom.video.decoder.avc] onOMXFillBufferDone 3094270672 time 24080000 us, flags = 0x00000210
07-02 05:35:52.557   335 11624 V NuPlayerDecoder: [OMX.qcom.video.decoder.avc] onMessage: AMessage(what = 'cdcN', target = 187) = {
07-02 05:35:52.557   335 11624 V NuPlayerDecoder:   int32_t generation = 1
07-02 05:35:52.557   335 11624 V NuPlayerDecoder:   int32_t input-buffers = 0
07-02 05:35:52.557   335 11624 V NuPlayerDecoder:   int32_t output-buffers = 1
07-02 05:35:52.557   335 11624 V NuPlayerDecoder: }
07-02 05:35:52.557   335 11624 V NuPlayerDecoder: [OMX.qcom.video.decoder.avc] dequeued output: 5 (time=24080000 flags=0)
07-02 05:35:52.558   335 11623 V NuPlayerRenderer: rendering audio at media time 24.21 secs
07-02 05:35:52.558   335 11627 V NuPlayerDecoder: [OMX.google.aac.decoder] onMessage: AMessage(what = 'rndr', target = 190) = {
07-02 05:35:52.558   335 11627 V NuPlayerDecoder:   size_t buffer-ix = 3
07-02 05:35:52.558   335 11627 V NuPlayerDecoder:   int32_t generation = 1
07-02 05:35:52.558   335 11627 V NuPlayerDecoder: }
07-02 05:35:52.558   335 11623 V NuPlayerRenderer: getPlayedOutAudioDurationUs(243949) nowUs(1140088625) frames(11088) framesAt(1140075676)
07-02 05:35:52.558   335 11628 V ACodec  : [OMX.google.aac.decoder] calling fillBuffer 3094042272
07-02 05:35:52.559   335 11628 V ACodec  : [OMX.google.aac.decoder] onOMXEmptyBufferDone 0xb86b5190
07-02 05:35:52.559   335 11628 V ACodec  : [OMX.google.aac.decoder] onOMXFillBufferDone 3094042272 time 24277333 us, flags = 0x00000000
07-02 05:35:52.559   335 11627 V NuPlayerDecoder: [OMX.google.aac.decoder] onMessage: AMessage(what = 'cdcN', target = 190) = {
07-02 05:35:52.559   335 11627 V NuPlayerDecoder:   int32_t generation = 1
07-02 05:35:52.559   335 11627 V NuPlayerDecoder:   int32_t input-buffers = 1
07-02 05:35:52.559   335 11627 V NuPlayerDecoder:   int32_t output-buffers = 0
07-02 05:35:52.559   335 11627 V NuPlayerDecoder: }
07-02 05:35:52.559   335 11627 V NuPlayerDecoder: [OMX.google.aac.decoder] dequeued input: 2
07-02 05:35:52.559   335 11628 V ACodec  : [OMX.google.aac.decoder] calling emptyBuffer 0xb86b5190 w/ time 24405333 us
07-02 05:35:52.559   335 11627 V NuPlayerDecoder: [OMX.google.aac.decoder] onMessage: AMessage(what = 'cdcN', target = 190) = {
07-02 05:35:52.559   335 11627 V NuPlayerDecoder:   int32_t generation = 1
07-02 05:35:52.559   335 11627 V NuPlayerDecoder:   int32_t input-buffers = 0
07-02 05:35:52.559   335 11627 V NuPlayerDecoder:   int32_t output-buffers = 1
07-02 05:35:52.559   335 11627 V NuPlayerDecoder: }
07-02 05:35:52.560   335 11627 V NuPlayerDecoder: [OMX.google.aac.decoder] dequeued output: 3 (time=24277333 flags=0)
07-02 05:35:52.571   335 11623 V NuPlayerRenderer: rendering video at media time 24.00 secs
07-02 05:35:52.571   335 11624 V NuPlayerDecoder: [OMX.qcom.video.decoder.avc] onMessage: AMessage(what = 'rndr', target = 187) = {
07-02 05:35:52.571   335 11624 V NuPlayerDecoder:   size_t buffer-ix = 2
07-02 05:35:52.571   335 11624 V NuPlayerDecoder:   int32_t generation = 1
07-02 05:35:52.571   335 11624 V NuPlayerDecoder:   int64_t timestampNs = 1140143343000
07-02 05:35:52.571   335 11624 V NuPlayerDecoder:   int32_t render = 1
07-02 05:35:52.571   335 11624 V NuPlayerDecoder: }
07-02 05:35:52.571   335 11626 V ACodec  : [OMX.qcom.video.decoder.avc] calling fillBuffer 3094270752
07-02 05:35:52.578   335 11623 V NuPlayerRenderer: rendering audio at media time 24.23 secs
07-02 05:35:52.578   335 11627 V NuPlayerDecoder: [OMX.google.aac.decoder] onMessage: AMessage(what = 'rndr', target = 190) = {
07-02 05:35:52.578   335 11627 V NuPlayerDecoder:   size_t buffer-ix = 0
07-02 05:35:52.578   335 11627 V NuPlayerDecoder:   int32_t generation = 1
07-02 05:35:52.578   335 11627 V NuPlayerDecoder: }
07-02 05:35:52.578   335 11623 V NuPlayerRenderer: getPlayedOutAudioDurationUs(264261) nowUs(1140108935) frames(12048) framesAt(1140095674)
07-02 05:35:52.578   335 11628 V ACodec  : [OMX.google.aac.decoder] calling fillBuffer 3094477456
07-02 05:35:52.580   335 11628 V ACodec  : [OMX.google.aac.decoder] onOMXEmptyBufferDone 0xb86b5290
07-02 05:35:52.580   335 11628 V ACodec  : [OMX.google.aac.decoder] onOMXFillBufferDone 3094477456 time 24298666 us, flags = 0x00000000
07-02 05:35:52.580   335 11627 V NuPlayerDecoder: [OMX.google.aac.decoder] onMessage: AMessage(what = 'cdcN', target = 190) = {
07-02 05:35:52.580   335 11627 V NuPlayerDecoder:   int32_t generation = 1
07-02 05:35:52.580   335 11627 V NuPlayerDecoder:   int32_t input-buffers = 1
07-02 05:35:52.580   335 11627 V NuPlayerDecoder:   int32_t output-buffers = 0
07-02 05:35:52.580   335 11627 V NuPlayerDecoder: }
07-02 05:35:52.580   335 11627 V NuPlayerDecoder: [OMX.google.aac.decoder] dequeued input: 3
07-02 05:35:52.580   335 11628 V ACodec  : [OMX.google.aac.decoder] calling emptyBuffer 0xb86b5290 w/ time 24426666 us
07-02 05:35:52.580   335 11627 V NuPlayerDecoder: [OMX.google.aac.decoder] onMessage: AMessage(what = 'cdcN', target = 190) = {
07-02 05:35:52.580   335 11627 V NuPlayerDecoder:   int32_t generation = 1
07-02 05:35:52.580   335 11627 V NuPlayerDecoder:   int32_t input-buffers = 0
07-02 05:35:52.580   335 11627 V NuPlayerDecoder:   int32_t output-buffers = 1
07-02 05:35:52.580   335 11627 V NuPlayerDecoder: }
07-02 05:35:52.580   335 11627 V NuPlayerDecoder: [OMX.google.aac.decoder] dequeued output: 0 (time=24298666 flags=0)
07-02 05:35:52.589   335 11626 V ACodec  : [OMX.qcom.video.decoder.avc] onOMXEmptyBufferDone 0xb8726b90
07-02 05:35:52.589   335 11624 V NuPlayerDecoder: [OMX.qcom.video.decoder.avc] onMessage: AMessage(what = 'cdcN', target = 187) = {
07-02 05:35:52.589   335 11624 V NuPlayerDecoder:   int32_t generation = 1
07-02 05:35:52.589   335 11624 V NuPlayerDecoder:   int32_t input-buffers = 1
07-02 05:35:52.589   335 11624 V NuPlayerDecoder:   int32_t output-buffers = 0
07-02 05:35:52.589   335 11624 V NuPlayerDecoder: }
07-02 05:35:52.589   335 11624 V NuPlayerDecoder: [OMX.qcom.video.decoder.avc] dequeued input: 2
07-02 05:35:52.590   335 11626 V ACodec  : [OMX.qcom.video.decoder.avc] calling emptyBuffer 0xb8726b90 w/ time 24320000 us
07-02 05:35:52.590   335 11626 V ACodec  : MetaDataBuffersToSubmit=0 portMode=RESUBMIT
07-02 05:35:52.590   335 11626 V ACodec  : [OMX.qcom.video.decoder.avc] onOMXFillBufferDone 3094270592 time 24120000 us, flags = 0x00000210
07-02 05:35:52.590   335 11624 V NuPlayerDecoder: [OMX.qcom.video.decoder.avc] onMessage: AMessage(what = 'cdcN', target = 187) = {
07-02 05:35:52.590   335 11624 V NuPlayerDecoder:   int32_t generation = 1
07-02 05:35:52.590   335 11624 V NuPlayerDecoder:   int32_t input-buffers = 0
07-02 05:35:52.590   335 11624 V NuPlayerDecoder:   int32_t output-buffers = 1
07-02 05:35:52.590   335 11624 V NuPlayerDecoder: }
07-02 05:35:52.590   335 11624 V NuPlayerDecoder: [OMX.qcom.video.decoder.avc] dequeued output: 4 (time=24120000 flags=0)
07-02 05:35:52.598   335 11623 V NuPlayerRenderer: rendering audio at media time 24.26 secs
07-02 05:35:52.599   335 11623 V NuPlayerRenderer: getPlayedOutAudioDurationUs(284642) nowUs(1140129360) frames(13008) framesAt(1140115718)
07-02 05:35:52.599   335 11627 V NuPlayerDecoder: [OMX.google.aac.decoder] onMessage: AMessage(what = 'rndr', target = 190) = {
07-02 05:35:52.599   335 11627 V NuPlayerDecoder:   size_t buffer-ix = 1
07-02 05:35:52.599   335 11627 V NuPlayerDecoder:   int32_t generation = 1
07-02 05:35:52.599   335 11627 V NuPlayerDecoder: }
07-02 05:35:52.599   335 11628 V ACodec  : [OMX.google.aac.decoder] calling fillBuffer 3094483840
07-02 05:35:52.600   335 11628 V ACodec  : [OMX.google.aac.decoder] onOMXEmptyBufferDone 0xb86f0ad8
07-02 05:35:52.600   335 11628 V ACodec  : [OMX.google.aac.decoder] onOMXFillBufferDone 3094483840 time 24320000 us, flags = 0x00000000
07-02 05:35:52.600   335 11627 V NuPlayerDecoder: [OMX.google.aac.decoder] onMessage: AMessage(what = 'cdcN', target = 190) = {
07-02 05:35:52.600   335 11627 V NuPlayerDecoder:   int32_t generation = 1
07-02 05:35:52.600   335 11627 V NuPlayerDecoder:   int32_t input-buffers = 1
07-02 05:35:52.600   335 11627 V NuPlayerDecoder:   int32_t output-buffers = 0
07-02 05:35:52.600   335 11627 V NuPlayerDecoder: }
07-02 05:35:52.600   335 11627 V NuPlayerDecoder: [OMX.google.aac.decoder] dequeued input: 0
07-02 05:35:52.600   335 11628 V ACodec  : [OMX.google.aac.decoder] calling emptyBuffer 0xb86f0ad8 w/ time 24448000 us
07-02 05:35:52.601   335 11627 V NuPlayerDecoder: [OMX.google.aac.decoder] onMessage: AMessage(what = 'cdcN', target = 190) = {
07-02 05:35:52.601   335 11627 V NuPlayerDecoder:   int32_t generation = 1
07-02 05:35:52.601   335 11627 V NuPlayerDecoder:   int32_t input-buffers = 0
07-02 05:35:52.601   335 11627 V NuPlayerDecoder:   int32_t output-buffers = 1
07-02 05:35:52.601   335 11627 V NuPlayerDecoder: }
07-02 05:35:52.601   335 11627 V NuPlayerDecoder: [OMX.google.aac.decoder] dequeued output: 1 (time=24320000 flags=0)
07-02 05:35:52.604   335 11623 V NuPlayerRenderer: rendering video at media time 24.04 secs
07-02 05:35:52.604   335 11624 V NuPlayerDecoder: [OMX.qcom.video.decoder.avc] onMessage: AMessage(what = 'rndr', target = 187) = {
07-02 05:35:52.604   335 11624 V NuPlayerDecoder:   size_t buffer-ix = 7
07-02 05:35:52.604   335 11624 V NuPlayerDecoder:   int32_t generation = 1
07-02 05:35:52.604   335 11624 V NuPlayerDecoder:   int64_t timestampNs = 1140183384000
07-02 05:35:52.604   335 11624 V NuPlayerDecoder:   int32_t render = 1
07-02 05:35:52.604   335 11624 V NuPlayerDecoder: }
07-02 05:35:52.605   335 11626 V ACodec  : [OMX.qcom.video.decoder.avc] calling fillBuffer 3094270912
07-02 05:35:52.619   335 11623 V NuPlayerRenderer: rendering audio at media time 24.28 secs
07-02 05:35:52.619   335 11627 V NuPlayerDecoder: [OMX.google.aac.decoder] onMessage: AMessage(what = 'rndr', target = 190) = {
07-02 05:35:52.619   335 11627 V NuPlayerDecoder:   size_t buffer-ix = 2
07-02 05:35:52.619   335 11627 V NuPlayerDecoder:   int32_t generation = 1
07-02 05:35:52.619   335 11627 V NuPlayerDecoder: }
07-02 05:35:52.619   335 11623 V NuPlayerRenderer: getPlayedOutAudioDurationUs(304989) nowUs(1140149722) frames(13968) framesAt(1140135733)
07-02 05:35:52.619   335 11628 V ACodec  : [OMX.google.aac.decoder] calling fillBuffer 3094041744
07-02 05:35:52.620   335 11628 V ACodec  : [OMX.google.aac.decoder] onOMXEmptyBufferDone 0xb86b50a8
07-02 05:35:52.620   335 11627 V NuPlayerDecoder: [OMX.google.aac.decoder] onMessage: AMessage(what = 'cdcN', target = 190) = {
07-02 05:35:52.620   335 11627 V NuPlayerDecoder:   int32_t generation = 1
07-02 05:35:52.620   335 11627 V NuPlayerDecoder:   int32_t input-buffers = 1
07-02 05:35:52.620   335 11627 V NuPlayerDecoder:   int32_t output-buffers = 0
07-02 05:35:52.620   335 11627 V NuPlayerDecoder: }
07-02 05:35:52.620   335 11628 V ACodec  : [OMX.google.aac.decoder] onOMXFillBufferDone 3094041744 time 24341333 us, flags = 0x00000000
07-02 05:35:52.620   335 11627 V NuPlayerDecoder: [OMX.google.aac.decoder] dequeued input: 1
07-02 05:35:52.620   335 11628 V ACodec  : [OMX.google.aac.decoder] calling emptyBuffer 0xb86b50a8 w/ time 24469333 us
07-02 05:35:52.621   335 11627 V NuPlayerDecoder: [OMX.google.aac.decoder] onMessage: AMessage(what = 'cdcN', target = 190) = {
07-02 05:35:52.621   335 11627 V NuPlayerDecoder:   int32_t generation = 1
07-02 05:35:52.621   335 11627 V NuPlayerDecoder:   int32_t input-buffers = 0
07-02 05:35:52.621   335 11627 V NuPlayerDecoder:   int32_t output-buffers = 1
07-02 05:35:52.621   335 11627 V NuPlayerDecoder: }
07-02 05:35:52.621   335 11627 V NuPlayerDecoder: [OMX.google.aac.decoder] dequeued output: 2 (time=24341333 flags=0)
07-02 05:35:52.622   335 11626 V ACodec  : [OMX.qcom.video.decoder.avc] onOMXEmptyBufferDone 0xb8726be0
07-02 05:35:52.622   335 11624 V NuPlayerDecoder: [OMX.qcom.video.decoder.avc] onMessage: AMessage(what = 'cdcN', target = 187) = {
07-02 05:35:52.622   335 11624 V NuPlayerDecoder:   int32_t generation = 1
07-02 05:35:52.622   335 11624 V NuPlayerDecoder:   int32_t input-buffers = 1
07-02 05:35:52.622   335 11624 V NuPlayerDecoder:   int32_t output-buffers = 0
07-02 05:35:52.622   335 11624 V NuPlayerDecoder: }
07-02 05:35:52.622   335 11624 V NuPlayerDecoder: [OMX.qcom.video.decoder.avc] dequeued input: 3
07-02 05:35:52.622   335 11626 V ACodec  : [OMX.qcom.video.decoder.avc] calling emptyBuffer 0xb8726be0 w/ time 24360000 us
07-02 05:35:52.622   335 11626 V ACodec  : MetaDataBuffersToSubmit=0 portMode=RESUBMIT
07-02 05:35:52.622   335 11626 V ACodec  : [OMX.qcom.video.decoder.avc] onOMXFillBufferDone 3094270512 time 24160000 us, flags = 0x00000210
07-02 05:35:52.623   335 11624 V NuPlayerDecoder: [OMX.qcom.video.decoder.avc] onMessage: AMessage(what = 'cdcN', target = 187) = {
07-02 05:35:52.623   335 11624 V NuPlayerDecoder:   int32_t generation = 1
07-02 05:35:52.623   335 11624 V NuPlayerDecoder:   int32_t input-buffers = 0
07-02 05:35:52.623   335 11624 V NuPlayerDecoder:   int32_t output-buffers = 1
07-02 05:35:52.623   335 11624 V NuPlayerDecoder: }
07-02 05:35:52.623   335 11624 V NuPlayerDecoder: [OMX.qcom.video.decoder.avc] dequeued output: 3 (time=24160000 flags=0)
07-02 05:35:52.639   335 11623 V NuPlayerRenderer: rendering audio at media time 24.30 secs
07-02 05:35:52.639   335 11627 V NuPlayerDecoder: [OMX.google.aac.decoder] onMessage: AMessage(what = 'rndr', target = 190) = {
07-02 05:35:52.639   335 11627 V NuPlayerDecoder:   size_t buffer-ix = 3
07-02 05:35:52.639   335 11627 V NuPlayerDecoder:   int32_t generation = 1
07-02 05:35:52.639   335 11627 V NuPlayerDecoder: }
07-02 05:35:52.639   335 11623 V NuPlayerRenderer: getPlayedOutAudioDurationUs(325453) nowUs(1140170119) frames(14928) framesAt(1140155666)
07-02 05:35:52.639   335 11628 V ACodec  : [OMX.google.aac.decoder] calling fillBuffer 3094042272
07-02 05:35:52.640   335 11628 V ACodec  : [OMX.google.aac.decoder] onOMXEmptyBufferDone 0xb86b5190
07-02 05:35:52.640   335 11628 V ACodec  : [OMX.google.aac.decoder] onOMXFillBufferDone 3094042272 time 24362666 us, flags = 0x00000000
07-02 05:35:52.641   335 11627 V NuPlayerDecoder: [OMX.google.aac.decoder] onMessage: AMessage(what = 'cdcN', target = 190) = {
07-02 05:35:52.641   335 11627 V NuPlayerDecoder:   int32_t generation = 1
07-02 05:35:52.641   335 11627 V NuPlayerDecoder:   int32_t input-buffers = 1
07-02 05:35:52.641   335 11627 V NuPlayerDecoder:   int32_t output-buffers = 0
07-02 05:35:52.641   335 11627 V NuPlayerDecoder: }
07-02 05:35:52.641   335 11627 V NuPlayerDecoder: [OMX.google.aac.decoder] dequeued input: 2
07-02 05:35:52.641   335 11628 V ACodec  : [OMX.google.aac.decoder] calling emptyBuffer 0xb86b5190 w/ time 24490666 us
07-02 05:35:52.641   335 11627 V NuPlayerDecoder: [OMX.google.aac.decoder] onMessage: AMessage(what = 'cdcN', target = 190) = {
07-02 05:35:52.641   335 11627 V NuPlayerDecoder:   int32_t generation = 1
07-02 05:35:52.641   335 11627 V NuPlayerDecoder:   int32_t input-buffers = 0
07-02 05:35:52.641   335 11627 V NuPlayerDecoder:   int32_t output-buffers = 1
07-02 05:35:52.641   335 11627 V NuPlayerDecoder: }
07-02 05:35:52.641   335 11627 V NuPlayerDecoder: [OMX.google.aac.decoder] dequeued output: 3 (time=24362666 flags=0)
07-02 05:35:52.654   335 11623 V NuPlayerRenderer: rendering video at media time 24.08 secs
07-02 05:35:52.654   335 11624 V NuPlayerDecoder: [OMX.qcom.video.decoder.avc] onMessage: AMessage(what = 'rndr', target = 187) = {
07-02 05:35:52.654   335 11624 V NuPlayerDecoder:   size_t buffer-ix = 5
07-02 05:35:52.654   335 11624 V NuPlayerDecoder:   int32_t generation = 1
07-02 05:35:52.654   335 11624 V NuPlayerDecoder:   int64_t timestampNs = 1140223333000
07-02 05:35:52.654   335 11624 V NuPlayerDecoder:   int32_t render = 1
07-02 05:35:52.654   335 11624 V NuPlayerDecoder: }
07-02 05:35:52.655   335 11626 V ACodec  : [OMX.qcom.video.decoder.avc] calling fillBuffer 3094270432
07-02 05:35:52.660   335 11623 V NuPlayerRenderer: rendering audio at media time 24.32 secs
07-02 05:35:52.660   335 11627 V NuPlayerDecoder: [OMX.google.aac.decoder] onMessage: AMessage(what = 'rndr', target = 190) = {
07-02 05:35:52.660   335 11627 V NuPlayerDecoder:   size_t buffer-ix = 0
07-02 05:35:52.660   335 11627 V NuPlayerDecoder:   int32_t generation = 1
07-02 05:35:52.660   335 11627 V NuPlayerDecoder: }
07-02 05:35:52.660   335 11623 V NuPlayerRenderer: getPlayedOutAudioDurationUs(345793) nowUs(1140190462) frames(15888) framesAt(1140175669)
07-02 05:35:52.660   335 11628 V ACodec  : [OMX.google.aac.decoder] calling fillBuffer 3094477456
07-02 05:35:52.661   335 11628 V ACodec  : [OMX.google.aac.decoder] onOMXEmptyBufferDone 0xb86b5290
07-02 05:35:52.661   335 11628 V ACodec  : [OMX.google.aac.decoder] onOMXFillBufferDone 3094477456 time 24384000 us, flags = 0x00000000
07-02 05:35:52.661   335 11627 V NuPlayerDecoder: [OMX.google.aac.decoder] onMessage: AMessage(what = 'cdcN', target = 190) = {
07-02 05:35:52.661   335 11627 V NuPlayerDecoder:   int32_t generation = 1
07-02 05:35:52.661   335 11627 V NuPlayerDecoder:   int32_t input-buffers = 1
07-02 05:35:52.661   335 11627 V NuPlayerDecoder:   int32_t output-buffers = 0
07-02 05:35:52.661   335 11627 V NuPlayerDecoder: }
07-02 05:35:52.661   335 11627 V NuPlayerDecoder: [OMX.google.aac.decoder] dequeued input: 3
07-02 05:35:52.661   335 11628 V ACodec  : [OMX.google.aac.decoder] calling emptyBuffer 0xb86b5290 w/ time 24512000 us
07-02 05:35:52.662   335 11627 V NuPlayerDecoder: [OMX.google.aac.decoder] onMessage: AMessage(what = 'cdcN', target = 190) = {
07-02 05:35:52.662   335 11627 V NuPlayerDecoder:   int32_t generation = 1
07-02 05:35:52.662   335 11627 V NuPlayerDecoder:   int32_t input-buffers = 0
07-02 05:35:52.662   335 11627 V NuPlayerDecoder:   int32_t output-buffers = 1
07-02 05:35:52.662   335 11627 V NuPlayerDecoder: }
07-02 05:35:52.662   335 11627 V NuPlayerDecoder: [OMX.google.aac.decoder] dequeued output: 0 (time=24384000 flags=0)
07-02 05:35:52.673   335 11626 V ACodec  : [OMX.qcom.video.decoder.avc] onOMXEmptyBufferDone 0xb8726af0
07-02 05:35:52.673   335 11624 V NuPlayerDecoder: [OMX.qcom.video.decoder.avc] onMessage: AMessage(what = 'cdcN', target = 187) = {
07-02 05:35:52.673   335 11624 V NuPlayerDecoder:   int32_t generation = 1
07-02 05:35:52.673   335 11624 V NuPlayerDecoder:   int32_t input-buffers = 1
07-02 05:35:52.673   335 11624 V NuPlayerDecoder:   int32_t output-buffers = 0
07-02 05:35:52.673   335 11624 V NuPlayerDecoder: }
07-02 05:35:52.673   335 11624 V NuPlayerDecoder: [OMX.qcom.video.decoder.avc] dequeued input: 0
07-02 05:35:52.673   335 11626 V ACodec  : [OMX.qcom.video.decoder.avc] onOMXFillBufferDone 3094270752 time 24200000 us, flags = 0x00000210
07-02 05:35:52.673   335 11626 V ACodec  : [OMX.qcom.video.decoder.avc] calling emptyBuffer 0xb8726af0 w/ time 24440000 us
07-02 05:35:52.673   335 11626 V ACodec  : MetaDataBuffersToSubmit=0 portMode=RESUBMIT
07-02 05:35:52.674   335 11624 V NuPlayerDecoder: [OMX.qcom.video.decoder.avc] onMessage: AMessage(what = 'cdcN', target = 187) = {
07-02 05:35:52.674   335 11624 V NuPlayerDecoder:   int32_t generation = 1
07-02 05:35:52.674   335 11624 V NuPlayerDecoder:   int32_t input-buffers = 0
07-02 05:35:52.674   335 11624 V NuPlayerDecoder:   int32_t output-buffers = 1
07-02 05:35:52.674   335 11624 V NuPlayerDecoder: }
07-02 05:35:52.674   335 11624 V NuPlayerDecoder: [OMX.qcom.video.decoder.avc] dequeued output: 6 (time=24200000 flags=0)
07-02 05:35:52.680   335 11627 V NuPlayerDecoder: [OMX.google.aac.decoder] onMessage: AMessage(what = 'rndr', target = 190) = {
07-02 05:35:52.680   335 11627 V NuPlayerDecoder:   size_t buffer-ix = 1
07-02 05:35:52.680   335 11627 V NuPlayerDecoder:   int32_t generation = 1
07-02 05:35:52.680   335 11627 V NuPlayerDecoder: }
07-02 05:35:52.680   335 11628 V ACodec  : [OMX.google.aac.decoder] calling fillBuffer 3094483840
07-02 05:35:52.682   335 11628 V ACodec  : [OMX.google.aac.decoder] onOMXEmptyBufferDone 0xb86f0ad8
07-02 05:35:52.682   335 11628 V ACodec  : [OMX.google.aac.decoder] onOMXFillBufferDone 3094483840 time 24405333 us, flags = 0x00000000
07-02 05:35:52.682   335 11627 V NuPlayerDecoder: [OMX.google.aac.decoder] onMessage: AMessage(what = 'cdcN', target = 190) = {
07-02 05:35:52.682   335 11627 V NuPlayerDecoder:   int32_t generation = 1
07-02 05:35:52.682   335 11627 V NuPlayerDecoder:   int32_t input-buffers = 1
07-02 05:35:52.682   335 11627 V NuPlayerDecoder:   int32_t output-buffers = 0
07-02 05:35:52.682   335 11627 V NuPlayerDecoder: }
07-02 05:35:52.682   335 11627 V NuPlayerDecoder: [OMX.google.aac.decoder] dequeued input: 0
07-02 05:35:52.682   335 11628 V ACodec  : [OMX.google.aac.decoder] calling emptyBuffer 0xb86f0ad8 w/ time 24533333 us
07-02 05:35:52.682   335 11627 V NuPlayerDecoder: [OMX.google.aac.decoder] onMessage: AMessage(what = 'cdcN', target = 190) = {
07-02 05:35:52.682   335 11627 V NuPlayerDecoder:   int32_t generation = 1
07-02 05:35:52.682   335 11627 V NuPlayerDecoder:   int32_t input-buffers = 0
07-02 05:35:52.682   335 11627 V NuPlayerDecoder:   int32_t output-buffers = 1
07-02 05:35:52.682   335 11627 V NuPlayerDecoder: }
07-02 05:35:52.683   335 11627 V NuPlayerDecoder: [OMX.google.aac.decoder] dequeued output: 1 (time=24405333 flags=0)
07-02 05:35:52.687   335 11623 V NuPlayerRenderer: rendering video at media time 24.12 secs
07-02 05:35:52.687   335 11624 V NuPlayerDecoder: [OMX.qcom.video.decoder.avc] onMessage: AMessage(what = 'rndr', target = 187) = {
07-02 05:35:52.687   335 11624 V NuPlayerDecoder:   size_t buffer-ix = 4
07-02 05:35:52.687   335 11624 V NuPlayerDecoder:   int32_t generation = 1
07-02 05:35:52.687   335 11624 V NuPlayerDecoder:   int64_t timestampNs = 1140263335000
07-02 05:35:52.687   335 11624 V NuPlayerDecoder:   int32_t render = 1
07-02 05:35:52.687   335 11624 V NuPlayerDecoder: }
07-02 05:35:52.688   335 11626 V ACodec  : [OMX.qcom.video.decoder.avc] calling fillBuffer 3094270832
07-02 05:35:52.700   335 11623 V NuPlayerRenderer: rendering audio at media time 24.34 secs
07-02 05:35:52.700   335 11623 V NuPlayerRenderer: getPlayedOutAudioDurationUs(386339) nowUs(1140231019) frames(17808) framesAt(1140215680)
07-02 05:35:52.706   335 11626 V ACodec  : [OMX.qcom.video.decoder.avc] onOMXEmptyBufferDone 0xb8726b40
07-02 05:35:52.706   335 11624 V NuPlayerDecoder: [OMX.qcom.video.decoder.avc] onMessage: AMessage(what = 'cdcN', target = 187) = {
07-02 05:35:52.706   335 11624 V NuPlayerDecoder:   int32_t generation = 1
07-02 05:35:52.706   335 11624 V NuPlayerDecoder:   int32_t input-buffers = 1
07-02 05:35:52.706   335 11624 V NuPlayerDecoder:   int32_t output-buffers = 0
07-02 05:35:52.706   335 11624 V NuPlayerDecoder: }
07-02 05:35:52.706   335 11624 V NuPlayerDecoder: [OMX.qcom.video.decoder.avc] dequeued input: 1
07-02 05:35:52.707   335 11626 V ACodec  : [OMX.qcom.video.decoder.avc] calling emptyBuffer 0xb8726b40 w/ time 24480000 us
07-02 05:35:52.707   335 11626 V ACodec  : MetaDataBuffersToSubmit=0 portMode=RESUBMIT
07-02 05:35:52.707   335 11626 V ACodec  : [OMX.qcom.video.decoder.avc] onOMXFillBufferDone 3094270912 time 24240000 us, flags = 0x00000210
07-02 05:35:52.707   335 11624 V NuPlayerDecoder: [OMX.qcom.video.decoder.avc] onMessage: AMessage(what = 'cdcN', target = 187) = {
07-02 05:35:52.707   335 11624 V NuPlayerDecoder:   int32_t generation = 1
07-02 05:35:52.707   335 11624 V NuPlayerDecoder:   int32_t input-buffers = 0
07-02 05:35:52.707   335 11624 V NuPlayerDecoder:   int32_t output-buffers = 1
07-02 05:35:52.707   335 11624 V NuPlayerDecoder: }
07-02 05:35:52.707   335 11624 V NuPlayerDecoder: [OMX.qcom.video.decoder.avc] dequeued output: 8 (time=24240000 flags=0)
07-02 05:35:52.720   335 11623 V NuPlayerRenderer: rendering audio at media time 24.36 secs
07-02 05:35:52.721   335 11627 V NuPlayerDecoder: [OMX.google.aac.decoder] onMessage: AMessage(what = 'rndr', target = 190) = {
07-02 05:35:52.721   335 11627 V NuPlayerDecoder:   size_t buffer-ix = 2
07-02 05:35:52.721   335 11627 V NuPlayerDecoder:   int32_t generation = 1
07-02 05:35:52.721   335 11627 V NuPlayerDecoder: }
07-02 05:35:52.721   335 11623 V NuPlayerRenderer: getPlayedOutAudioDurationUs(406720) nowUs(1140251391) frames(18768) framesAt(1140235671)
07-02 05:35:52.721   335 11628 V ACodec  : [OMX.google.aac.decoder] calling fillBuffer 3094041744
07-02 05:35:52.722   335 11628 V ACodec  : [OMX.google.aac.decoder] onOMXEmptyBufferDone 0xb86b50a8
07-02 05:35:52.722   335 11628 V ACodec  : [OMX.google.aac.decoder] onOMXFillBufferDone 3094041744 time 24426666 us, flags = 0x00000000
07-02 05:35:52.722   335 11627 V NuPlayerDecoder: [OMX.google.aac.decoder] onMessage: AMessage(what = 'cdcN', target = 190) = {
07-02 05:35:52.722   335 11627 V NuPlayerDecoder:   int32_t generation = 1
07-02 05:35:52.722   335 11627 V NuPlayerDecoder:   int32_t input-buffers = 1
07-02 05:35:52.722   335 11627 V NuPlayerDecoder:   int32_t output-buffers = 0
07-02 05:35:52.722   335 11627 V NuPlayerDecoder: }
07-02 05:35:52.722   335 11627 V NuPlayerDecoder: [OMX.google.aac.decoder] dequeued input: 1
07-02 05:35:52.722   335 11628 V ACodec  : [OMX.google.aac.decoder] calling emptyBuffer 0xb86b50a8 w/ time 24554666 us
07-02 05:35:52.722   335 11627 V NuPlayerDecoder: [OMX.google.aac.decoder] onMessage: AMessage(what = 'cdcN', target = 190) = {
07-02 05:35:52.722   335 11627 V NuPlayerDecoder:   int32_t generation = 1
07-02 05:35:52.722   335 11627 V NuPlayerDecoder:   int32_t input-buffers = 0
07-02 05:35:52.722   335 11627 V NuPlayerDecoder:   int32_t output-buffers = 1
07-02 05:35:52.722   335 11627 V NuPlayerDecoder: }
07-02 05:35:52.722   335 11627 V NuPlayerDecoder: [OMX.google.aac.decoder] dequeued output: 2 (time=24426666 flags=0)
07-02 05:35:52.737   335 11623 V NuPlayerRenderer: rendering video at media time 24.16 secs
07-02 05:35:52.737   335 11624 V NuPlayerDecoder: [OMX.qcom.video.decoder.avc] onMessage: AMessage(what = 'rndr', target = 187) = {
07-02 05:35:52.737   335 11624 V NuPlayerDecoder:   size_t buffer-ix = 3
07-02 05:35:52.737   335 11624 V NuPlayerDecoder:   int32_t generation = 1
07-02 05:35:52.737   335 11624 V NuPlayerDecoder:   int64_t timestampNs = 1140303338000
07-02 05:35:52.737   335 11624 V NuPlayerDecoder:   int32_t render = 1
07-02 05:35:52.737   335 11624 V NuPlayerDecoder: }
07-02 05:35:52.738   335 11626 V ACodec  : [OMX.qcom.video.decoder.avc] calling fillBuffer 3094270672
07-02 05:35:52.741   335 11623 V NuPlayerRenderer: rendering audio at media time 24.38 secs
07-02 05:35:52.741   335 11627 V NuPlayerDecoder: [OMX.google.aac.decoder] onMessage: AMessage(what = 'rndr', target = 190) = {
07-02 05:35:52.741   335 11627 V NuPlayerDecoder:   size_t buffer-ix = 3
07-02 05:35:52.741   335 11627 V NuPlayerDecoder:   int32_t generation = 1
07-02 05:35:52.741   335 11627 V NuPlayerDecoder: }
07-02 05:35:52.741   335 11623 V NuPlayerRenderer: getPlayedOutAudioDurationUs(427107) nowUs(1140271811) frames(19728) framesAt(1140255704)
07-02 05:35:52.741   335 11628 V ACodec  : [OMX.google.aac.decoder] calling fillBuffer 3094042272
07-02 05:35:52.743   335 11628 V ACodec  : [OMX.google.aac.decoder] onOMXEmptyBufferDone 0xb86b5190
07-02 05:35:52.743   335 11628 V ACodec  : [OMX.google.aac.decoder] onOMXFillBufferDone 3094042272 time 24448000 us, flags = 0x00000000
07-02 05:35:52.743   335 11627 V NuPlayerDecoder: [OMX.google.aac.decoder] onMessage: AMessage(what = 'cdcN', target = 190) = {
07-02 05:35:52.743   335 11627 V NuPlayerDecoder:   int32_t generation = 1
07-02 05:35:52.743   335 11627 V NuPlayerDecoder:   int32_t input-buffers = 1
07-02 05:35:52.743   335 11627 V NuPlayerDecoder:   int32_t output-buffers = 0
07-02 05:35:52.743   335 11627 V NuPlayerDecoder: }
07-02 05:35:52.743   335 11627 V NuPlayerDecoder: [OMX.google.aac.decoder] dequeued input: 2
07-02 05:35:52.743   335 11628 V ACodec  : [OMX.google.aac.decoder] calling emptyBuffer 0xb86b5190 w/ time 24576000 us
07-02 05:35:52.743   335 11627 V NuPlayerDecoder: [OMX.google.aac.decoder] onMessage: AMessage(what = 'cdcN', target = 190) = {
07-02 05:35:52.743   335 11627 V NuPlayerDecoder:   int32_t generation = 1
07-02 05:35:52.743   335 11627 V NuPlayerDecoder:   int32_t input-buffers = 0
07-02 05:35:52.743   335 11627 V NuPlayerDecoder:   int32_t output-buffers = 1
07-02 05:35:52.743   335 11627 V NuPlayerDecoder: }
07-02 05:35:52.744   335 11627 V NuPlayerDecoder: [OMX.google.aac.decoder] dequeued output: 3 (time=24448000 flags=0)
07-02 05:35:52.757   335 11626 V ACodec  : [OMX.qcom.video.decoder.avc] onOMXEmptyBufferDone 0xb8726b90
07-02 05:35:52.757   335 11624 V NuPlayerDecoder: [OMX.qcom.video.decoder.avc] onMessage: AMessage(what = 'cdcN', target = 187) = {
07-02 05:35:52.757   335 11624 V NuPlayerDecoder:   int32_t generation = 1
07-02 05:35:52.757   335 11624 V NuPlayerDecoder:   int32_t input-buffers = 1
07-02 05:35:52.757   335 11624 V NuPlayerDecoder:   int32_t output-buffers = 0
07-02 05:35:52.757   335 11624 V NuPlayerDecoder: }
07-02 05:35:52.757   335 11624 V NuPlayerDecoder: [OMX.qcom.video.decoder.avc] dequeued input: 2
07-02 05:35:52.757   335 11626 V ACodec  : [OMX.qcom.video.decoder.avc] calling emptyBuffer 0xb8726b90 w/ time 24520000 us
07-02 05:35:52.758   335 11626 V ACodec  : MetaDataBuffersToSubmit=0 portMode=RESUBMIT
07-02 05:35:52.759   335 11626 V ACodec  : [OMX.qcom.video.decoder.avc] onOMXFillBufferDone 3094270432 time 24280000 us, flags = 0x00000210
07-02 05:35:52.759   335 11624 V NuPlayerDecoder: [OMX.qcom.video.decoder.avc] onMessage: AMessage(what = 'cdcN', target = 187) = {
07-02 05:35:52.759   335 11624 V NuPlayerDecoder:   int32_t generation = 1
07-02 05:35:52.759   335 11624 V NuPlayerDecoder:   int32_t input-buffers = 0
07-02 05:35:52.759   335 11624 V NuPlayerDecoder:   int32_t output-buffers = 1
07-02 05:35:52.759   335 11624 V NuPlayerDecoder: }
07-02 05:35:52.760   335 11624 V NuPlayerDecoder: [OMX.qcom.video.decoder.avc] dequeued output: 2 (time=24280000 flags=0)
07-02 05:35:52.760   335 11626 V ACodec  : [OMX.qcom.video.decoder.avc] onOMXFillBufferDone 3094270672 time 24320000 us, flags = 0x00000010
07-02 05:35:52.761   335 11624 V NuPlayerDecoder: [OMX.qcom.video.decoder.avc] onMessage: AMessage(what = 'cdcN', target = 187) = {
07-02 05:35:52.761   335 11624 V NuPlayerDecoder:   int32_t generation = 1
07-02 05:35:52.761   335 11624 V NuPlayerDecoder:   int32_t input-buffers = 0
07-02 05:35:52.761   335 11624 V NuPlayerDecoder:   int32_t output-buffers = 1
07-02 05:35:52.761   335 11624 V NuPlayerDecoder: }
07-02 05:35:52.761   335 11624 V NuPlayerDecoder: [OMX.qcom.video.decoder.avc] dequeued output: 5 (time=24320000 flags=0)
07-02 05:35:52.761   335 11627 V NuPlayerDecoder: [OMX.google.aac.decoder] onMessage: AMessage(what = 'rndr', target = 190) = {
07-02 05:35:52.761   335 11627 V NuPlayerDecoder:   size_t buffer-ix = 0
07-02 05:35:52.761   335 11627 V NuPlayerDecoder:   int32_t generation = 1
07-02 05:35:52.761   335 11627 V NuPlayerDecoder: }
07-02 05:35:52.762   335 11623 V NuPlayerRenderer: rendering audio at media time 24.41 secs
07-02 05:35:52.762   335 11628 V ACodec  : [OMX.google.aac.decoder] calling fillBuffer 3094477456
07-02 05:35:52.762   335 11623 V NuPlayerRenderer: getPlayedOutAudioDurationUs(447765) nowUs(1140292470) frames(20688) framesAt(1140275705)
07-02 05:35:52.764   335 11628 V ACodec  : [OMX.google.aac.decoder] onOMXEmptyBufferDone 0xb86b5290
07-02 05:35:52.764   335 11627 V NuPlayerDecoder: [OMX.google.aac.decoder] onMessage: AMessage(what = 'cdcN', target = 190) = {
07-02 05:35:52.764   335 11627 V NuPlayerDecoder:   int32_t generation = 1
07-02 05:35:52.764   335 11627 V NuPlayerDecoder:   int32_t input-buffers = 1
07-02 05:35:52.764   335 11627 V NuPlayerDecoder:   int32_t output-buffers = 0
07-02 05:35:52.764   335 11627 V NuPlayerDecoder: }
07-02 05:35:52.764   335 11628 V ACodec  : [OMX.google.aac.decoder] onOMXFillBufferDone 3094477456 time 24469333 us, flags = 0x00000000
07-02 05:35:52.764   335 11627 V NuPlayerDecoder: [OMX.google.aac.decoder] dequeued input: 3
07-02 05:35:52.765   335 11628 V ACodec  : [OMX.google.aac.decoder] calling emptyBuffer 0xb86b5290 w/ time 24597333 us
07-02 05:35:52.765   335 11627 V NuPlayerDecoder: [OMX.google.aac.decoder] onMessage: AMessage(what = 'cdcN', target = 190) = {
07-02 05:35:52.765   335 11627 V NuPlayerDecoder:   int32_t generation = 1
07-02 05:35:52.765   335 11627 V NuPlayerDecoder:   int32_t input-buffers = 0
07-02 05:35:52.765   335 11627 V NuPlayerDecoder:   int32_t output-buffers = 1
07-02 05:35:52.765   335 11627 V NuPlayerDecoder: }
07-02 05:35:52.765   335 11627 V NuPlayerDecoder: [OMX.google.aac.decoder] dequeued output: 0 (time=24469333 flags=0)
07-02 05:35:52.770   335 11623 V NuPlayerRenderer: rendering video at media time 24.20 secs
07-02 05:35:52.771   335 11624 V NuPlayerDecoder: [OMX.qcom.video.decoder.avc] onMessage: AMessage(what = 'rndr', target = 187) = {
07-02 05:35:52.771   335 11624 V NuPlayerDecoder:   size_t buffer-ix = 6
07-02 05:35:52.771   335 11624 V NuPlayerDecoder:   int32_t generation = 1
07-02 05:35:52.771   335 11624 V NuPlayerDecoder:   int64_t timestampNs = 1140343372000
07-02 05:35:52.771   335 11624 V NuPlayerDecoder:   int32_t render = 1
07-02 05:35:52.771   335 11624 V NuPlayerDecoder: }
07-02 05:35:52.772   335 11626 V ACodec  : [OMX.qcom.video.decoder.avc] calling fillBuffer 3094270592
07-02 05:35:52.782   335 11623 V NuPlayerRenderer: rendering audio at media time 24.43 secs
07-02 05:35:52.782   335 11623 V NuPlayerRenderer: getPlayedOutAudioDurationUs(468326) nowUs(1140313083) frames(21648) framesAt(1140295757)
07-02 05:35:52.782   335 11627 V NuPlayerDecoder: [OMX.google.aac.decoder] onMessage: AMessage(what = 'rndr', target = 190) = {
07-02 05:35:52.782   335 11627 V NuPlayerDecoder:   size_t buffer-ix = 1
07-02 05:35:52.782   335 11627 V NuPlayerDecoder:   int32_t generation = 1
07-02 05:35:52.782   335 11627 V NuPlayerDecoder: }
07-02 05:35:52.783   335 11628 V ACodec  : [OMX.google.aac.decoder] calling fillBuffer 3094483840
07-02 05:35:52.784   335 11628 V ACodec  : [OMX.google.aac.decoder] onOMXEmptyBufferDone 0xb86f0ad8
07-02 05:35:52.785   335 11628 V ACodec  : [OMX.google.aac.decoder] onOMXFillBufferDone 3094483840 time 24490666 us, flags = 0x00000000
07-02 05:35:52.785   335 11627 V NuPlayerDecoder: [OMX.google.aac.decoder] onMessage: AMessage(what = 'cdcN', target = 190) = {
07-02 05:35:52.785   335 11627 V NuPlayerDecoder:   int32_t generation = 1
07-02 05:35:52.785   335 11627 V NuPlayerDecoder:   int32_t input-buffers = 1
07-02 05:35:52.785   335 11627 V NuPlayerDecoder:   int32_t output-buffers = 0
07-02 05:35:52.785   335 11627 V NuPlayerDecoder: }
07-02 05:35:52.785   335 11627 V NuPlayerDecoder: [OMX.google.aac.decoder] dequeued input: 0
07-02 05:35:52.785   335 11628 V ACodec  : [OMX.google.aac.decoder] calling emptyBuffer 0xb86f0ad8 w/ time 24618666 us
07-02 05:35:52.785   335 11627 V NuPlayerDecoder: [OMX.google.aac.decoder] onMessage: AMessage(what = 'cdcN', target = 190) = {
07-02 05:35:52.785   335 11627 V NuPlayerDecoder:   int32_t generation = 1
07-02 05:35:52.785   335 11627 V NuPlayerDecoder:   int32_t input-buffers = 0
07-02 05:35:52.785   335 11627 V NuPlayerDecoder:   int32_t output-buffers = 1
07-02 05:35:52.785   335 11627 V NuPlayerDecoder: }
07-02 05:35:52.786   335 11627 V NuPlayerDecoder: [OMX.google.aac.decoder] dequeued output: 1 (time=24490666 flags=0)
07-02 05:35:52.791   335 11626 V ACodec  : [OMX.qcom.video.decoder.avc] onOMXEmptyBufferDone 0xb8726be0
07-02 05:35:52.791   335 11624 V NuPlayerDecoder: [OMX.qcom.video.decoder.avc] onMessage: AMessage(what = 'cdcN', target = 187) = {
07-02 05:35:52.791   335 11624 V NuPlayerDecoder:   int32_t generation = 1
07-02 05:35:52.791   335 11624 V NuPlayerDecoder:   int32_t input-buffers = 1
07-02 05:35:52.791   335 11624 V NuPlayerDecoder:   int32_t output-buffers = 0
07-02 05:35:52.791   335 11624 V NuPlayerDecoder: }
07-02 05:35:52.791   335 11624 V NuPlayerDecoder: [OMX.qcom.video.decoder.avc] dequeued input: 3
07-02 05:35:52.792   335 11626 V ACodec  : [OMX.qcom.video.decoder.avc] calling emptyBuffer 0xb8726be0 w/ time 24560000 us
07-02 05:35:52.792   335 11626 V ACodec  : MetaDataBuffersToSubmit=0 portMode=RESUBMIT
07-02 05:35:52.793   335 11626 V ACodec  : [OMX.qcom.video.decoder.avc] onOMXFillBufferDone 3094270592 time 24360000 us, flags = 0x00000010
07-02 05:35:52.793   335 11624 V NuPlayerDecoder: [OMX.qcom.video.decoder.avc] onMessage: AMessage(what = 'cdcN', target = 187) = {
07-02 05:35:52.793   335 11624 V NuPlayerDecoder:   int32_t generation = 1
07-02 05:35:52.793   335 11624 V NuPlayerDecoder:   int32_t input-buffers = 0
07-02 05:35:52.793   335 11624 V NuPlayerDecoder:   int32_t output-buffers = 1
07-02 05:35:52.793   335 11624 V NuPlayerDecoder: }
07-02 05:35:52.794   335 11624 V NuPlayerDecoder: [OMX.qcom.video.decoder.avc] dequeued output: 4 (time=24360000 flags=0)
07-02 05:35:52.803   335 11623 V NuPlayerRenderer: rendering audio at media time 24.45 secs
07-02 05:35:52.803   335 11623 V NuPlayerRenderer: getPlayedOutAudioDurationUs(488722) nowUs(1140333549) frames(22608) framesAt(1140315827)
07-02 05:35:52.803   335 11627 V NuPlayerDecoder: [OMX.google.aac.decoder] onMessage: AMessage(what = 'rndr', target = 190) = {
07-02 05:35:52.803   335 11627 V NuPlayerDecoder:   size_t buffer-ix = 2
07-02 05:35:52.803   335 11627 V NuPlayerDecoder:   int32_t generation = 1
07-02 05:35:52.803   335 11627 V NuPlayerDecoder: }
07-02 05:35:52.803   335 11628 V ACodec  : [OMX.google.aac.decoder] calling fillBuffer 3094041744
07-02 05:35:52.804   335 11623 V NuPlayerRenderer: rendering video at media time 24.24 secs
07-02 05:35:52.804   335 11624 V NuPlayerDecoder: [OMX.qcom.video.decoder.avc] onMessage: AMessage(what = 'rndr', target = 187) = {
07-02 05:35:52.804   335 11624 V NuPlayerDecoder:   size_t buffer-ix = 8
07-02 05:35:52.804   335 11624 V NuPlayerDecoder:   int32_t generation = 1
07-02 05:35:52.804   335 11624 V NuPlayerDecoder:   int64_t timestampNs = 1140383493000
07-02 05:35:52.804   335 11624 V NuPlayerDecoder:   int32_t render = 1
07-02 05:35:52.804   335 11624 V NuPlayerDecoder: }
07-02 05:35:52.806   335 11626 V ACodec  : [OMX.qcom.video.decoder.avc] calling fillBuffer 3094270512
07-02 05:35:52.806   335 11628 V ACodec  : [OMX.google.aac.decoder] onOMXEmptyBufferDone 0xb86b50a8
07-02 05:35:52.806   335 11627 V NuPlayerDecoder: [OMX.google.aac.decoder] onMessage: AMessage(what = 'cdcN', target = 190) = {
07-02 05:35:52.806   335 11627 V NuPlayerDecoder:   int32_t generation = 1
07-02 05:35:52.806   335 11627 V NuPlayerDecoder:   int32_t input-buffers = 1
07-02 05:35:52.806   335 11627 V NuPlayerDecoder:   int32_t output-buffers = 0
07-02 05:35:52.806   335 11627 V NuPlayerDecoder: }
07-02 05:35:52.806   335 11627 V NuPlayerDecoder: [OMX.google.aac.decoder] dequeued input: 1
07-02 05:35:52.806   335 11628 V ACodec  : [OMX.google.aac.decoder] calling emptyBuffer 0xb86b50a8 w/ time 24640000 us
07-02 05:35:52.807   335 11628 V ACodec  : [OMX.google.aac.decoder] onOMXFillBufferDone 3094041744 time 24512000 us, flags = 0x00000000
07-02 05:35:52.807   335 11627 V NuPlayerDecoder: [OMX.google.aac.decoder] onMessage: AMessage(what = 'cdcN', target = 190) = {
07-02 05:35:52.807   335 11627 V NuPlayerDecoder:   int32_t generation = 1
07-02 05:35:52.807   335 11627 V NuPlayerDecoder:   int32_t input-buffers = 0
07-02 05:35:52.807   335 11627 V NuPlayerDecoder:   int32_t output-buffers = 1
07-02 05:35:52.807   335 11627 V NuPlayerDecoder: }
07-02 05:35:52.807   335 11627 V NuPlayerDecoder: [OMX.google.aac.decoder] dequeued output: 2 (time=24512000 flags=0)
07-02 05:35:52.823   335 11626 V ACodec  : [OMX.qcom.video.decoder.avc] onOMXEmptyBufferDone 0xb8726af0
07-02 05:35:52.823   335 11623 V NuPlayerRenderer: rendering audio at media time 24.47 secs
07-02 05:35:52.823   335 11623 V NuPlayerRenderer: getPlayedOutAudioDurationUs(509251) nowUs(1140353976) frames(23568) framesAt(1140335725)
07-02 05:35:52.823   335 11624 V NuPlayerDecoder: [OMX.qcom.video.decoder.avc] onMessage: AMessage(what = 'cdcN', target = 187) = {
07-02 05:35:52.823   335 11624 V NuPlayerDecoder:   int32_t generation = 1
07-02 05:35:52.823   335 11624 V NuPlayerDecoder:   int32_t input-buffers = 1
07-02 05:35:52.823   335 11624 V NuPlayerDecoder:   int32_t output-buffers = 0
07-02 05:35:52.823   335 11624 V NuPlayerDecoder: }
07-02 05:35:52.823   335 11627 V NuPlayerDecoder: [OMX.google.aac.decoder] onMessage: AMessage(what = 'rndr', target = 190) = {
07-02 05:35:52.823   335 11627 V NuPlayerDecoder:   size_t buffer-ix = 3
07-02 05:35:52.823   335 11627 V NuPlayerDecoder:   int32_t generation = 1
07-02 05:35:52.823   335 11627 V NuPlayerDecoder: }
07-02 05:35:52.823   335 11624 V NuPlayerDecoder: [OMX.qcom.video.decoder.avc] dequeued input: 0
07-02 05:35:52.824   335 11628 V ACodec  : [OMX.google.aac.decoder] calling fillBuffer 3094042272
07-02 05:35:52.825   335 11626 V ACodec  : [OMX.qcom.video.decoder.avc] calling emptyBuffer 0xb8726af0 w/ time 24600000 us
07-02 05:35:52.825   335 11626 V ACodec  : MetaDataBuffersToSubmit=0 portMode=RESUBMIT
07-02 05:35:52.826   335 11628 V ACodec  : [OMX.google.aac.decoder] onOMXEmptyBufferDone 0xb86b5190
07-02 05:35:52.827   335 11628 V ACodec  : [OMX.google.aac.decoder] onOMXFillBufferDone 3094042272 time 24533333 us, flags = 0x00000000
07-02 05:35:52.827   335 11627 V NuPlayerDecoder: [OMX.google.aac.decoder] onMessage: AMessage(what = 'cdcN', target = 190) = {
07-02 05:35:52.827   335 11627 V NuPlayerDecoder:   int32_t generation = 1
07-02 05:35:52.827   335 11627 V NuPlayerDecoder:   int32_t input-buffers = 1
07-02 05:35:52.827   335 11627 V NuPlayerDecoder:   int32_t output-buffers = 0
07-02 05:35:52.827   335 11627 V NuPlayerDecoder: }
07-02 05:35:52.827   335 11627 V NuPlayerDecoder: [OMX.google.aac.decoder] dequeued input: 2
07-02 05:35:52.827   335 11628 V ACodec  : [OMX.google.aac.decoder] calling emptyBuffer 0xb86b5190 w/ time 24661333 us
07-02 05:35:52.827   335 11627 V NuPlayerDecoder: [OMX.google.aac.decoder] onMessage: AMessage(what = 'cdcN', target = 190) = {
07-02 05:35:52.827   335 11627 V NuPlayerDecoder:   int32_t generation = 1
07-02 05:35:52.827   335 11627 V NuPlayerDecoder:   int32_t input-buffers = 0
07-02 05:35:52.827   335 11627 V NuPlayerDecoder:   int32_t output-buffers = 1
07-02 05:35:52.827   335 11627 V NuPlayerDecoder: }
07-02 05:35:52.827   335 11627 V NuPlayerDecoder: [OMX.google.aac.decoder] dequeued output: 3 (time=24533333 flags=0)
07-02 05:35:52.843   335 11623 V NuPlayerRenderer: rendering audio at media time 24.49 secs
07-02 05:35:52.843   335 11623 V NuPlayerRenderer: getPlayedOutAudioDurationUs(529253) nowUs(1140374303) frames(24528) framesAt(1140356050)
07-02 05:35:52.844   335 11627 V NuPlayerDecoder: [OMX.google.aac.decoder] onMessage: AMessage(what = 'rndr', target = 190) = {
07-02 05:35:52.844   335 11627 V NuPlayerDecoder:   size_t buffer-ix = 0
07-02 05:35:52.844   335 11627 V NuPlayerDecoder:   int32_t generation = 1
07-02 05:35:52.844   335 11627 V NuPlayerDecoder: }
07-02 05:35:52.844   335 11628 V ACodec  : [OMX.google.aac.decoder] calling fillBuffer 3094477456
07-02 05:35:52.845   335 11628 V ACodec  : [OMX.google.aac.decoder] onOMXEmptyBufferDone 0xb86b5290
07-02 05:35:52.845   335 11628 V ACodec  : [OMX.google.aac.decoder] onOMXFillBufferDone 3094477456 time 24554666 us, flags = 0x00000000
07-02 05:35:52.845   335 11627 V NuPlayerDecoder: [OMX.google.aac.decoder] onMessage: AMessage(what = 'cdcN', target = 190) = {
07-02 05:35:52.845   335 11627 V NuPlayerDecoder:   int32_t generation = 1
07-02 05:35:52.845   335 11627 V NuPlayerDecoder:   int32_t input-buffers = 1
07-02 05:35:52.845   335 11627 V NuPlayerDecoder:   int32_t output-buffers = 0
07-02 05:35:52.845   335 11627 V NuPlayerDecoder: }
07-02 05:35:52.845   335 11627 V NuPlayerDecoder: [OMX.google.aac.decoder] dequeued input: 3
07-02 05:35:52.845   335 11628 V ACodec  : [OMX.google.aac.decoder] calling emptyBuffer 0xb86b5290 w/ time 24682666 us
07-02 05:35:52.845   335 11627 V NuPlayerDecoder: [OMX.google.aac.decoder] onMessage: AMessage(what = 'cdcN', target = 190) = {
07-02 05:35:52.845   335 11627 V NuPlayerDecoder:   int32_t generation = 1
07-02 05:35:52.845   335 11627 V NuPlayerDecoder:   int32_t input-buffers = 0
07-02 05:35:52.845   335 11627 V NuPlayerDecoder:   int32_t output-buffers = 1
07-02 05:35:52.845   335 11627 V NuPlayerDecoder: }
07-02 05:35:52.845   335 11627 V NuPlayerDecoder: [OMX.google.aac.decoder] dequeued output: 0 (time=24554666 flags=0)
07-02 05:35:52.854   335 11623 V NuPlayerRenderer: rendering video at media time 24.28 secs
07-02 05:35:52.854   335 11624 V NuPlayerDecoder: [OMX.qcom.video.decoder.avc] onMessage: AMessage(what = 'rndr', target = 187) = {
07-02 05:35:52.854   335 11624 V NuPlayerDecoder:   size_t buffer-ix = 2
07-02 05:35:52.854   335 11624 V NuPlayerDecoder:   int32_t generation = 1
07-02 05:35:52.854   335 11624 V NuPlayerDecoder:   int64_t timestampNs = 1140423717000
07-02 05:35:52.854   335 11624 V NuPlayerDecoder:   int32_t render = 1
07-02 05:35:52.854   335 11624 V NuPlayerDecoder: }
07-02 05:35:52.854   335 11626 V ACodec  : [OMX.qcom.video.decoder.avc] calling fillBuffer 3094270752
07-02 05:35:52.864   335 11623 V NuPlayerRenderer: rendering audio at media time 24.51 secs
07-02 05:35:52.864   335 11623 V NuPlayerRenderer: getPlayedOutAudioDurationUs(549919) nowUs(1140394587) frames(25488) framesAt(1140375668)
07-02 05:35:52.864   335 11627 V NuPlayerDecoder: [OMX.google.aac.decoder] onMessage: AMessage(what = 'rndr', target = 190) = {
07-02 05:35:52.864   335 11627 V NuPlayerDecoder:   size_t buffer-ix = 1
07-02 05:35:52.864   335 11627 V NuPlayerDecoder:   int32_t generation = 1
07-02 05:35:52.864   335 11627 V NuPlayerDecoder: }
07-02 05:35:52.864   335 11628 V ACodec  : [OMX.google.aac.decoder] calling fillBuffer 3094483840
07-02 05:35:52.865   335 11628 V ACodec  : [OMX.google.aac.decoder] onOMXEmptyBufferDone 0xb86f0ad8
07-02 05:35:52.865   335 11628 V ACodec  : [OMX.google.aac.decoder] onOMXFillBufferDone 3094483840 time 24576000 us, flags = 0x00000000
07-02 05:35:52.865   335 11627 V NuPlayerDecoder: [OMX.google.aac.decoder] onMessage: AMessage(what = 'cdcN', target = 190) = {
07-02 05:35:52.865   335 11627 V NuPlayerDecoder:   int32_t generation = 1
07-02 05:35:52.865   335 11627 V NuPlayerDecoder:   int32_t input-buffers = 1
07-02 05:35:52.865   335 11627 V NuPlayerDecoder:   int32_t output-buffers = 0
