07-02 05:35:53.519   335 11627 V NuPlayerDecoder:   int32_t input-buffers = 1
07-02 05:35:53.519   335 11627 V NuPlayerDecoder:   int32_t output-buffers = 0
07-02 05:35:53.519   335 11627 V NuPlayerDecoder: }
07-02 05:35:53.520   335 11627 V NuPlayerDecoder: [OMX.google.aac.decoder] dequeued input: 3
07-02 05:35:53.520   335 11628 V ACodec  : [OMX.google.aac.decoder] onOMXFillBufferDone 3094477456 time 25237333 us, flags = 0x00000000
07-02 05:35:53.520   335 11628 V ACodec  : [OMX.google.aac.decoder] calling emptyBuffer 0xb86b5290 w/ time 25365333 us
07-02 05:35:53.520   335 11627 V NuPlayerDecoder: [OMX.google.aac.decoder] onMessage: AMessage(what = 'cdcN', target = 190) = {
07-02 05:35:53.520   335 11627 V NuPlayerDecoder:   int32_t generation = 1
07-02 05:35:53.520   335 11627 V NuPlayerDecoder:   int32_t input-buffers = 0
07-02 05:35:53.520   335 11627 V NuPlayerDecoder:   int32_t output-buffers = 1
07-02 05:35:53.520   335 11627 V NuPlayerDecoder: }
07-02 05:35:53.520   335 11627 V NuPlayerDecoder: [OMX.google.aac.decoder] dequeued output: 0 (time=25237333 flags=0)
07-02 05:35:53.536   335 11623 V NuPlayerRenderer: rendering video at media time 24.96 secs
07-02 05:35:53.536   335 11624 V NuPlayerDecoder: [OMX.qcom.video.decoder.avc] onMessage: AMessage(what = 'rndr', target = 187) = {
07-02 05:35:53.536   335 11624 V NuPlayerDecoder:   size_t buffer-ix = 4
07-02 05:35:53.536   335 11624 V NuPlayerDecoder:   int32_t generation = 1
07-02 05:35:53.536   335 11624 V NuPlayerDecoder:   int64_t timestampNs = 1141103346000
07-02 05:35:53.536   335 11624 V NuPlayerDecoder:   int32_t render = 1
07-02 05:35:53.536   335 11624 V NuPlayerDecoder: }
07-02 05:35:53.537   335 11626 V ACodec  : [OMX.qcom.video.decoder.avc] calling fillBuffer 3094270352
07-02 05:35:53.539   335 11627 V NuPlayerDecoder: [OMX.google.aac.decoder] onMessage: AMessage(what = 'rndr', target = 190) = {
07-02 05:35:53.539   335 11627 V NuPlayerDecoder:   size_t buffer-ix = 1
07-02 05:35:53.539   335 11627 V NuPlayerDecoder:   int32_t generation = 1
07-02 05:35:53.539   335 11627 V NuPlayerDecoder: }
07-02 05:35:53.539   335 11623 V NuPlayerRenderer: rendering audio at media time 25.19 secs
07-02 05:35:53.539   335 11623 V NuPlayerRenderer: getPlayedOutAudioDurationUs(1224899) nowUs(1141069604) frames(58128) framesAt(1141055705)
07-02 05:35:53.539   335 11628 V ACodec  : [OMX.google.aac.decoder] calling fillBuffer 3094483840
07-02 05:35:53.540   335 11628 V ACodec  : [OMX.google.aac.decoder] onOMXEmptyBufferDone 0xb86f0ad8
07-02 05:35:53.540   335 11627 V NuPlayerDecoder: [OMX.google.aac.decoder] onMessage: AMessage(what = 'cdcN', target = 190) = {
07-02 05:35:53.540   335 11627 V NuPlayerDecoder:   int32_t generation = 1
07-02 05:35:53.540   335 11627 V NuPlayerDecoder:   int32_t input-buffers = 1
07-02 05:35:53.540   335 11627 V NuPlayerDecoder:   int32_t output-buffers = 0
07-02 05:35:53.540   335 11627 V NuPlayerDecoder: }
07-02 05:35:53.540   335 11627 V NuPlayerDecoder: [OMX.google.aac.decoder] dequeued input: 0
07-02 05:35:53.540   335 11628 V ACodec  : [OMX.google.aac.decoder] onOMXFillBufferDone 3094483840 time 25258666 us, flags = 0x00000000
07-02 05:35:53.540   335 11628 V ACodec  : [OMX.google.aac.decoder] calling emptyBuffer 0xb86f0ad8 w/ time 25386666 us
07-02 05:35:53.540   335 11627 V NuPlayerDecoder: [OMX.google.aac.decoder] onMessage: AMessage(what = 'cdcN', target = 190) = {
07-02 05:35:53.540   335 11627 V NuPlayerDecoder:   int32_t generation = 1
07-02 05:35:53.540   335 11627 V NuPlayerDecoder:   int32_t input-buffers = 0
07-02 05:35:53.540   335 11627 V NuPlayerDecoder:   int32_t output-buffers = 1
07-02 05:35:53.540   335 11627 V NuPlayerDecoder: }
07-02 05:35:53.540   335 11627 V NuPlayerDecoder: [OMX.google.aac.decoder] dequeued output: 1 (time=25258666 flags=0)
07-02 05:35:53.554   335 11626 V ACodec  : [OMX.qcom.video.decoder.avc] onOMXEmptyBufferDone 0xb8726b90
07-02 05:35:53.554   335 11624 V NuPlayerDecoder: [OMX.qcom.video.decoder.avc] onMessage: AMessage(what = 'cdcN', target = 187) = {
07-02 05:35:53.554   335 11624 V NuPlayerDecoder:   int32_t generation = 1
07-02 05:35:53.554   335 11624 V NuPlayerDecoder:   int32_t input-buffers = 1
07-02 05:35:53.554   335 11624 V NuPlayerDecoder:   int32_t output-buffers = 0
07-02 05:35:53.554   335 11624 V NuPlayerDecoder: }
07-02 05:35:53.554   335 11624 V NuPlayerDecoder: [OMX.qcom.video.decoder.avc] dequeued input: 2
07-02 05:35:53.554   335 11626 V ACodec  : [OMX.qcom.video.decoder.avc] calling emptyBuffer 0xb8726b90 w/ time 25320000 us
07-02 05:35:53.554   335 11626 V ACodec  : MetaDataBuffersToSubmit=0 portMode=RESUBMIT
07-02 05:35:53.554   335 11626 V ACodec  : [OMX.qcom.video.decoder.avc] onOMXFillBufferDone 3094270752 time 25080000 us, flags = 0x00000210
07-02 05:35:53.555   335 11624 V NuPlayerDecoder: [OMX.qcom.video.decoder.avc] onMessage: AMessage(what = 'cdcN', target = 187) = {
07-02 05:35:53.555   335 11624 V NuPlayerDecoder:   int32_t generation = 1
07-02 05:35:53.555   335 11624 V NuPlayerDecoder:   int32_t input-buffers = 0
07-02 05:35:53.555   335 11624 V NuPlayerDecoder:   int32_t output-buffers = 1
07-02 05:35:53.555   335 11624 V NuPlayerDecoder: }
07-02 05:35:53.555   335 11624 V NuPlayerDecoder: [OMX.qcom.video.decoder.avc] dequeued output: 6 (time=25080000 flags=0)
07-02 05:35:53.559   335 11623 V NuPlayerRenderer: rendering audio at media time 25.22 secs
07-02 05:35:53.559   335 11627 V NuPlayerDecoder: [OMX.google.aac.decoder] onMessage: AMessage(what = 'rndr', target = 190) = {
07-02 05:35:53.559   335 11627 V NuPlayerDecoder:   size_t buffer-ix = 2
07-02 05:35:53.559   335 11627 V NuPlayerDecoder:   int32_t generation = 1
07-02 05:35:53.559   335 11627 V NuPlayerDecoder: }
07-02 05:35:53.559   335 11623 V NuPlayerRenderer: getPlayedOutAudioDurationUs(1245218) nowUs(1141089892) frames(59088) framesAt(1141075674)
07-02 05:35:53.559   335 11628 V ACodec  : [OMX.google.aac.decoder] calling fillBuffer 3094041744
07-02 05:35:53.560   335 11628 V ACodec  : [OMX.google.aac.decoder] onOMXEmptyBufferDone 0xb86b50a8
07-02 05:35:53.560   335 11628 V ACodec  : [OMX.google.aac.decoder] onOMXFillBufferDone 3094041744 time 25280000 us, flags = 0x00000000
07-02 05:35:53.560   335 11627 V NuPlayerDecoder: [OMX.google.aac.decoder] onMessage: AMessage(what = 'cdcN', target = 190) = {
07-02 05:35:53.560   335 11627 V NuPlayerDecoder:   int32_t generation = 1
07-02 05:35:53.560   335 11627 V NuPlayerDecoder:   int32_t input-buffers = 1
07-02 05:35:53.560   335 11627 V NuPlayerDecoder:   int32_t output-buffers = 0
07-02 05:35:53.560   335 11627 V NuPlayerDecoder: }
07-02 05:35:53.560   335 11627 V NuPlayerDecoder: [OMX.google.aac.decoder] dequeued input: 1
07-02 05:35:53.560   335 11628 V ACodec  : [OMX.google.aac.decoder] calling emptyBuffer 0xb86b50a8 w/ time 25408000 us
07-02 05:35:53.561   335 11627 V NuPlayerDecoder: [OMX.google.aac.decoder] onMessage: AMessage(what = 'cdcN', target = 190) = {
07-02 05:35:53.561   335 11627 V NuPlayerDecoder:   int32_t generation = 1
07-02 05:35:53.561   335 11627 V NuPlayerDecoder:   int32_t input-buffers = 0
07-02 05:35:53.561   335 11627 V NuPlayerDecoder:   int32_t output-buffers = 1
07-02 05:35:53.561   335 11627 V NuPlayerDecoder: }
07-02 05:35:53.561   335 11627 V NuPlayerDecoder: [OMX.google.aac.decoder] dequeued output: 2 (time=25280000 flags=0)
07-02 05:35:53.569   335 11623 V NuPlayerRenderer: rendering video at media time 25.00 secs
07-02 05:35:53.569   335 11624 V NuPlayerDecoder: [OMX.qcom.video.decoder.avc] onMessage: AMessage(what = 'rndr', target = 187) = {
07-02 05:35:53.569   335 11624 V NuPlayerDecoder:   size_t buffer-ix = 7
07-02 05:35:53.569   335 11624 V NuPlayerDecoder:   int32_t generation = 1
07-02 05:35:53.569   335 11624 V NuPlayerDecoder:   int64_t timestampNs = 1141143340000
07-02 05:35:53.569   335 11624 V NuPlayerDecoder:   int32_t render = 1
07-02 05:35:53.569   335 11624 V NuPlayerDecoder: }
07-02 05:35:53.570   335 11626 V ACodec  : [OMX.qcom.video.decoder.avc] calling fillBuffer 3094270432
07-02 05:35:53.579   335 11623 V NuPlayerRenderer: rendering audio at media time 25.24 secs
07-02 05:35:53.579   335 11627 V NuPlayerDecoder: [OMX.google.aac.decoder] onMessage: AMessage(what = 'rndr', target = 190) = {
07-02 05:35:53.579   335 11627 V NuPlayerDecoder:   size_t buffer-ix = 3
07-02 05:35:53.579   335 11627 V NuPlayerDecoder:   int32_t generation = 1
07-02 05:35:53.579   335 11627 V NuPlayerDecoder: }
07-02 05:35:53.579   335 11623 V NuPlayerRenderer: getPlayedOutAudioDurationUs(1265525) nowUs(1141110195) frames(60048) framesAt(1141095670)
07-02 05:35:53.579   335 11628 V ACodec  : [OMX.google.aac.decoder] calling fillBuffer 3094042272
07-02 05:35:53.580   335 11628 V ACodec  : [OMX.google.aac.decoder] onOMXEmptyBufferDone 0xb86b5190
07-02 05:35:53.580   335 11628 V ACodec  : [OMX.google.aac.decoder] onOMXFillBufferDone 3094042272 time 25301333 us, flags = 0x00000000
07-02 05:35:53.580   335 11627 V NuPlayerDecoder: [OMX.google.aac.decoder] onMessage: AMessage(what = 'cdcN', target = 190) = {
07-02 05:35:53.580   335 11627 V NuPlayerDecoder:   int32_t generation = 1
07-02 05:35:53.580   335 11627 V NuPlayerDecoder:   int32_t input-buffers = 1
07-02 05:35:53.580   335 11627 V NuPlayerDecoder:   int32_t output-buffers = 0
07-02 05:35:53.580   335 11627 V NuPlayerDecoder: }
07-02 05:35:53.581   335 11627 V NuPlayerDecoder: [OMX.google.aac.decoder] dequeued input: 2
07-02 05:35:53.581   335 11628 V ACodec  : [OMX.google.aac.decoder] calling emptyBuffer 0xb86b5190 w/ time 25429333 us
07-02 05:35:53.581   335 11627 V NuPlayerDecoder: [OMX.google.aac.decoder] onMessage: AMessage(what = 'cdcN', target = 190) = {
07-02 05:35:53.581   335 11627 V NuPlayerDecoder:   int32_t generation = 1
07-02 05:35:53.581   335 11627 V NuPlayerDecoder:   int32_t input-buffers = 0
07-02 05:35:53.581   335 11627 V NuPlayerDecoder:   int32_t output-buffers = 1
07-02 05:35:53.581   335 11627 V NuPlayerDecoder: }
07-02 05:35:53.581   335 11627 V NuPlayerDecoder: [OMX.google.aac.decoder] dequeued output: 3 (time=25301333 flags=0)
07-02 05:35:53.587   335 11626 V ACodec  : [OMX.qcom.video.decoder.avc] onOMXEmptyBufferDone 0xb8726be0
07-02 05:35:53.587   335 11624 V NuPlayerDecoder: [OMX.qcom.video.decoder.avc] onMessage: AMessage(what = 'cdcN', target = 187) = {
07-02 05:35:53.587   335 11624 V NuPlayerDecoder:   int32_t generation = 1
07-02 05:35:53.587   335 11624 V NuPlayerDecoder:   int32_t input-buffers = 1
07-02 05:35:53.587   335 11624 V NuPlayerDecoder:   int32_t output-buffers = 0
07-02 05:35:53.587   335 11624 V NuPlayerDecoder: }
07-02 05:35:53.587   335 11624 V NuPlayerDecoder: [OMX.qcom.video.decoder.avc] dequeued input: 3
07-02 05:35:53.587   335 11626 V ACodec  : [OMX.qcom.video.decoder.avc] calling emptyBuffer 0xb8726be0 w/ time 25360000 us
07-02 05:35:53.587   335 11626 V ACodec  : MetaDataBuffersToSubmit=0 portMode=RESUBMIT
07-02 05:35:53.588   335 11626 V ACodec  : [OMX.qcom.video.decoder.avc] onOMXFillBufferDone 3094270912 time 25120000 us, flags = 0x00000210
07-02 05:35:53.588   335 11624 V NuPlayerDecoder: [OMX.qcom.video.decoder.avc] onMessage: AMessage(what = 'cdcN', target = 187) = {
07-02 05:35:53.588   335 11624 V NuPlayerDecoder:   int32_t generation = 1
07-02 05:35:53.588   335 11624 V NuPlayerDecoder:   int32_t input-buffers = 0
07-02 05:35:53.588   335 11624 V NuPlayerDecoder:   int32_t output-buffers = 1
07-02 05:35:53.588   335 11624 V NuPlayerDecoder: }
07-02 05:35:53.588   335 11624 V NuPlayerDecoder: [OMX.qcom.video.decoder.avc] dequeued output: 8 (time=25120000 flags=0)
07-02 05:35:53.600   335 11623 V NuPlayerRenderer: rendering audio at media time 25.26 secs
07-02 05:35:53.600   335 11627 V NuPlayerDecoder: [OMX.google.aac.decoder] onMessage: AMessage(what = 'rndr', target = 190) = {
07-02 05:35:53.600   335 11627 V NuPlayerDecoder:   size_t buffer-ix = 0
07-02 05:35:53.600   335 11627 V NuPlayerDecoder:   int32_t generation = 1
07-02 05:35:53.600   335 11627 V NuPlayerDecoder: }
07-02 05:35:53.600   335 11623 V NuPlayerRenderer: getPlayedOutAudioDurationUs(1285690) nowUs(1141130486) frames(61008) framesAt(1141115796)
07-02 05:35:53.600   335 11628 V ACodec  : [OMX.google.aac.decoder] calling fillBuffer 3094477456
07-02 05:35:53.601   335 11628 V ACodec  : [OMX.google.aac.decoder] onOMXEmptyBufferDone 0xb86b5290
07-02 05:35:53.601   335 11628 V ACodec  : [OMX.google.aac.decoder] onOMXFillBufferDone 3094477456 time 25322666 us, flags = 0x00000000
07-02 05:35:53.601   335 11627 V NuPlayerDecoder: [OMX.google.aac.decoder] onMessage: AMessage(what = 'cdcN', target = 190) = {
07-02 05:35:53.601   335 11627 V NuPlayerDecoder:   int32_t generation = 1
07-02 05:35:53.601   335 11627 V NuPlayerDecoder:   int32_t input-buffers = 1
07-02 05:35:53.601   335 11627 V NuPlayerDecoder:   int32_t output-buffers = 0
07-02 05:35:53.601   335 11627 V NuPlayerDecoder: }
07-02 05:35:53.601   335 11627 V NuPlayerDecoder: [OMX.google.aac.decoder] dequeued input: 3
07-02 05:35:53.601   335 11628 V ACodec  : [OMX.google.aac.decoder] calling emptyBuffer 0xb86b5290 w/ time 25450666 us
07-02 05:35:53.601   335 11627 V NuPlayerDecoder: [OMX.google.aac.decoder] onMessage: AMessage(what = 'cdcN', target = 190) = {
07-02 05:35:53.601   335 11627 V NuPlayerDecoder:   int32_t generation = 1
07-02 05:35:53.601   335 11627 V NuPlayerDecoder:   int32_t input-buffers = 0
07-02 05:35:53.601   335 11627 V NuPlayerDecoder:   int32_t output-buffers = 1
07-02 05:35:53.601   335 11627 V NuPlayerDecoder: }
07-02 05:35:53.601   335 11627 V NuPlayerDecoder: [OMX.google.aac.decoder] dequeued output: 0 (time=25322666 flags=0)
07-02 05:35:53.602   335 11623 V NuPlayerRenderer: rendering video at media time 25.04 secs
07-02 05:35:53.603   335 11624 V NuPlayerDecoder: [OMX.qcom.video.decoder.avc] onMessage: AMessage(what = 'rndr', target = 187) = {
07-02 05:35:53.603   335 11624 V NuPlayerDecoder:   size_t buffer-ix = 3
07-02 05:35:53.603   335 11624 V NuPlayerDecoder:   int32_t generation = 1
07-02 05:35:53.603   335 11624 V NuPlayerDecoder:   int64_t timestampNs = 1141183463000
07-02 05:35:53.603   335 11624 V NuPlayerDecoder:   int32_t render = 1
07-02 05:35:53.603   335 11624 V NuPlayerDecoder: }
07-02 05:35:53.603   335 11626 V ACodec  : [OMX.qcom.video.decoder.avc] calling fillBuffer 3094270672
07-02 05:35:53.620   335 11626 V ACodec  : [OMX.qcom.video.decoder.avc] onOMXEmptyBufferDone 0xb8726af0
07-02 05:35:53.620   335 11623 V NuPlayerRenderer: rendering audio at media time 25.28 secs
07-02 05:35:53.620   335 11623 V NuPlayerRenderer: getPlayedOutAudioDurationUs(1306078) nowUs(1141150773) frames(61968) framesAt(1141135695)
07-02 05:35:53.620   335 11624 V NuPlayerDecoder: [OMX.qcom.video.decoder.avc] onMessage: AMessage(what = 'cdcN', target = 187) = {
07-02 05:35:53.620   335 11624 V NuPlayerDecoder:   int32_t generation = 1
07-02 05:35:53.620   335 11624 V NuPlayerDecoder:   int32_t input-buffers = 1
07-02 05:35:53.620   335 11624 V NuPlayerDecoder:   int32_t output-buffers = 0
07-02 05:35:53.620   335 11624 V NuPlayerDecoder: }
07-02 05:35:53.620   335 11627 V NuPlayerDecoder: [OMX.google.aac.decoder] onMessage: AMessage(what = 'rndr', target = 190) = {
07-02 05:35:53.620   335 11627 V NuPlayerDecoder:   size_t buffer-ix = 1
07-02 05:35:53.620   335 11627 V NuPlayerDecoder:   int32_t generation = 1
07-02 05:35:53.620   335 11627 V NuPlayerDecoder: }
07-02 05:35:53.620   335 11624 V NuPlayerDecoder: [OMX.qcom.video.decoder.avc] dequeued input: 0
07-02 05:35:53.620   335 11628 V ACodec  : [OMX.google.aac.decoder] calling fillBuffer 3094483840
07-02 05:35:53.620   335 11626 V ACodec  : [OMX.qcom.video.decoder.avc] calling emptyBuffer 0xb8726af0 w/ time 25400000 us
07-02 05:35:53.620   335 11626 V ACodec  : MetaDataBuffersToSubmit=0 portMode=RESUBMIT
07-02 05:35:53.621   335 11626 V ACodec  : [OMX.qcom.video.decoder.avc] onOMXFillBufferDone 3094270352 time 25160000 us, flags = 0x00000210
07-02 05:35:53.621   335 11628 V ACodec  : [OMX.google.aac.decoder] onOMXEmptyBufferDone 0xb86f0ad8
07-02 05:35:53.621   335 11624 V NuPlayerDecoder: [OMX.qcom.video.decoder.avc] onMessage: AMessage(what = 'cdcN', target = 187) = {
07-02 05:35:53.621   335 11624 V NuPlayerDecoder:   int32_t generation = 1
07-02 05:35:53.621   335 11624 V NuPlayerDecoder:   int32_t input-buffers = 0
07-02 05:35:53.621   335 11624 V NuPlayerDecoder:   int32_t output-buffers = 1
07-02 05:35:53.621   335 11624 V NuPlayerDecoder: }
07-02 05:35:53.621   335 11624 V NuPlayerDecoder: [OMX.qcom.video.decoder.avc] dequeued output: 1 (time=25160000 flags=0)
07-02 05:35:53.621   335 11627 V NuPlayerDecoder: [OMX.google.aac.decoder] onMessage: AMessage(what = 'cdcN', target = 190) = {
07-02 05:35:53.621   335 11627 V NuPlayerDecoder:   int32_t generation = 1
07-02 05:35:53.621   335 11627 V NuPlayerDecoder:   int32_t input-buffers = 1
07-02 05:35:53.621   335 11627 V NuPlayerDecoder:   int32_t output-buffers = 0
07-02 05:35:53.621   335 11627 V NuPlayerDecoder: }
07-02 05:35:53.621   335 11627 V NuPlayerDecoder: [OMX.google.aac.decoder] dequeued input: 0
07-02 05:35:53.622   335 11628 V ACodec  : [OMX.google.aac.decoder] calling emptyBuffer 0xb86f0ad8 w/ time 25472000 us
07-02 05:35:53.622   335 11628 V ACodec  : [OMX.google.aac.decoder] onOMXFillBufferDone 3094483840 time 25344000 us, flags = 0x00000000
07-02 05:35:53.622   335 11627 V NuPlayerDecoder: [OMX.google.aac.decoder] onMessage: AMessage(what = 'cdcN', target = 190) = {
07-02 05:35:53.622   335 11627 V NuPlayerDecoder:   int32_t generation = 1
07-02 05:35:53.622   335 11627 V NuPlayerDecoder:   int32_t input-buffers = 0
07-02 05:35:53.622   335 11627 V NuPlayerDecoder:   int32_t output-buffers = 1
07-02 05:35:53.622   335 11627 V NuPlayerDecoder: }
07-02 05:35:53.622   335 11627 V NuPlayerDecoder: [OMX.google.aac.decoder] dequeued output: 1 (time=25344000 flags=0)
07-02 05:35:53.640   335 11627 V NuPlayerDecoder: [OMX.google.aac.decoder] onMessage: AMessage(what = 'rndr', target = 190) = {
07-02 05:35:53.640   335 11627 V NuPlayerDecoder:   size_t buffer-ix = 2
07-02 05:35:53.640   335 11627 V NuPlayerDecoder:   int32_t generation = 1
07-02 05:35:53.640   335 11627 V NuPlayerDecoder: }
07-02 05:35:53.640   335 11628 V ACodec  : [OMX.google.aac.decoder] calling fillBuffer 3094041744
07-02 05:35:53.641   335 11628 V ACodec  : [OMX.google.aac.decoder] onOMXEmptyBufferDone 0xb86b50a8
07-02 05:35:53.641   335 11627 V NuPlayerDecoder: [OMX.google.aac.decoder] onMessage: AMessage(what = 'cdcN', target = 190) = {
07-02 05:35:53.641   335 11627 V NuPlayerDecoder:   int32_t generation = 1
07-02 05:35:53.641   335 11627 V NuPlayerDecoder:   int32_t input-buffers = 1
07-02 05:35:53.641   335 11627 V NuPlayerDecoder:   int32_t output-buffers = 0
07-02 05:35:53.641   335 11627 V NuPlayerDecoder: }
07-02 05:35:53.641   335 11627 V NuPlayerDecoder: [OMX.google.aac.decoder] dequeued input: 1
07-02 05:35:53.641   335 11628 V ACodec  : [OMX.google.aac.decoder] calling emptyBuffer 0xb86b50a8 w/ time 25493333 us
07-02 05:35:53.642   335 11628 V ACodec  : [OMX.google.aac.decoder] onOMXFillBufferDone 3094041744 time 25365333 us, flags = 0x00000000
07-02 05:35:53.642   335 11627 V NuPlayerDecoder: [OMX.google.aac.decoder] onMessage: AMessage(what = 'cdcN', target = 190) = {
07-02 05:35:53.642   335 11627 V NuPlayerDecoder:   int32_t generation = 1
07-02 05:35:53.642   335 11627 V NuPlayerDecoder:   int32_t input-buffers = 0
07-02 05:35:53.642   335 11627 V NuPlayerDecoder:   int32_t output-buffers = 1
07-02 05:35:53.642   335 11627 V NuPlayerDecoder: }
07-02 05:35:53.642   335 11627 V NuPlayerDecoder: [OMX.google.aac.decoder] dequeued output: 2 (time=25365333 flags=0)
07-02 05:35:53.652   335 11623 V NuPlayerRenderer: rendering video at media time 25.08 secs
07-02 05:35:53.653   335 11624 V NuPlayerDecoder: [OMX.qcom.video.decoder.avc] onMessage: AMessage(what = 'rndr', target = 187) = {
07-02 05:35:53.653   335 11624 V NuPlayerDecoder:   size_t buffer-ix = 6
07-02 05:35:53.653   335 11624 V NuPlayerDecoder:   int32_t generation = 1
07-02 05:35:53.653   335 11624 V NuPlayerDecoder:   int64_t timestampNs = 1141223361000
07-02 05:35:53.653   335 11624 V NuPlayerDecoder:   int32_t render = 1
07-02 05:35:53.653   335 11624 V NuPlayerDecoder: }
07-02 05:35:53.653   335 11626 V ACodec  : [OMX.qcom.video.decoder.avc] calling fillBuffer 3094270592
07-02 05:35:53.660   335 11623 V NuPlayerRenderer: rendering audio at media time 25.30 secs
07-02 05:35:53.660   335 11623 V NuPlayerRenderer: getPlayedOutAudioDurationUs(1346567) nowUs(1141191240) frames(63888) framesAt(1141175673)
07-02 05:35:53.670   335 11626 V ACodec  : [OMX.qcom.video.decoder.avc] onOMXEmptyBufferDone 0xb8726b40
07-02 05:35:53.670   335 11624 V NuPlayerDecoder: [OMX.qcom.video.decoder.avc] onMessage: AMessage(what = 'cdcN', target = 187) = {
07-02 05:35:53.670   335 11624 V NuPlayerDecoder:   int32_t generation = 1
07-02 05:35:53.670   335 11624 V NuPlayerDecoder:   int32_t input-buffers = 1
07-02 05:35:53.670   335 11624 V NuPlayerDecoder:   int32_t output-buffers = 0
07-02 05:35:53.670   335 11624 V NuPlayerDecoder: }
07-02 05:35:53.670   335 11624 V NuPlayerDecoder: [OMX.qcom.video.decoder.avc] dequeued input: 1
07-02 05:35:53.670   335 11626 V ACodec  : [OMX.qcom.video.decoder.avc] calling emptyBuffer 0xb8726b40 w/ time 25440000 us
07-02 05:35:53.670   335 11626 V ACodec  : MetaDataBuffersToSubmit=0 portMode=RESUBMIT
07-02 05:35:53.671   335 11626 V ACodec  : [OMX.qcom.video.decoder.avc] onOMXFillBufferDone 3094270432 time 25200000 us, flags = 0x00000210
07-02 05:35:53.671   335 11624 V NuPlayerDecoder: [OMX.qcom.video.decoder.avc] onMessage: AMessage(what = 'cdcN', target = 187) = {
07-02 05:35:53.671   335 11624 V NuPlayerDecoder:   int32_t generation = 1
07-02 05:35:53.671   335 11624 V NuPlayerDecoder:   int32_t input-buffers = 0
07-02 05:35:53.671   335 11624 V NuPlayerDecoder:   int32_t output-buffers = 1
07-02 05:35:53.671   335 11624 V NuPlayerDecoder: }
07-02 05:35:53.671   335 11624 V NuPlayerDecoder: [OMX.qcom.video.decoder.avc] dequeued output: 2 (time=25200000 flags=0)
07-02 05:35:53.681   335 11623 V NuPlayerRenderer: rendering audio at media time 25.32 secs
07-02 05:35:53.681   335 11627 V NuPlayerDecoder: [OMX.google.aac.decoder] onMessage: AMessage(what = 'rndr', target = 190) = {
07-02 05:35:53.681   335 11627 V NuPlayerDecoder:   size_t buffer-ix = 3
07-02 05:35:53.681   335 11627 V NuPlayerDecoder:   int32_t generation = 1
07-02 05:35:53.681   335 11627 V NuPlayerDecoder: }
07-02 05:35:53.681   335 11623 V NuPlayerRenderer: getPlayedOutAudioDurationUs(1366851) nowUs(1141211549) frames(64848) framesAt(1141195698)
07-02 05:35:53.681   335 11628 V ACodec  : [OMX.google.aac.decoder] calling fillBuffer 3094042272
07-02 05:35:53.682   335 11628 V ACodec  : [OMX.google.aac.decoder] onOMXEmptyBufferDone 0xb86b5190
07-02 05:35:53.682   335 11627 V NuPlayerDecoder: [OMX.google.aac.decoder] onMessage: AMessage(what = 'cdcN', target = 190) = {
07-02 05:35:53.682   335 11627 V NuPlayerDecoder:   int32_t generation = 1
07-02 05:35:53.682   335 11627 V NuPlayerDecoder:   int32_t input-buffers = 1
07-02 05:35:53.682   335 11627 V NuPlayerDecoder:   int32_t output-buffers = 0
07-02 05:35:53.682   335 11627 V NuPlayerDecoder: }
07-02 05:35:53.682   335 11627 V NuPlayerDecoder: [OMX.google.aac.decoder] dequeued input: 2
07-02 05:35:53.682   335 11628 V ACodec  : [OMX.google.aac.decoder] calling emptyBuffer 0xb86b5190 w/ time 25514666 us
07-02 05:35:53.682   335 11628 V ACodec  : [OMX.google.aac.decoder] onOMXFillBufferDone 3094042272 time 25386666 us, flags = 0x00000000
07-02 05:35:53.682   335 11627 V NuPlayerDecoder: [OMX.google.aac.decoder] onMessage: AMessage(what = 'cdcN', target = 190) = {
07-02 05:35:53.682   335 11627 V NuPlayerDecoder:   int32_t generation = 1
07-02 05:35:53.682   335 11627 V NuPlayerDecoder:   int32_t input-buffers = 0
07-02 05:35:53.682   335 11627 V NuPlayerDecoder:   int32_t output-buffers = 1
07-02 05:35:53.682   335 11627 V NuPlayerDecoder: }
07-02 05:35:53.682   335 11627 V NuPlayerDecoder: [OMX.google.aac.decoder] dequeued output: 3 (time=25386666 flags=0)
07-02 05:35:53.686   335 11623 V NuPlayerRenderer: rendering video at media time 25.12 secs
07-02 05:35:53.686   335 11624 V NuPlayerDecoder: [OMX.qcom.video.decoder.avc] onMessage: AMessage(what = 'rndr', target = 187) = {
07-02 05:35:53.686   335 11624 V NuPlayerDecoder:   size_t buffer-ix = 8
07-02 05:35:53.686   335 11624 V NuPlayerDecoder:   int32_t generation = 1
07-02 05:35:53.686   335 11624 V NuPlayerDecoder:   int64_t timestampNs = 1141263365000
07-02 05:35:53.686   335 11624 V NuPlayerDecoder:   int32_t render = 1
07-02 05:35:53.686   335 11624 V NuPlayerDecoder: }
07-02 05:35:53.686   335 11626 V ACodec  : [OMX.qcom.video.decoder.avc] calling fillBuffer 3094270832
07-02 05:35:53.701   335 11623 V NuPlayerRenderer: rendering audio at media time 25.34 secs
07-02 05:35:53.701   335 11627 V NuPlayerDecoder: [OMX.google.aac.decoder] onMessage: AMessage(what = 'rndr', target = 190) = {
07-02 05:35:53.701   335 11627 V NuPlayerDecoder:   size_t buffer-ix = 0
07-02 05:35:53.701   335 11627 V NuPlayerDecoder:   int32_t generation = 1
07-02 05:35:53.701   335 11627 V NuPlayerDecoder: }
07-02 05:35:53.701   335 11623 V NuPlayerRenderer: getPlayedOutAudioDurationUs(1387164) nowUs(1141231832) frames(65808) framesAt(1141215668)
07-02 05:35:53.701   335 11628 V ACodec  : [OMX.google.aac.decoder] calling fillBuffer 3094477456
07-02 05:35:53.702   335 11628 V ACodec  : [OMX.google.aac.decoder] onOMXEmptyBufferDone 0xb86b5290
07-02 05:35:53.702   335 11627 V NuPlayerDecoder: [OMX.google.aac.decoder] onMessage: AMessage(what = 'cdcN', target = 190) = {
07-02 05:35:53.702   335 11627 V NuPlayerDecoder:   int32_t generation = 1
07-02 05:35:53.702   335 11627 V NuPlayerDecoder:   int32_t input-buffers = 1
07-02 05:35:53.702   335 11627 V NuPlayerDecoder:   int32_t output-buffers = 0
07-02 05:35:53.702   335 11627 V NuPlayerDecoder: }
07-02 05:35:53.702   335 11627 V NuPlayerDecoder: [OMX.google.aac.decoder] dequeued input: 3
07-02 05:35:53.702   335 11628 V ACodec  : [OMX.google.aac.decoder] calling emptyBuffer 0xb86b5290 w/ time 25536000 us
07-02 05:35:53.703   335 11628 V ACodec  : [OMX.google.aac.decoder] onOMXFillBufferDone 3094477456 time 25408000 us, flags = 0x00000000
07-02 05:35:53.703   335 11627 V NuPlayerDecoder: [OMX.google.aac.decoder] onMessage: AMessage(what = 'cdcN', target = 190) = {
07-02 05:35:53.703   335 11627 V NuPlayerDecoder:   int32_t generation = 1
07-02 05:35:53.703   335 11627 V NuPlayerDecoder:   int32_t input-buffers = 0
07-02 05:35:53.703   335 11627 V NuPlayerDecoder:   int32_t output-buffers = 1
07-02 05:35:53.703   335 11627 V NuPlayerDecoder: }
07-02 05:35:53.703   335 11627 V NuPlayerDecoder: [OMX.google.aac.decoder] dequeued output: 0 (time=25408000 flags=0)
07-02 05:35:53.703   335 11626 V ACodec  : [OMX.qcom.video.decoder.avc] onOMXEmptyBufferDone 0xb8726b90
07-02 05:35:53.704   335 11624 V NuPlayerDecoder: [OMX.qcom.video.decoder.avc] onMessage: AMessage(what = 'cdcN', target = 187) = {
07-02 05:35:53.704   335 11624 V NuPlayerDecoder:   int32_t generation = 1
07-02 05:35:53.704   335 11624 V NuPlayerDecoder:   int32_t input-buffers = 1
07-02 05:35:53.704   335 11624 V NuPlayerDecoder:   int32_t output-buffers = 0
07-02 05:35:53.704   335 11624 V NuPlayerDecoder: }
07-02 05:35:53.704   335 11624 V NuPlayerDecoder: [OMX.qcom.video.decoder.avc] dequeued input: 2
07-02 05:35:53.704   335 11626 V ACodec  : [OMX.qcom.video.decoder.avc] calling emptyBuffer 0xb8726b90 w/ time 25480000 us
07-02 05:35:53.704   335 11626 V ACodec  : MetaDataBuffersToSubmit=0 portMode=RESUBMIT
07-02 05:35:53.704   335 11626 V ACodec  : [OMX.qcom.video.decoder.avc] onOMXFillBufferDone 3094270672 time 25240000 us, flags = 0x00000210
07-02 05:35:53.705   335 11624 V NuPlayerDecoder: [OMX.qcom.video.decoder.avc] onMessage: AMessage(what = 'cdcN', target = 187) = {
07-02 05:35:53.705   335 11624 V NuPlayerDecoder:   int32_t generation = 1
07-02 05:35:53.705   335 11624 V NuPlayerDecoder:   int32_t input-buffers = 0
07-02 05:35:53.705   335 11624 V NuPlayerDecoder:   int32_t output-buffers = 1
07-02 05:35:53.705   335 11624 V NuPlayerDecoder: }
07-02 05:35:53.705   335 11624 V NuPlayerDecoder: [OMX.qcom.video.decoder.avc] dequeued output: 5 (time=25240000 flags=0)
07-02 05:35:53.721   335 11623 V NuPlayerRenderer: rendering audio at media time 25.37 secs
07-02 05:35:53.721   335 11627 V NuPlayerDecoder: [OMX.google.aac.decoder] onMessage: AMessage(what = 'rndr', target = 190) = {
07-02 05:35:53.721   335 11627 V NuPlayerDecoder:   size_t buffer-ix = 1
07-02 05:35:53.721   335 11627 V NuPlayerDecoder:   int32_t generation = 1
07-02 05:35:53.721   335 11627 V NuPlayerDecoder: }
07-02 05:35:53.721   335 11623 V NuPlayerRenderer: getPlayedOutAudioDurationUs(1407516) nowUs(1141252188) frames(66768) framesAt(1141235672)
07-02 05:35:53.721   335 11628 V ACodec  : [OMX.google.aac.decoder] calling fillBuffer 3094483840
07-02 05:35:53.722   335 11628 V ACodec  : [OMX.google.aac.decoder] onOMXEmptyBufferDone 0xb86f0ad8
07-02 05:35:53.722   335 11627 V NuPlayerDecoder: [OMX.google.aac.decoder] onMessage: AMessage(what = 'cdcN', target = 190) = {
07-02 05:35:53.722   335 11627 V NuPlayerDecoder:   int32_t generation = 1
07-02 05:35:53.722   335 11627 V NuPlayerDecoder:   int32_t input-buffers = 1
07-02 05:35:53.722   335 11627 V NuPlayerDecoder:   int32_t output-buffers = 0
07-02 05:35:53.722   335 11627 V NuPlayerDecoder: }
07-02 05:35:53.722   335 11627 V NuPlayerDecoder: [OMX.google.aac.decoder] dequeued input: 0
07-02 05:35:53.723   335 11628 V ACodec  : [OMX.google.aac.decoder] calling emptyBuffer 0xb86f0ad8 w/ time 25557333 us
07-02 05:35:53.723   335 11628 V ACodec  : [OMX.google.aac.decoder] onOMXFillBufferDone 3094483840 time 25429333 us, flags = 0x00000000
07-02 05:35:53.723   335 11627 V NuPlayerDecoder: [OMX.google.aac.decoder] onMessage: AMessage(what = 'cdcN', target = 190) = {
07-02 05:35:53.723   335 11627 V NuPlayerDecoder:   int32_t generation = 1
07-02 05:35:53.723   335 11627 V NuPlayerDecoder:   int32_t input-buffers = 0
07-02 05:35:53.723   335 11627 V NuPlayerDecoder:   int32_t output-buffers = 1
07-02 05:35:53.723   335 11627 V NuPlayerDecoder: }
07-02 05:35:53.723   335 11627 V NuPlayerDecoder: [OMX.google.aac.decoder] dequeued output: 1 (time=25429333 flags=0)
07-02 05:35:53.736   335 11623 V NuPlayerRenderer: rendering video at media time 25.16 secs
07-02 05:35:53.736   335 11624 V NuPlayerDecoder: [OMX.qcom.video.decoder.avc] onMessage: AMessage(what = 'rndr', target = 187) = {
07-02 05:35:53.736   335 11624 V NuPlayerDecoder:   size_t buffer-ix = 1
07-02 05:35:53.736   335 11624 V NuPlayerDecoder:   int32_t generation = 1
07-02 05:35:53.736   335 11624 V NuPlayerDecoder:   int64_t timestampNs = 1141303339000
07-02 05:35:53.736   335 11624 V NuPlayerDecoder:   int32_t render = 1
07-02 05:35:53.736   335 11624 V NuPlayerDecoder: }
07-02 05:35:53.736   335 11626 V ACodec  : [OMX.qcom.video.decoder.avc] calling fillBuffer 3094270512
07-02 05:35:53.742   335 11623 V NuPlayerRenderer: rendering audio at media time 25.39 secs
07-02 05:35:53.742   335 11627 V NuPlayerDecoder: [OMX.google.aac.decoder] onMessage: AMessage(what = 'rndr', target = 190) = {
07-02 05:35:53.742   335 11627 V NuPlayerDecoder:   size_t buffer-ix = 2
07-02 05:35:53.742   335 11627 V NuPlayerDecoder:   int32_t generation = 1
07-02 05:35:53.742   335 11627 V NuPlayerDecoder: }
07-02 05:35:53.742   335 11623 V NuPlayerRenderer: getPlayedOutAudioDurationUs(1427712) nowUs(1141272475) frames(67728) framesAt(1141255763)
07-02 05:35:53.742   335 11628 V ACodec  : [OMX.google.aac.decoder] calling fillBuffer 3094041744
07-02 05:35:53.743   335 11628 V ACodec  : [OMX.google.aac.decoder] onOMXEmptyBufferDone 0xb86b50a8
07-02 05:35:53.743   335 11627 V NuPlayerDecoder: [OMX.google.aac.decoder] onMessage: AMessage(what = 'cdcN', target = 190) = {
07-02 05:35:53.743   335 11627 V NuPlayerDecoder:   int32_t generation = 1
07-02 05:35:53.743   335 11627 V NuPlayerDecoder:   int32_t input-buffers = 1
07-02 05:35:53.743   335 11627 V NuPlayerDecoder:   int32_t output-buffers = 0
07-02 05:35:53.743   335 11627 V NuPlayerDecoder: }
07-02 05:35:53.743   335 11627 V NuPlayerDecoder: [OMX.google.aac.decoder] dequeued input: 1
07-02 05:35:53.743   335 11628 V ACodec  : [OMX.google.aac.decoder] calling emptyBuffer 0xb86b50a8 w/ time 25578666 us
07-02 05:35:53.743   335 11628 V ACodec  : [OMX.google.aac.decoder] onOMXFillBufferDone 3094041744 time 25450666 us, flags = 0x00000000
07-02 05:35:53.743   335 11627 V NuPlayerDecoder: [OMX.google.aac.decoder] onMessage: AMessage(what = 'cdcN', target = 190) = {
07-02 05:35:53.743   335 11627 V NuPlayerDecoder:   int32_t generation = 1
07-02 05:35:53.743   335 11627 V NuPlayerDecoder:   int32_t input-buffers = 0
07-02 05:35:53.743   335 11627 V NuPlayerDecoder:   int32_t output-buffers = 1
07-02 05:35:53.743   335 11627 V NuPlayerDecoder: }
07-02 05:35:53.743   335 11627 V NuPlayerDecoder: [OMX.google.aac.decoder] dequeued output: 2 (time=25450666 flags=0)
07-02 05:35:53.755   335 11626 V ACodec  : [OMX.qcom.video.decoder.avc] onOMXEmptyBufferDone 0xb8726be0
07-02 05:35:53.755   335 11624 V NuPlayerDecoder: [OMX.qcom.video.decoder.avc] onMessage: AMessage(what = 'cdcN', target = 187) = {
07-02 05:35:53.755   335 11624 V NuPlayerDecoder:   int32_t generation = 1
07-02 05:35:53.755   335 11624 V NuPlayerDecoder:   int32_t input-buffers = 1
07-02 05:35:53.755   335 11624 V NuPlayerDecoder:   int32_t output-buffers = 0
07-02 05:35:53.755   335 11624 V NuPlayerDecoder: }
07-02 05:35:53.755   335 11624 V NuPlayerDecoder: [OMX.qcom.video.decoder.avc] dequeued input: 3
07-02 05:35:53.755   335 11626 V ACodec  : [OMX.qcom.video.decoder.avc] calling emptyBuffer 0xb8726be0 w/ time 25520000 us
07-02 05:35:53.755   335 11626 V ACodec  : MetaDataBuffersToSubmit=0 portMode=RESUBMIT
07-02 05:35:53.755   335 11626 V ACodec  : [OMX.qcom.video.decoder.avc] onOMXFillBufferDone 3094270592 time 25280000 us, flags = 0x00000210
07-02 05:35:53.755   335 11624 V NuPlayerDecoder: [OMX.qcom.video.decoder.avc] onMessage: AMessage(what = 'cdcN', target = 187) = {
07-02 05:35:53.755   335 11624 V NuPlayerDecoder:   int32_t generation = 1
07-02 05:35:53.755   335 11624 V NuPlayerDecoder:   int32_t input-buffers = 0
07-02 05:35:53.755   335 11624 V NuPlayerDecoder:   int32_t output-buffers = 1
07-02 05:35:53.755   335 11624 V NuPlayerDecoder: }
07-02 05:35:53.756   335 11624 V NuPlayerDecoder: [OMX.qcom.video.decoder.avc] dequeued output: 4 (time=25280000 flags=0)
07-02 05:35:53.762   335 11623 V NuPlayerRenderer: rendering audio at media time 25.41 secs
07-02 05:35:53.762   335 11627 V NuPlayerDecoder: [OMX.google.aac.decoder] onMessage: AMessage(what = 'rndr', target = 190) = {
07-02 05:35:53.762   335 11627 V NuPlayerDecoder:   size_t buffer-ix = 3
07-02 05:35:53.762   335 11627 V NuPlayerDecoder:   int32_t generation = 1
07-02 05:35:53.762   335 11627 V NuPlayerDecoder: }
07-02 05:35:53.762   335 11623 V NuPlayerRenderer: getPlayedOutAudioDurationUs(1448117) nowUs(1141292785) frames(68688) framesAt(1141275668)
07-02 05:35:53.762   335 11628 V ACodec  : [OMX.google.aac.decoder] calling fillBuffer 3094042272
07-02 05:35:53.763   335 11628 V ACodec  : [OMX.google.aac.decoder] onOMXEmptyBufferDone 0xb86b5190
07-02 05:35:53.763   335 11628 V ACodec  : [OMX.google.aac.decoder] onOMXFillBufferDone 3094042272 time 25472000 us, flags = 0x00000000
07-02 05:35:53.763   335 11627 V NuPlayerDecoder: [OMX.google.aac.decoder] onMessage: AMessage(what = 'cdcN', target = 190) = {
07-02 05:35:53.763   335 11627 V NuPlayerDecoder:   int32_t generation = 1
07-02 05:35:53.763   335 11627 V NuPlayerDecoder:   int32_t input-buffers = 1
07-02 05:35:53.763   335 11627 V NuPlayerDecoder:   int32_t output-buffers = 0
07-02 05:35:53.763   335 11627 V NuPlayerDecoder: }
07-02 05:35:53.763   335 11627 V NuPlayerDecoder: [OMX.google.aac.decoder] dequeued input: 2
07-02 05:35:53.763   335 11628 V ACodec  : [OMX.google.aac.decoder] calling emptyBuffer 0xb86b5190 w/ time 25600000 us
07-02 05:35:53.763   335 11627 V NuPlayerDecoder: [OMX.google.aac.decoder] onMessage: AMessage(what = 'cdcN', target = 190) = {
07-02 05:35:53.763   335 11627 V NuPlayerDecoder:   int32_t generation = 1
07-02 05:35:53.763   335 11627 V NuPlayerDecoder:   int32_t input-buffers = 0
07-02 05:35:53.763   335 11627 V NuPlayerDecoder:   int32_t output-buffers = 1
07-02 05:35:53.763   335 11627 V NuPlayerDecoder: }
07-02 05:35:53.764   335 11627 V NuPlayerDecoder: [OMX.google.aac.decoder] dequeued output: 3 (time=25472000 flags=0)
07-02 05:35:53.769   335 11623 V NuPlayerRenderer: rendering video at media time 25.20 secs
07-02 05:35:53.769   335 11624 V NuPlayerDecoder: [OMX.qcom.video.decoder.avc] onMessage: AMessage(what = 'rndr', target = 187) = {
07-02 05:35:53.769   335 11624 V NuPlayerDecoder:   size_t buffer-ix = 2
07-02 05:35:53.769   335 11624 V NuPlayerDecoder:   int32_t generation = 1
07-02 05:35:53.769   335 11624 V NuPlayerDecoder:   int64_t timestampNs = 1141343334000
07-02 05:35:53.769   335 11624 V NuPlayerDecoder:   int32_t render = 1
07-02 05:35:53.769   335 11624 V NuPlayerDecoder: }
07-02 05:35:53.770   335 11626 V ACodec  : [OMX.qcom.video.decoder.avc] calling fillBuffer 3094270752
07-02 05:35:53.782   335 11623 V NuPlayerRenderer: rendering audio at media time 25.43 secs
07-02 05:35:53.782   335 11627 V NuPlayerDecoder: [OMX.google.aac.decoder] onMessage: AMessage(what = 'rndr', target = 190) = {
07-02 05:35:53.782   335 11627 V NuPlayerDecoder:   size_t buffer-ix = 0
07-02 05:35:53.782   335 11627 V NuPlayerDecoder:   int32_t generation = 1
07-02 05:35:53.782   335 11627 V NuPlayerDecoder: }
07-02 05:35:53.782   335 11623 V NuPlayerRenderer: getPlayedOutAudioDurationUs(1468402) nowUs(1141313072) frames(69648) framesAt(1141295670)
07-02 05:35:53.782   335 11628 V ACodec  : [OMX.google.aac.decoder] calling fillBuffer 3094477456
07-02 05:35:53.783   335 11628 V ACodec  : [OMX.google.aac.decoder] onOMXEmptyBufferDone 0xb86b5290
07-02 05:35:53.783   335 11628 V ACodec  : [OMX.google.aac.decoder] onOMXFillBufferDone 3094477456 time 25493333 us, flags = 0x00000000
07-02 05:35:53.783   335 11627 V NuPlayerDecoder: [OMX.google.aac.decoder] onMessage: AMessage(what = 'cdcN', target = 190) = {
07-02 05:35:53.783   335 11627 V NuPlayerDecoder:   int32_t generation = 1
07-02 05:35:53.783   335 11627 V NuPlayerDecoder:   int32_t input-buffers = 1
07-02 05:35:53.783   335 11627 V NuPlayerDecoder:   int32_t output-buffers = 0
07-02 05:35:53.783   335 11627 V NuPlayerDecoder: }
07-02 05:35:53.783   335 11627 V NuPlayerDecoder: [OMX.google.aac.decoder] dequeued input: 3
07-02 05:35:53.784   335 11628 V ACodec  : [OMX.google.aac.decoder] calling emptyBuffer 0xb86b5290 w/ time 25621333 us
07-02 05:35:53.784   335 11627 V NuPlayerDecoder: [OMX.google.aac.decoder] onMessage: AMessage(what = 'cdcN', target = 190) = {
07-02 05:35:53.784   335 11627 V NuPlayerDecoder:   int32_t generation = 1
07-02 05:35:53.784   335 11627 V NuPlayerDecoder:   int32_t input-buffers = 0
07-02 05:35:53.784   335 11627 V NuPlayerDecoder:   int32_t output-buffers = 1
07-02 05:35:53.784   335 11627 V NuPlayerDecoder: }
07-02 05:35:53.784   335 11627 V NuPlayerDecoder: [OMX.google.aac.decoder] dequeued output: 0 (time=25493333 flags=0)
07-02 05:35:53.788   335 11626 V ACodec  : [OMX.qcom.video.decoder.avc] onOMXEmptyBufferDone 0xb8726af0
07-02 05:35:53.788   335 11624 V NuPlayerDecoder: [OMX.qcom.video.decoder.avc] onMessage: AMessage(what = 'cdcN', target = 187) = {
07-02 05:35:53.788   335 11624 V NuPlayerDecoder:   int32_t generation = 1
07-02 05:35:53.788   335 11624 V NuPlayerDecoder:   int32_t input-buffers = 1
07-02 05:35:53.788   335 11624 V NuPlayerDecoder:   int32_t output-buffers = 0
07-02 05:35:53.788   335 11624 V NuPlayerDecoder: }
07-02 05:35:53.788   335 11624 V NuPlayerDecoder: [OMX.qcom.video.decoder.avc] dequeued input: 0
07-02 05:35:53.789   335 11626 V ACodec  : [OMX.qcom.video.decoder.avc] onOMXFillBufferDone 3094270832 time 25320000 us, flags = 0x00000210
07-02 05:35:53.789   335 11626 V ACodec  : [OMX.qcom.video.decoder.avc] calling emptyBuffer 0xb8726af0 w/ time 25560000 us
07-02 05:35:53.789   335 11626 V ACodec  : MetaDataBuffersToSubmit=0 portMode=RESUBMIT
07-02 05:35:53.789   335 11624 V NuPlayerDecoder: [OMX.qcom.video.decoder.avc] onMessage: AMessage(what = 'cdcN', target = 187) = {
07-02 05:35:53.789   335 11624 V NuPlayerDecoder:   int32_t generation = 1
07-02 05:35:53.789   335 11624 V NuPlayerDecoder:   int32_t input-buffers = 0
07-02 05:35:53.789   335 11624 V NuPlayerDecoder:   int32_t output-buffers = 1
07-02 05:35:53.789   335 11624 V NuPlayerDecoder: }
07-02 05:35:53.789   335 11624 V NuPlayerDecoder: [OMX.qcom.video.decoder.avc] dequeued output: 7 (time=25320000 flags=0)
07-02 05:35:53.802   335 11623 V NuPlayerRenderer: rendering video at media time 25.24 secs
07-02 05:35:53.802   335 11624 V NuPlayerDecoder: [OMX.qcom.video.decoder.avc] onMessage: AMessage(what = 'rndr', target = 187) = {
07-02 05:35:53.802   335 11624 V NuPlayerDecoder:   size_t buffer-ix = 5
07-02 05:35:53.802   335 11624 V NuPlayerDecoder:   int32_t generation = 1
07-02 05:35:53.802   335 11624 V NuPlayerDecoder:   int64_t timestampNs = 1141383337000
07-02 05:35:53.802   335 11624 V NuPlayerDecoder:   int32_t render = 1
07-02 05:35:53.802   335 11624 V NuPlayerDecoder: }
07-02 05:35:53.802   335 11623 V NuPlayerRenderer: rendering audio at media time 25.45 secs
07-02 05:35:53.802   335 11627 V NuPlayerDecoder: [OMX.google.aac.decoder] onMessage: AMessage(what = 'rndr', target = 190) = {
07-02 05:35:53.802   335 11627 V NuPlayerDecoder:   size_t buffer-ix = 1
07-02 05:35:53.802   335 11627 V NuPlayerDecoder:   int32_t generation = 1
07-02 05:35:53.802   335 11627 V NuPlayerDecoder: }
07-02 05:35:53.803   335 11623 V NuPlayerRenderer: getPlayedOutAudioDurationUs(1488597) nowUs(1141333355) frames(70608) framesAt(1141315758)
07-02 05:35:53.803   335 11628 V ACodec  : [OMX.google.aac.decoder] calling fillBuffer 3094483840
07-02 05:35:53.803   335 11626 V ACodec  : [OMX.qcom.video.decoder.avc] calling fillBuffer 3094270912
07-02 05:35:53.803   335 11628 V ACodec  : [OMX.google.aac.decoder] onOMXEmptyBufferDone 0xb86f0ad8
07-02 05:35:53.804   335 11628 V ACodec  : [OMX.google.aac.decoder] onOMXFillBufferDone 3094483840 time 25514666 us, flags = 0x00000000
07-02 05:35:53.804   335 11627 V NuPlayerDecoder: [OMX.google.aac.decoder] onMessage: AMessage(what = 'cdcN', target = 190) = {
07-02 05:35:53.804   335 11627 V NuPlayerDecoder:   int32_t generation = 1
07-02 05:35:53.804   335 11627 V NuPlayerDecoder:   int32_t input-buffers = 1
07-02 05:35:53.804   335 11627 V NuPlayerDecoder:   int32_t output-buffers = 0
07-02 05:35:53.804   335 11627 V NuPlayerDecoder: }
07-02 05:35:53.804   335 11627 V NuPlayerDecoder: [OMX.google.aac.decoder] dequeued input: 0
07-02 05:35:53.804   335 11628 V ACodec  : [OMX.google.aac.decoder] calling emptyBuffer 0xb86f0ad8 w/ time 25642666 us
07-02 05:35:53.804   335 11627 V NuPlayerDecoder: [OMX.google.aac.decoder] onMessage: AMessage(what = 'cdcN', target = 190) = {
07-02 05:35:53.804   335 11627 V NuPlayerDecoder:   int32_t generation = 1
07-02 05:35:53.804   335 11627 V NuPlayerDecoder:   int32_t input-buffers = 0
07-02 05:35:53.804   335 11627 V NuPlayerDecoder:   int32_t output-buffers = 1
07-02 05:35:53.804   335 11627 V NuPlayerDecoder: }
07-02 05:35:53.804   335 11627 V NuPlayerDecoder: [OMX.google.aac.decoder] dequeued output: 1 (time=25514666 flags=0)
07-02 05:35:53.821   335 11626 V ACodec  : [OMX.qcom.video.decoder.avc] onOMXEmptyBufferDone 0xb8726b40
07-02 05:35:53.822   335 11624 V NuPlayerDecoder: [OMX.qcom.video.decoder.avc] onMessage: AMessage(what = 'cdcN', target = 187) = {
07-02 05:35:53.822   335 11624 V NuPlayerDecoder:   int32_t generation = 1
07-02 05:35:53.822   335 11624 V NuPlayerDecoder:   int32_t input-buffers = 1
07-02 05:35:53.822   335 11624 V NuPlayerDecoder:   int32_t output-buffers = 0
07-02 05:35:53.822   335 11624 V NuPlayerDecoder: }
07-02 05:35:53.822   335 11624 V NuPlayerDecoder: [OMX.qcom.video.decoder.avc] dequeued input: 1
07-02 05:35:53.822   335 11626 V ACodec  : [OMX.qcom.video.decoder.avc] calling emptyBuffer 0xb8726b40 w/ time 25600000 us
07-02 05:35:53.822   335 11626 V ACodec  : MetaDataBuffersToSubmit=0 portMode=RESUBMIT
07-02 05:35:53.823   335 11626 V ACodec  : [OMX.qcom.video.decoder.avc] onOMXFillBufferDone 3094270512 time 25360000 us, flags = 0x00000210
07-02 05:35:53.823   335 11624 V NuPlayerDecoder: [OMX.qcom.video.decoder.avc] onMessage: AMessage(what = 'cdcN', target = 187) = {
07-02 05:35:53.823   335 11624 V NuPlayerDecoder:   int32_t generation = 1
07-02 05:35:53.823   335 11624 V NuPlayerDecoder:   int32_t input-buffers = 0
07-02 05:35:53.823   335 11624 V NuPlayerDecoder:   int32_t output-buffers = 1
07-02 05:35:53.823   335 11624 V NuPlayerDecoder: }
07-02 05:35:53.823   335 11623 V NuPlayerRenderer: rendering audio at media time 25.47 secs
07-02 05:35:53.823   335 11627 V NuPlayerDecoder: [OMX.google.aac.decoder] onMessage: AMessage(what = 'rndr', target = 190) = {
07-02 05:35:53.823   335 11627 V NuPlayerDecoder:   size_t buffer-ix = 2
07-02 05:35:53.823   335 11627 V NuPlayerDecoder:   int32_t generation = 1
07-02 05:35:53.823   335 11627 V NuPlayerDecoder: }
07-02 05:35:53.823   335 11624 V NuPlayerDecoder: [OMX.qcom.video.decoder.avc] dequeued output: 3 (time=25360000 flags=0)
07-02 05:35:53.823   335 11623 V NuPlayerRenderer: getPlayedOutAudioDurationUs(1508935) nowUs(1141353676) frames(71568) framesAt(1141335741)
07-02 05:35:53.823   335 11628 V ACodec  : [OMX.google.aac.decoder] calling fillBuffer 3094041744
07-02 05:35:53.824   335 11628 V ACodec  : [OMX.google.aac.decoder] onOMXEmptyBufferDone 0xb86b50a8
07-02 05:35:53.824   335 11627 V NuPlayerDecoder: [OMX.google.aac.decoder] onMessage: AMessage(what = 'cdcN', target = 190) = {
07-02 05:35:53.824   335 11627 V NuPlayerDecoder:   int32_t generation = 1
07-02 05:35:53.824   335 11627 V NuPlayerDecoder:   int32_t input-buffers = 1
07-02 05:35:53.824   335 11627 V NuPlayerDecoder:   int32_t output-buffers = 0
07-02 05:35:53.824   335 11627 V NuPlayerDecoder: }
07-02 05:35:53.824   335 11627 V NuPlayerDecoder: [OMX.google.aac.decoder] dequeued input: 1
07-02 05:35:53.824   335 11628 V ACodec  : [OMX.google.aac.decoder] calling emptyBuffer 0xb86b50a8 w/ time 25664000 us
07-02 05:35:53.824   335 11628 V ACodec  : [OMX.google.aac.decoder] onOMXFillBufferDone 3094041744 time 25536000 us, flags = 0x00000000
07-02 05:35:53.824   335 11627 V NuPlayerDecoder: [OMX.google.aac.decoder] onMessage: AMessage(what = 'cdcN', target = 190) = {
07-02 05:35:53.824   335 11627 V NuPlayerDecoder:   int32_t generation = 1
07-02 05:35:53.824   335 11627 V NuPlayerDecoder:   int32_t input-buffers = 0
07-02 05:35:53.824   335 11627 V NuPlayerDecoder:   int32_t output-buffers = 1
07-02 05:35:53.824   335 11627 V NuPlayerDecoder: }
07-02 05:35:53.824   335 11627 V NuPlayerDecoder: [OMX.google.aac.decoder] dequeued output: 2 (time=25536000 flags=0)
07-02 05:35:53.843   335 11623 V NuPlayerRenderer: rendering audio at media time 25.49 secs
07-02 05:35:53.843   335 11627 V NuPlayerDecoder: [OMX.google.aac.decoder] onMessage: AMessage(what = 'rndr', target = 190) = {
07-02 05:35:53.843   335 11627 V NuPlayerDecoder:   size_t buffer-ix = 3
07-02 05:35:53.843   335 11627 V NuPlayerDecoder:   int32_t generation = 1
07-02 05:35:53.843   335 11627 V NuPlayerDecoder: }
07-02 05:35:53.843   335 11623 V NuPlayerRenderer: getPlayedOutAudioDurationUs(1529381) nowUs(1141374049) frames(72528) framesAt(1141355668)
07-02 05:35:53.843   335 11628 V ACodec  : [OMX.google.aac.decoder] calling fillBuffer 3094042272
07-02 05:35:53.844   335 11628 V ACodec  : [OMX.google.aac.decoder] onOMXEmptyBufferDone 0xb86b5190
07-02 05:35:53.844   335 11627 V NuPlayerDecoder: [OMX.google.aac.decoder] onMessage: AMessage(what = 'cdcN', target = 190) = {
07-02 05:35:53.844   335 11627 V NuPlayerDecoder:   int32_t generation = 1
07-02 05:35:53.844   335 11627 V NuPlayerDecoder:   int32_t input-buffers = 1
07-02 05:35:53.844   335 11627 V NuPlayerDecoder:   int32_t output-buffers = 0
07-02 05:35:53.844   335 11627 V NuPlayerDecoder: }
07-02 05:35:53.844   335 11627 V NuPlayerDecoder: [OMX.google.aac.decoder] dequeued input: 2
07-02 05:35:53.844   335 11628 V ACodec  : [OMX.google.aac.decoder] calling emptyBuffer 0xb86b5190 w/ time 25685333 us
07-02 05:35:53.845   335 11628 V ACodec  : [OMX.google.aac.decoder] onOMXFillBufferDone 3094042272 time 25557333 us, flags = 0x00000000
07-02 05:35:53.845   335 11627 V NuPlayerDecoder: [OMX.google.aac.decoder] onMessage: AMessage(what = 'cdcN', target = 190) = {
07-02 05:35:53.845   335 11627 V NuPlayerDecoder:   int32_t generation = 1
07-02 05:35:53.845   335 11627 V NuPlayerDecoder:   int32_t input-buffers = 0
07-02 05:35:53.845   335 11627 V NuPlayerDecoder:   int32_t output-buffers = 1
07-02 05:35:53.845   335 11627 V NuPlayerDecoder: }
07-02 05:35:53.845   335 11627 V NuPlayerDecoder: [OMX.google.aac.decoder] dequeued output: 3 (time=25557333 flags=0)
07-02 05:35:53.852   335 11623 V NuPlayerRenderer: rendering video at media time 25.28 secs
07-02 05:35:53.852   335 11624 V NuPlayerDecoder: [OMX.qcom.video.decoder.avc] onMessage: AMessage(what = 'rndr', target = 187) = {
07-02 05:35:53.852   335 11624 V NuPlayerDecoder:   size_t buffer-ix = 4
07-02 05:35:53.852   335 11624 V NuPlayerDecoder:   int32_t generation = 1
07-02 05:35:53.852   335 11624 V NuPlayerDecoder:   int64_t timestampNs = 1141423335000
07-02 05:35:53.852   335 11624 V NuPlayerDecoder:   int32_t render = 1
07-02 05:35:53.852   335 11624 V NuPlayerDecoder: }
