07-02 05:35:54.170   335 11627 V NuPlayerDecoder: [OMX.google.aac.decoder] onMessage: AMessage(what = 'cdcN', target = 190) = {
07-02 05:35:54.170   335 11627 V NuPlayerDecoder:   int32_t generation = 1
07-02 05:35:54.170   335 11627 V NuPlayerDecoder:   int32_t input-buffers = 0
07-02 05:35:54.170   335 11627 V NuPlayerDecoder:   int32_t output-buffers = 1
07-02 05:35:54.170   335 11627 V NuPlayerDecoder: }
07-02 05:35:54.170   335 11627 V NuPlayerDecoder: [OMX.google.aac.decoder] dequeued output: 3 (time=25898666 flags=0)
07-02 05:35:54.186   335 11626 V ACodec  : [OMX.qcom.video.decoder.avc] onOMXEmptyBufferDone 0xb8726b90
07-02 05:35:54.186   335 11624 V NuPlayerDecoder: [OMX.qcom.video.decoder.avc] onMessage: AMessage(what = 'cdcN', target = 187) = {
07-02 05:35:54.186   335 11624 V NuPlayerDecoder:   int32_t generation = 1
07-02 05:35:54.186   335 11624 V NuPlayerDecoder:   int32_t input-buffers = 1
07-02 05:35:54.186   335 11624 V NuPlayerDecoder:   int32_t output-buffers = 0
07-02 05:35:54.186   335 11624 V NuPlayerDecoder: }
07-02 05:35:54.186   335 11624 V NuPlayerDecoder: [OMX.qcom.video.decoder.avc] dequeued input: 2
07-02 05:35:54.187   335 11626 V ACodec  : [OMX.qcom.video.decoder.avc] calling emptyBuffer 0xb8726b90 w/ time 25960000 us
07-02 05:35:54.188   335 11626 V ACodec  : MetaDataBuffersToSubmit=0 portMode=RESUBMIT
07-02 05:35:54.188   335 11626 V ACodec  : [OMX.qcom.video.decoder.avc] onOMXFillBufferDone 3094270752 time 25720000 us, flags = 0x00000210
07-02 05:35:54.188   335 11624 V NuPlayerDecoder: [OMX.qcom.video.decoder.avc] onMessage: AMessage(what = 'cdcN', target = 187) = {
07-02 05:35:54.188   335 11624 V NuPlayerDecoder:   int32_t generation = 1
07-02 05:35:54.188   335 11624 V NuPlayerDecoder:   int32_t input-buffers = 0
07-02 05:35:54.188   335 11624 V NuPlayerDecoder:   int32_t output-buffers = 1
07-02 05:35:54.188   335 11624 V NuPlayerDecoder: }
07-02 05:35:54.188   335 11624 V NuPlayerDecoder: [OMX.qcom.video.decoder.avc] dequeued output: 6 (time=25720000 flags=0)
07-02 05:35:54.188   335 11623 V NuPlayerRenderer: rendering audio at media time 25.86 secs
07-02 05:35:54.188   335 11627 V NuPlayerDecoder: [OMX.google.aac.decoder] onMessage: AMessage(what = 'rndr', target = 190) = {
07-02 05:35:54.188   335 11627 V NuPlayerDecoder:   size_t buffer-ix = 0
07-02 05:35:54.188   335 11627 V NuPlayerDecoder:   int32_t generation = 1
07-02 05:35:54.188   335 11627 V NuPlayerDecoder: }
07-02 05:35:54.188   335 11623 V NuPlayerRenderer: getPlayedOutAudioDurationUs(1874525) nowUs(1141719186) frames(89808) framesAt(1141715661)
07-02 05:35:54.188   335 11628 V ACodec  : [OMX.google.aac.decoder] calling fillBuffer 3094477456
07-02 05:35:54.189   335 11628 V ACodec  : [OMX.google.aac.decoder] onOMXEmptyBufferDone 0xb86b5290
07-02 05:35:54.189   335 11628 V ACodec  : [OMX.google.aac.decoder] onOMXFillBufferDone 3094477456 time 25920000 us, flags = 0x00000000
07-02 05:35:54.190   335 11627 V NuPlayerDecoder: [OMX.google.aac.decoder] onMessage: AMessage(what = 'cdcN', target = 190) = {
07-02 05:35:54.190   335 11627 V NuPlayerDecoder:   int32_t generation = 1
07-02 05:35:54.190   335 11627 V NuPlayerDecoder:   int32_t input-buffers = 1
07-02 05:35:54.190   335 11627 V NuPlayerDecoder:   int32_t output-buffers = 0
07-02 05:35:54.190   335 11627 V NuPlayerDecoder: }
07-02 05:35:54.190   335 11627 V NuPlayerDecoder: [OMX.google.aac.decoder] dequeued input: 3
07-02 05:35:54.190   335 11628 V ACodec  : [OMX.google.aac.decoder] calling emptyBuffer 0xb86b5290 w/ time 26048000 us
07-02 05:35:54.190   335 11627 V NuPlayerDecoder: [OMX.google.aac.decoder] onMessage: AMessage(what = 'cdcN', target = 190) = {
07-02 05:35:54.190   335 11627 V NuPlayerDecoder:   int32_t generation = 1
07-02 05:35:54.190   335 11627 V NuPlayerDecoder:   int32_t input-buffers = 0
07-02 05:35:54.190   335 11627 V NuPlayerDecoder:   int32_t output-buffers = 1
07-02 05:35:54.190   335 11627 V NuPlayerDecoder: }
07-02 05:35:54.190   335 11627 V NuPlayerDecoder: [OMX.google.aac.decoder] dequeued output: 0 (time=25920000 flags=0)
07-02 05:35:54.202   335 11623 V NuPlayerRenderer: rendering video at media time 25.64 secs
07-02 05:35:54.202   335 11624 V NuPlayerDecoder: [OMX.qcom.video.decoder.avc] onMessage: AMessage(what = 'rndr', target = 187) = {
07-02 05:35:54.202   335 11624 V NuPlayerDecoder:   size_t buffer-ix = 7
07-02 05:35:54.202   335 11624 V NuPlayerDecoder:   int32_t generation = 1
07-02 05:35:54.202   335 11624 V NuPlayerDecoder:   int64_t timestampNs = 1141783327000
07-02 05:35:54.202   335 11624 V NuPlayerDecoder:   int32_t render = 1
07-02 05:35:54.202   335 11624 V NuPlayerDecoder: }
07-02 05:35:54.202   335 11626 V ACodec  : [OMX.qcom.video.decoder.avc] calling fillBuffer 3094270432
07-02 05:35:54.209   335 11623 V NuPlayerRenderer: rendering audio at media time 25.88 secs
07-02 05:35:54.209   335 11627 V NuPlayerDecoder: [OMX.google.aac.decoder] onMessage: AMessage(what = 'rndr', target = 190) = {
07-02 05:35:54.209   335 11627 V NuPlayerDecoder:   size_t buffer-ix = 1
07-02 05:35:54.209   335 11627 V NuPlayerDecoder:   int32_t generation = 1
07-02 05:35:54.209   335 11627 V NuPlayerDecoder: }
07-02 05:35:54.209   335 11623 V NuPlayerRenderer: getPlayedOutAudioDurationUs(1894814) nowUs(1141739511) frames(90768) framesAt(1141735697)
07-02 05:35:54.209   335 11628 V ACodec  : [OMX.google.aac.decoder] calling fillBuffer 3094483840
07-02 05:35:54.210   335 11628 V ACodec  : [OMX.google.aac.decoder] onOMXEmptyBufferDone 0xb86f0ad8
07-02 05:35:54.210   335 11628 V ACodec  : [OMX.google.aac.decoder] onOMXFillBufferDone 3094483840 time 25941333 us, flags = 0x00000000
07-02 05:35:54.210   335 11627 V NuPlayerDecoder: [OMX.google.aac.decoder] onMessage: AMessage(what = 'cdcN', target = 190) = {
07-02 05:35:54.210   335 11627 V NuPlayerDecoder:   int32_t generation = 1
07-02 05:35:54.210   335 11627 V NuPlayerDecoder:   int32_t input-buffers = 1
07-02 05:35:54.210   335 11627 V NuPlayerDecoder:   int32_t output-buffers = 0
07-02 05:35:54.210   335 11627 V NuPlayerDecoder: }
07-02 05:35:54.210   335 11627 V NuPlayerDecoder: [OMX.google.aac.decoder] dequeued input: 0
07-02 05:35:54.210   335 11628 V ACodec  : [OMX.google.aac.decoder] calling emptyBuffer 0xb86f0ad8 w/ time 26069333 us
07-02 05:35:54.210   335 11627 V NuPlayerDecoder: [OMX.google.aac.decoder] onMessage: AMessage(what = 'cdcN', target = 190) = {
07-02 05:35:54.210   335 11627 V NuPlayerDecoder:   int32_t generation = 1
07-02 05:35:54.210   335 11627 V NuPlayerDecoder:   int32_t input-buffers = 0
07-02 05:35:54.210   335 11627 V NuPlayerDecoder:   int32_t output-buffers = 1
07-02 05:35:54.210   335 11627 V NuPlayerDecoder: }
07-02 05:35:54.210   335 11627 V NuPlayerDecoder: [OMX.google.aac.decoder] dequeued output: 1 (time=25941333 flags=0)
07-02 05:35:54.219   335 11626 V ACodec  : [OMX.qcom.video.decoder.avc] onOMXEmptyBufferDone 0xb8726be0
07-02 05:35:54.219   335 11624 V NuPlayerDecoder: [OMX.qcom.video.decoder.avc] onMessage: AMessage(what = 'cdcN', target = 187) = {
07-02 05:35:54.219   335 11624 V NuPlayerDecoder:   int32_t generation = 1
07-02 05:35:54.219   335 11624 V NuPlayerDecoder:   int32_t input-buffers = 1
07-02 05:35:54.219   335 11624 V NuPlayerDecoder:   int32_t output-buffers = 0
07-02 05:35:54.219   335 11624 V NuPlayerDecoder: }
07-02 05:35:54.219   335 11624 V NuPlayerDecoder: [OMX.qcom.video.decoder.avc] dequeued input: 3
07-02 05:35:54.219   335 11626 V ACodec  : [OMX.qcom.video.decoder.avc] calling emptyBuffer 0xb8726be0 w/ time 26000000 us
07-02 05:35:54.219   335 11626 V ACodec  : MetaDataBuffersToSubmit=0 portMode=RESUBMIT
07-02 05:35:54.219   335 11626 V ACodec  : [OMX.qcom.video.decoder.avc] onOMXFillBufferDone 3094270912 time 25760000 us, flags = 0x00000210
07-02 05:35:54.220   335 11624 V NuPlayerDecoder: [OMX.qcom.video.decoder.avc] onMessage: AMessage(what = 'cdcN', target = 187) = {
07-02 05:35:54.220   335 11624 V NuPlayerDecoder:   int32_t generation = 1
07-02 05:35:54.220   335 11624 V NuPlayerDecoder:   int32_t input-buffers = 0
07-02 05:35:54.220   335 11624 V NuPlayerDecoder:   int32_t output-buffers = 1
07-02 05:35:54.220   335 11624 V NuPlayerDecoder: }
07-02 05:35:54.220   335 11624 V NuPlayerDecoder: [OMX.qcom.video.decoder.avc] dequeued output: 8 (time=25760000 flags=0)
07-02 05:35:54.229   335 11623 V NuPlayerRenderer: rendering audio at media time 25.90 secs
07-02 05:35:54.229   335 11627 V NuPlayerDecoder: [OMX.google.aac.decoder] onMessage: AMessage(what = 'rndr', target = 190) = {
07-02 05:35:54.229   335 11627 V NuPlayerDecoder:   size_t buffer-ix = 2
07-02 05:35:54.229   335 11627 V NuPlayerDecoder:   int32_t generation = 1
07-02 05:35:54.229   335 11627 V NuPlayerDecoder: }
07-02 05:35:54.229   335 11623 V NuPlayerRenderer: getPlayedOutAudioDurationUs(1915580) nowUs(1141760240) frames(91728) framesAt(1141755660)
07-02 05:35:54.229   335 11628 V ACodec  : [OMX.google.aac.decoder] calling fillBuffer 3094041744
07-02 05:35:54.230   335 11628 V ACodec  : [OMX.google.aac.decoder] onOMXEmptyBufferDone 0xb86b50a8
07-02 05:35:54.230   335 11628 V ACodec  : [OMX.google.aac.decoder] onOMXFillBufferDone 3094041744 time 25962666 us, flags = 0x00000000
07-02 05:35:54.231   335 11627 V NuPlayerDecoder: [OMX.google.aac.decoder] onMessage: AMessage(what = 'cdcN', target = 190) = {
07-02 05:35:54.231   335 11627 V NuPlayerDecoder:   int32_t generation = 1
07-02 05:35:54.231   335 11627 V NuPlayerDecoder:   int32_t input-buffers = 1
07-02 05:35:54.231   335 11627 V NuPlayerDecoder:   int32_t output-buffers = 0
07-02 05:35:54.231   335 11627 V NuPlayerDecoder: }
07-02 05:35:54.231   335 11627 V NuPlayerDecoder: [OMX.google.aac.decoder] dequeued input: 1
07-02 05:35:54.231   335 11628 V ACodec  : [OMX.google.aac.decoder] calling emptyBuffer 0xb86b50a8 w/ time 26090666 us
07-02 05:35:54.231   335 11627 V NuPlayerDecoder: [OMX.google.aac.decoder] onMessage: AMessage(what = 'cdcN', target = 190) = {
07-02 05:35:54.231   335 11627 V NuPlayerDecoder:   int32_t generation = 1
07-02 05:35:54.231   335 11627 V NuPlayerDecoder:   int32_t input-buffers = 0
07-02 05:35:54.231   335 11627 V NuPlayerDecoder:   int32_t output-buffers = 1
07-02 05:35:54.231   335 11627 V NuPlayerDecoder: }
07-02 05:35:54.231   335 11627 V NuPlayerDecoder: [OMX.google.aac.decoder] dequeued output: 2 (time=25962666 flags=0)
07-02 05:35:54.250   335 11623 V NuPlayerRenderer: rendering audio at media time 25.92 secs
07-02 05:35:54.250   335 11627 V NuPlayerDecoder: [OMX.google.aac.decoder] onMessage: AMessage(what = 'rndr', target = 190) = {
07-02 05:35:54.250   335 11627 V NuPlayerDecoder:   size_t buffer-ix = 3
07-02 05:35:54.250   335 11627 V NuPlayerDecoder:   int32_t generation = 1
07-02 05:35:54.250   335 11627 V NuPlayerDecoder: }
07-02 05:35:54.250   335 11623 V NuPlayerRenderer: getPlayedOutAudioDurationUs(1935866) nowUs(1141780536) frames(92688) framesAt(1141775670)
07-02 05:35:54.250   335 11628 V ACodec  : [OMX.google.aac.decoder] calling fillBuffer 3094042272
07-02 05:35:54.251   335 11628 V ACodec  : [OMX.google.aac.decoder] onOMXEmptyBufferDone 0xb86b5190
07-02 05:35:54.251   335 11628 V ACodec  : [OMX.google.aac.decoder] onOMXFillBufferDone 3094042272 time 25984000 us, flags = 0x00000000
07-02 05:35:54.251   335 11627 V NuPlayerDecoder: [OMX.google.aac.decoder] onMessage: AMessage(what = 'cdcN', target = 190) = {
07-02 05:35:54.251   335 11627 V NuPlayerDecoder:   int32_t generation = 1
07-02 05:35:54.251   335 11627 V NuPlayerDecoder:   int32_t input-buffers = 1
07-02 05:35:54.251   335 11627 V NuPlayerDecoder:   int32_t output-buffers = 0
07-02 05:35:54.251   335 11627 V NuPlayerDecoder: }
07-02 05:35:54.251   335 11627 V NuPlayerDecoder: [OMX.google.aac.decoder] dequeued input: 2
07-02 05:35:54.251   335 11628 V ACodec  : [OMX.google.aac.decoder] calling emptyBuffer 0xb86b5190 w/ time 26112000 us
07-02 05:35:54.251   335 11627 V NuPlayerDecoder: [OMX.google.aac.decoder] onMessage: AMessage(what = 'cdcN', target = 190) = {
07-02 05:35:54.251   335 11627 V NuPlayerDecoder:   int32_t generation = 1
07-02 05:35:54.251   335 11627 V NuPlayerDecoder:   int32_t input-buffers = 0
07-02 05:35:54.251   335 11627 V NuPlayerDecoder:   int32_t output-buffers = 1
07-02 05:35:54.251   335 11627 V NuPlayerDecoder: }
07-02 05:35:54.251   335 11627 V NuPlayerDecoder: [OMX.google.aac.decoder] dequeued output: 3 (time=25984000 flags=0)
07-02 05:35:54.251   335 11623 V NuPlayerRenderer: rendering video at media time 25.68 secs
07-02 05:35:54.252   335 11624 V NuPlayerDecoder: [OMX.qcom.video.decoder.avc] onMessage: AMessage(what = 'rndr', target = 187) = {
07-02 05:35:54.252   335 11624 V NuPlayerDecoder:   size_t buffer-ix = 3
07-02 05:35:54.252   335 11624 V NuPlayerDecoder:   int32_t generation = 1
07-02 05:35:54.252   335 11624 V NuPlayerDecoder:   int64_t timestampNs = 1141823336000
07-02 05:35:54.252   335 11624 V NuPlayerDecoder:   int32_t render = 1
07-02 05:35:54.252   335 11624 V NuPlayerDecoder: }
07-02 05:35:54.252   335 11626 V ACodec  : [OMX.qcom.video.decoder.avc] calling fillBuffer 3094270672
07-02 05:35:54.270   335 11627 V NuPlayerDecoder: [OMX.google.aac.decoder] onMessage: AMessage(what = 'rndr', target = 190) = {
07-02 05:35:54.270   335 11627 V NuPlayerDecoder:   size_t buffer-ix = 0
07-02 05:35:54.270   335 11627 V NuPlayerDecoder:   int32_t generation = 1
07-02 05:35:54.270   335 11627 V NuPlayerDecoder: }
07-02 05:35:54.270   335 11628 V ACodec  : [OMX.google.aac.decoder] calling fillBuffer 3094477456
07-02 05:35:54.271   335 11628 V ACodec  : [OMX.google.aac.decoder] onOMXEmptyBufferDone 0xb86b5290
07-02 05:35:54.271   335 11626 V ACodec  : [OMX.qcom.video.decoder.avc] onOMXEmptyBufferDone 0xb8726af0
07-02 05:35:54.271   335 11628 V ACodec  : [OMX.google.aac.decoder] onOMXFillBufferDone 3094477456 time 26005333 us, flags = 0x00000000
07-02 05:35:54.271   335 11624 V NuPlayerDecoder: [OMX.qcom.video.decoder.avc] onMessage: AMessage(what = 'cdcN', target = 187) = {
07-02 05:35:54.271   335 11624 V NuPlayerDecoder:   int32_t generation = 1
07-02 05:35:54.271   335 11624 V NuPlayerDecoder:   int32_t input-buffers = 1
07-02 05:35:54.271   335 11624 V NuPlayerDecoder:   int32_t output-buffers = 0
07-02 05:35:54.271   335 11624 V NuPlayerDecoder: }
07-02 05:35:54.271   335 11624 V NuPlayerDecoder: [OMX.qcom.video.decoder.avc] dequeued input: 0
07-02 05:35:54.272   335 11626 V ACodec  : [OMX.qcom.video.decoder.avc] onOMXFillBufferDone 3094270352 time 25800000 us, flags = 0x00000210
07-02 05:35:54.272   335 11627 V NuPlayerDecoder: [OMX.google.aac.decoder] onMessage: AMessage(what = 'cdcN', target = 190) = {
07-02 05:35:54.272   335 11627 V NuPlayerDecoder:   int32_t generation = 1
07-02 05:35:54.272   335 11627 V NuPlayerDecoder:   int32_t input-buffers = 1
07-02 05:35:54.272   335 11627 V NuPlayerDecoder:   int32_t output-buffers = 0
07-02 05:35:54.272   335 11627 V NuPlayerDecoder: }
07-02 05:35:54.272   335 11626 V ACodec  : [OMX.qcom.video.decoder.avc] calling emptyBuffer 0xb8726af0 w/ time 26040000 us
07-02 05:35:54.272   335 11626 V ACodec  : MetaDataBuffersToSubmit=0 portMode=RESUBMIT
07-02 05:35:54.272   335 11627 V NuPlayerDecoder: [OMX.google.aac.decoder] dequeued input: 3
07-02 05:35:54.272   335 11624 V NuPlayerDecoder: [OMX.qcom.video.decoder.avc] onMessage: AMessage(what = 'cdcN', target = 187) = {
07-02 05:35:54.272   335 11624 V NuPlayerDecoder:   int32_t generation = 1
07-02 05:35:54.272   335 11624 V NuPlayerDecoder:   int32_t input-buffers = 0
07-02 05:35:54.272   335 11624 V NuPlayerDecoder:   int32_t output-buffers = 1
07-02 05:35:54.272   335 11624 V NuPlayerDecoder: }
07-02 05:35:54.272   335 11624 V NuPlayerDecoder: [OMX.qcom.video.decoder.avc] dequeued output: 1 (time=25800000 flags=0)
07-02 05:35:54.272   335 11628 V ACodec  : [OMX.google.aac.decoder] calling emptyBuffer 0xb86b5290 w/ time 26133333 us
07-02 05:35:54.272   335 11627 V NuPlayerDecoder: [OMX.google.aac.decoder] onMessage: AMessage(what = 'cdcN', target = 190) = {
07-02 05:35:54.272   335 11627 V NuPlayerDecoder:   int32_t generation = 1
07-02 05:35:54.272   335 11627 V NuPlayerDecoder:   int32_t input-buffers = 0
07-02 05:35:54.272   335 11627 V NuPlayerDecoder:   int32_t output-buffers = 1
07-02 05:35:54.272   335 11627 V NuPlayerDecoder: }
07-02 05:35:54.272   335 11627 V NuPlayerDecoder: [OMX.google.aac.decoder] dequeued output: 0 (time=26005333 flags=0)
07-02 05:35:54.286   335 11623 V NuPlayerRenderer: rendering video at media time 25.72 secs
07-02 05:35:54.286   335 11624 V NuPlayerDecoder: [OMX.qcom.video.decoder.avc] onMessage: AMessage(what = 'rndr', target = 187) = {
07-02 05:35:54.286   335 11624 V NuPlayerDecoder:   size_t buffer-ix = 6
07-02 05:35:54.286   335 11624 V NuPlayerDecoder:   int32_t generation = 1
07-02 05:35:54.286   335 11624 V NuPlayerDecoder:   int64_t timestampNs = 1141863336000
07-02 05:35:54.286   335 11624 V NuPlayerDecoder:   int32_t render = 1
07-02 05:35:54.286   335 11624 V NuPlayerDecoder: }
07-02 05:35:54.287   335 11626 V ACodec  : [OMX.qcom.video.decoder.avc] calling fillBuffer 3094270592
07-02 05:35:54.290   335 11623 V NuPlayerRenderer: rendering audio at media time 25.94 secs
07-02 05:35:54.290   335 11623 V NuPlayerRenderer: getPlayedOutAudioDurationUs(1976333) nowUs(1141821002) frames(94608) framesAt(1141815669)
07-02 05:35:54.303   335 11626 V ACodec  : [OMX.qcom.video.decoder.avc] onOMXEmptyBufferDone 0xb8726b40
07-02 05:35:54.303   335 11624 V NuPlayerDecoder: [OMX.qcom.video.decoder.avc] onMessage: AMessage(what = 'cdcN', target = 187) = {
07-02 05:35:54.303   335 11624 V NuPlayerDecoder:   int32_t generation = 1
07-02 05:35:54.303   335 11624 V NuPlayerDecoder:   int32_t input-buffers = 1
07-02 05:35:54.303   335 11624 V NuPlayerDecoder:   int32_t output-buffers = 0
07-02 05:35:54.303   335 11624 V NuPlayerDecoder: }
07-02 05:35:54.303   335 11624 V NuPlayerDecoder: [OMX.qcom.video.decoder.avc] dequeued input: 1
07-02 05:35:54.304   335 11626 V ACodec  : [OMX.qcom.video.decoder.avc] calling emptyBuffer 0xb8726b40 w/ time 26080000 us
07-02 05:35:54.304   335 11626 V ACodec  : MetaDataBuffersToSubmit=0 portMode=RESUBMIT
07-02 05:35:54.304   335 11626 V ACodec  : [OMX.qcom.video.decoder.avc] onOMXFillBufferDone 3094270432 time 25840000 us, flags = 0x00000210
07-02 05:35:54.304   335 11624 V NuPlayerDecoder: [OMX.qcom.video.decoder.avc] onMessage: AMessage(what = 'cdcN', target = 187) = {
07-02 05:35:54.304   335 11624 V NuPlayerDecoder:   int32_t generation = 1
07-02 05:35:54.304   335 11624 V NuPlayerDecoder:   int32_t input-buffers = 0
07-02 05:35:54.304   335 11624 V NuPlayerDecoder:   int32_t output-buffers = 1
07-02 05:35:54.304   335 11624 V NuPlayerDecoder: }
07-02 05:35:54.304   335 11624 V NuPlayerDecoder: [OMX.qcom.video.decoder.avc] dequeued output: 2 (time=25840000 flags=0)
07-02 05:35:54.310   335 11623 V NuPlayerRenderer: rendering audio at media time 25.96 secs
07-02 05:35:54.310   335 11627 V NuPlayerDecoder: [OMX.google.aac.decoder] onMessage: AMessage(what = 'rndr', target = 190) = {
07-02 05:35:54.310   335 11627 V NuPlayerDecoder:   size_t buffer-ix = 1
07-02 05:35:54.310   335 11627 V NuPlayerDecoder:   int32_t generation = 1
07-02 05:35:54.310   335 11627 V NuPlayerDecoder: }
07-02 05:35:54.310   335 11623 V NuPlayerRenderer: getPlayedOutAudioDurationUs(1996602) nowUs(1141841293) frames(95568) framesAt(1141835691)
07-02 05:35:54.311   335 11628 V ACodec  : [OMX.google.aac.decoder] calling fillBuffer 3094483840
07-02 05:35:54.311   335 11628 V ACodec  : [OMX.google.aac.decoder] onOMXEmptyBufferDone 0xb86f0ad8
07-02 05:35:54.311   335 11628 V ACodec  : [OMX.google.aac.decoder] onOMXFillBufferDone 3094483840 time 26026666 us, flags = 0x00000000
07-02 05:35:54.312   335 11627 V NuPlayerDecoder: [OMX.google.aac.decoder] onMessage: AMessage(what = 'cdcN', target = 190) = {
07-02 05:35:54.312   335 11627 V NuPlayerDecoder:   int32_t generation = 1
07-02 05:35:54.312   335 11627 V NuPlayerDecoder:   int32_t input-buffers = 1
07-02 05:35:54.312   335 11627 V NuPlayerDecoder:   int32_t output-buffers = 0
07-02 05:35:54.312   335 11627 V NuPlayerDecoder: }
07-02 05:35:54.312   335 11627 V NuPlayerDecoder: [OMX.google.aac.decoder] dequeued input: 0
07-02 05:35:54.312   335 11628 V ACodec  : [OMX.google.aac.decoder] calling emptyBuffer 0xb86f0ad8 w/ time 26154666 us
07-02 05:35:54.312   335 11627 V NuPlayerDecoder: [OMX.google.aac.decoder] onMessage: AMessage(what = 'cdcN', target = 190) = {
07-02 05:35:54.312   335 11627 V NuPlayerDecoder:   int32_t generation = 1
07-02 05:35:54.312   335 11627 V NuPlayerDecoder:   int32_t input-buffers = 0
07-02 05:35:54.312   335 11627 V NuPlayerDecoder:   int32_t output-buffers = 1
07-02 05:35:54.312   335 11627 V NuPlayerDecoder: }
07-02 05:35:54.312   335 11627 V NuPlayerDecoder: [OMX.google.aac.decoder] dequeued output: 1 (time=26026666 flags=0)
07-02 05:35:54.331   335 11623 V NuPlayerRenderer: rendering audio at media time 25.98 secs
07-02 05:35:54.331   335 11627 V NuPlayerDecoder: [OMX.google.aac.decoder] onMessage: AMessage(what = 'rndr', target = 190) = {
07-02 05:35:54.331   335 11627 V NuPlayerDecoder:   size_t buffer-ix = 2
07-02 05:35:54.331   335 11627 V NuPlayerDecoder:   int32_t generation = 1
07-02 05:35:54.331   335 11627 V NuPlayerDecoder: }
07-02 05:35:54.331   335 11623 V NuPlayerRenderer: getPlayedOutAudioDurationUs(2016780) nowUs(1141861585) frames(96528) framesAt(1141855805)
07-02 05:35:54.331   335 11628 V ACodec  : [OMX.google.aac.decoder] calling fillBuffer 3094041744
07-02 05:35:54.332   335 11628 V ACodec  : [OMX.google.aac.decoder] onOMXEmptyBufferDone 0xb86b50a8
07-02 05:35:54.332   335 11628 V ACodec  : [OMX.google.aac.decoder] onOMXFillBufferDone 3094041744 time 26048000 us, flags = 0x00000000
07-02 05:35:54.332   335 11627 V NuPlayerDecoder: [OMX.google.aac.decoder] onMessage: AMessage(what = 'cdcN', target = 190) = {
07-02 05:35:54.332   335 11627 V NuPlayerDecoder:   int32_t generation = 1
07-02 05:35:54.332   335 11627 V NuPlayerDecoder:   int32_t input-buffers = 1
07-02 05:35:54.332   335 11627 V NuPlayerDecoder:   int32_t output-buffers = 0
07-02 05:35:54.332   335 11627 V NuPlayerDecoder: }
07-02 05:35:54.332   335 11627 V NuPlayerDecoder: [OMX.google.aac.decoder] dequeued input: 1
07-02 05:35:54.332   335 11628 V ACodec  : [OMX.google.aac.decoder] calling emptyBuffer 0xb86b50a8 w/ time 26176000 us
07-02 05:35:54.332   335 11627 V NuPlayerDecoder: [OMX.google.aac.decoder] onMessage: AMessage(what = 'cdcN', target = 190) = {
07-02 05:35:54.332   335 11627 V NuPlayerDecoder:   int32_t generation = 1
07-02 05:35:54.332   335 11627 V NuPlayerDecoder:   int32_t input-buffers = 0
07-02 05:35:54.332   335 11627 V NuPlayerDecoder:   int32_t output-buffers = 1
07-02 05:35:54.332   335 11627 V NuPlayerDecoder: }
07-02 05:35:54.332   335 11627 V NuPlayerDecoder: [OMX.google.aac.decoder] dequeued output: 2 (time=26048000 flags=0)
07-02 05:35:54.335   335 11623 V NuPlayerRenderer: rendering video at media time 25.76 secs
07-02 05:35:54.335   335 11624 V NuPlayerDecoder: [OMX.qcom.video.decoder.avc] onMessage: AMessage(what = 'rndr', target = 187) = {
07-02 05:35:54.335   335 11624 V NuPlayerDecoder:   size_t buffer-ix = 8
07-02 05:35:54.335   335 11624 V NuPlayerDecoder:   int32_t generation = 1
07-02 05:35:54.335   335 11624 V NuPlayerDecoder:   int64_t timestampNs = 1141903471000
07-02 05:35:54.335   335 11624 V NuPlayerDecoder:   int32_t render = 1
07-02 05:35:54.335   335 11624 V NuPlayerDecoder: }
07-02 05:35:54.335   335 11626 V ACodec  : [OMX.qcom.video.decoder.avc] calling fillBuffer 3094270832
07-02 05:35:54.351   335 11623 V NuPlayerRenderer: rendering audio at media time 26.01 secs
07-02 05:35:54.351   335 11627 V NuPlayerDecoder: [OMX.google.aac.decoder] onMessage: AMessage(what = 'rndr', target = 190) = {
07-02 05:35:54.351   335 11627 V NuPlayerDecoder:   size_t buffer-ix = 3
07-02 05:35:54.351   335 11627 V NuPlayerDecoder:   int32_t generation = 1
07-02 05:35:54.351   335 11627 V NuPlayerDecoder: }
07-02 05:35:54.351   335 11623 V NuPlayerRenderer: getPlayedOutAudioDurationUs(2037391) nowUs(1141882069) frames(97488) framesAt(1141875678)
07-02 05:35:54.351   335 11628 V ACodec  : [OMX.google.aac.decoder] calling fillBuffer 3094042272
07-02 05:35:54.352   335 11626 V ACodec  : [OMX.qcom.video.decoder.avc] onOMXEmptyBufferDone 0xb8726b90
07-02 05:35:54.352   335 11624 V NuPlayerDecoder: [OMX.qcom.video.decoder.avc] onMessage: AMessage(what = 'cdcN', target = 187) = {
07-02 05:35:54.352   335 11624 V NuPlayerDecoder:   int32_t generation = 1
07-02 05:35:54.352   335 11624 V NuPlayerDecoder:   int32_t input-buffers = 1
07-02 05:35:54.352   335 11624 V NuPlayerDecoder:   int32_t output-buffers = 0
07-02 05:35:54.352   335 11624 V NuPlayerDecoder: }
07-02 05:35:54.352   335 11624 V NuPlayerDecoder: [OMX.qcom.video.decoder.avc] dequeued input: 2
07-02 05:35:54.352   335 11626 V ACodec  : [OMX.qcom.video.decoder.avc] calling emptyBuffer 0xb8726b90 w/ time 26120000 us
07-02 05:35:54.352   335 11626 V ACodec  : MetaDataBuffersToSubmit=0 portMode=RESUBMIT
07-02 05:35:54.353   335 11628 V ACodec  : [OMX.google.aac.decoder] onOMXEmptyBufferDone 0xb86b5190
07-02 05:35:54.353   335 11628 V ACodec  : [OMX.google.aac.decoder] onOMXFillBufferDone 3094042272 time 26069333 us, flags = 0x00000000
07-02 05:35:54.353   335 11626 V ACodec  : [OMX.qcom.video.decoder.avc] onOMXFillBufferDone 3094270672 time 25880000 us, flags = 0x00000210
07-02 05:35:54.353   335 11627 V NuPlayerDecoder: [OMX.google.aac.decoder] onMessage: AMessage(what = 'cdcN', target = 190) = {
07-02 05:35:54.353   335 11627 V NuPlayerDecoder:   int32_t generation = 1
07-02 05:35:54.353   335 11627 V NuPlayerDecoder:   int32_t input-buffers = 1
07-02 05:35:54.353   335 11627 V NuPlayerDecoder:   int32_t output-buffers = 0
07-02 05:35:54.353   335 11627 V NuPlayerDecoder: }
07-02 05:35:54.353   335 11627 V NuPlayerDecoder: [OMX.google.aac.decoder] dequeued input: 2
07-02 05:35:54.353   335 11624 V NuPlayerDecoder: [OMX.qcom.video.decoder.avc] onMessage: AMessage(what = 'cdcN', target = 187) = {
07-02 05:35:54.353   335 11624 V NuPlayerDecoder:   int32_t generation = 1
07-02 05:35:54.353   335 11624 V NuPlayerDecoder:   int32_t input-buffers = 0
07-02 05:35:54.353   335 11624 V NuPlayerDecoder:   int32_t output-buffers = 1
07-02 05:35:54.353   335 11624 V NuPlayerDecoder: }
07-02 05:35:54.353   335 11624 V NuPlayerDecoder: [OMX.qcom.video.decoder.avc] dequeued output: 5 (time=25880000 flags=0)
07-02 05:35:54.353   335 11628 V ACodec  : [OMX.google.aac.decoder] calling emptyBuffer 0xb86b5190 w/ time 26197333 us
07-02 05:35:54.353   335 11627 V NuPlayerDecoder: [OMX.google.aac.decoder] onMessage: AMessage(what = 'cdcN', target = 190) = {
07-02 05:35:54.353   335 11627 V NuPlayerDecoder:   int32_t generation = 1
07-02 05:35:54.353   335 11627 V NuPlayerDecoder:   int32_t input-buffers = 0
07-02 05:35:54.353   335 11627 V NuPlayerDecoder:   int32_t output-buffers = 1
07-02 05:35:54.353   335 11627 V NuPlayerDecoder: }
07-02 05:35:54.353   335 11627 V NuPlayerDecoder: [OMX.google.aac.decoder] dequeued output: 3 (time=26069333 flags=0)
07-02 05:35:54.368   335 11623 V NuPlayerRenderer: rendering video at media time 25.80 secs
07-02 05:35:54.368   335 11624 V NuPlayerDecoder: [OMX.qcom.video.decoder.avc] onMessage: AMessage(what = 'rndr', target = 187) = {
07-02 05:35:54.368   335 11624 V NuPlayerDecoder:   size_t buffer-ix = 1
07-02 05:35:54.368   335 11624 V NuPlayerDecoder:   int32_t generation = 1
07-02 05:35:54.368   335 11624 V NuPlayerDecoder:   int64_t timestampNs = 1141943345000
07-02 05:35:54.368   335 11624 V NuPlayerDecoder:   int32_t render = 1
07-02 05:35:54.368   335 11624 V NuPlayerDecoder: }
07-02 05:35:54.369   335 11626 V ACodec  : [OMX.qcom.video.decoder.avc] calling fillBuffer 3094270512
07-02 05:35:54.371   335 11623 V NuPlayerRenderer: rendering audio at media time 26.03 secs
07-02 05:35:54.372   335 11627 V NuPlayerDecoder: [OMX.google.aac.decoder] onMessage: AMessage(what = 'rndr', target = 190) = {
07-02 05:35:54.372   335 11627 V NuPlayerDecoder:   size_t buffer-ix = 0
07-02 05:35:54.372   335 11627 V NuPlayerDecoder:   int32_t generation = 1
07-02 05:35:54.372   335 11627 V NuPlayerDecoder: }
07-02 05:35:54.372   335 11623 V NuPlayerRenderer: getPlayedOutAudioDurationUs(2057707) nowUs(1141902376) frames(98448) framesAt(1141895669)
07-02 05:35:54.372   335 11628 V ACodec  : [OMX.google.aac.decoder] calling fillBuffer 3094477456
07-02 05:35:54.373   335 11628 V ACodec  : [OMX.google.aac.decoder] onOMXEmptyBufferDone 0xb86b5290
07-02 05:35:54.373   335 11628 V ACodec  : [OMX.google.aac.decoder] onOMXFillBufferDone 3094477456 time 26090666 us, flags = 0x00000000
07-02 05:35:54.373   335 11627 V NuPlayerDecoder: [OMX.google.aac.decoder] onMessage: AMessage(what = 'cdcN', target = 190) = {
07-02 05:35:54.373   335 11627 V NuPlayerDecoder:   int32_t generation = 1
07-02 05:35:54.373   335 11627 V NuPlayerDecoder:   int32_t input-buffers = 1
07-02 05:35:54.373   335 11627 V NuPlayerDecoder:   int32_t output-buffers = 0
07-02 05:35:54.373   335 11627 V NuPlayerDecoder: }
07-02 05:35:54.373   335 11627 V NuPlayerDecoder: [OMX.google.aac.decoder] dequeued input: 3
07-02 05:35:54.373   335 11628 V ACodec  : [OMX.google.aac.decoder] calling emptyBuffer 0xb86b5290 w/ time 26218666 us
07-02 05:35:54.373   335 11627 V NuPlayerDecoder: [OMX.google.aac.decoder] onMessage: AMessage(what = 'cdcN', target = 190) = {
07-02 05:35:54.373   335 11627 V NuPlayerDecoder:   int32_t generation = 1
07-02 05:35:54.373   335 11627 V NuPlayerDecoder:   int32_t input-buffers = 0
07-02 05:35:54.373   335 11627 V NuPlayerDecoder:   int32_t output-buffers = 1
07-02 05:35:54.373   335 11627 V NuPlayerDecoder: }
07-02 05:35:54.373   335 11627 V NuPlayerDecoder: [OMX.google.aac.decoder] dequeued output: 0 (time=26090666 flags=0)
07-02 05:35:54.386   335 11626 V ACodec  : [OMX.qcom.video.decoder.avc] onOMXEmptyBufferDone 0xb8726be0
07-02 05:35:54.386   335 11624 V NuPlayerDecoder: [OMX.qcom.video.decoder.avc] onMessage: AMessage(what = 'cdcN', target = 187) = {
07-02 05:35:54.386   335 11624 V NuPlayerDecoder:   int32_t generation = 1
07-02 05:35:54.386   335 11624 V NuPlayerDecoder:   int32_t input-buffers = 1
07-02 05:35:54.386   335 11624 V NuPlayerDecoder:   int32_t output-buffers = 0
07-02 05:35:54.386   335 11624 V NuPlayerDecoder: }
07-02 05:35:54.386   335 11624 V NuPlayerDecoder: [OMX.qcom.video.decoder.avc] dequeued input: 3
07-02 05:35:54.387   335 11626 V ACodec  : [OMX.qcom.video.decoder.avc] calling emptyBuffer 0xb8726be0 w/ time 26160000 us
07-02 05:35:54.387   335 11626 V ACodec  : MetaDataBuffersToSubmit=0 portMode=RESUBMIT
07-02 05:35:54.387   335 11626 V ACodec  : [OMX.qcom.video.decoder.avc] onOMXFillBufferDone 3094270592 time 25920000 us, flags = 0x00000210
07-02 05:35:54.387   335 11624 V NuPlayerDecoder: [OMX.qcom.video.decoder.avc] onMessage: AMessage(what = 'cdcN', target = 187) = {
07-02 05:35:54.387   335 11624 V NuPlayerDecoder:   int32_t generation = 1
07-02 05:35:54.387   335 11624 V NuPlayerDecoder:   int32_t input-buffers = 0
07-02 05:35:54.387   335 11624 V NuPlayerDecoder:   int32_t output-buffers = 1
07-02 05:35:54.387   335 11624 V NuPlayerDecoder: }
07-02 05:35:54.387   335 11624 V NuPlayerDecoder: [OMX.qcom.video.decoder.avc] dequeued output: 4 (time=25920000 flags=0)
07-02 05:35:54.392   335 11623 V NuPlayerRenderer: rendering audio at media time 26.05 secs
07-02 05:35:54.392   335 11627 V NuPlayerDecoder: [OMX.google.aac.decoder] onMessage: AMessage(what = 'rndr', target = 190) = {
07-02 05:35:54.392   335 11627 V NuPlayerDecoder:   size_t buffer-ix = 1
07-02 05:35:54.392   335 11627 V NuPlayerDecoder:   int32_t generation = 1
07-02 05:35:54.392   335 11627 V NuPlayerDecoder: }
07-02 05:35:54.392   335 11623 V NuPlayerRenderer: getPlayedOutAudioDurationUs(2078004) nowUs(1141922667) frames(99408) framesAt(1141915663)
07-02 05:35:54.392   335 11628 V ACodec  : [OMX.google.aac.decoder] calling fillBuffer 3094483840
07-02 05:35:54.393   335 11628 V ACodec  : [OMX.google.aac.decoder] onOMXEmptyBufferDone 0xb86f0ad8
07-02 05:35:54.393   335 11628 V ACodec  : [OMX.google.aac.decoder] onOMXFillBufferDone 3094483840 time 26112000 us, flags = 0x00000000
07-02 05:35:54.393   335 11627 V NuPlayerDecoder: [OMX.google.aac.decoder] onMessage: AMessage(what = 'cdcN', target = 190) = {
07-02 05:35:54.393   335 11627 V NuPlayerDecoder:   int32_t generation = 1
07-02 05:35:54.393   335 11627 V NuPlayerDecoder:   int32_t input-buffers = 1
07-02 05:35:54.393   335 11627 V NuPlayerDecoder:   int32_t output-buffers = 0
07-02 05:35:54.393   335 11627 V NuPlayerDecoder: }
07-02 05:35:54.393   335 11627 V NuPlayerDecoder: [OMX.google.aac.decoder] dequeued input: 0
07-02 05:35:54.393   335 11628 V ACodec  : [OMX.google.aac.decoder] calling emptyBuffer 0xb86f0ad8 w/ time 26240000 us
07-02 05:35:54.393   335 11627 V NuPlayerDecoder: [OMX.google.aac.decoder] onMessage: AMessage(what = 'cdcN', target = 190) = {
07-02 05:35:54.393   335 11627 V NuPlayerDecoder:   int32_t generation = 1
07-02 05:35:54.393   335 11627 V NuPlayerDecoder:   int32_t input-buffers = 0
07-02 05:35:54.393   335 11627 V NuPlayerDecoder:   int32_t output-buffers = 1
07-02 05:35:54.393   335 11627 V NuPlayerDecoder: }
07-02 05:35:54.394   335 11627 V NuPlayerDecoder: [OMX.google.aac.decoder] dequeued output: 1 (time=26112000 flags=0)
07-02 05:35:54.401   335 11623 V NuPlayerRenderer: rendering video at media time 25.84 secs
07-02 05:35:54.401   335 11624 V NuPlayerDecoder: [OMX.qcom.video.decoder.avc] onMessage: AMessage(what = 'rndr', target = 187) = {
07-02 05:35:54.401   335 11624 V NuPlayerDecoder:   size_t buffer-ix = 2
07-02 05:35:54.401   335 11624 V NuPlayerDecoder:   int32_t generation = 1
07-02 05:35:54.401   335 11624 V NuPlayerDecoder:   int64_t timestampNs = 1141983329000
07-02 05:35:54.401   335 11624 V NuPlayerDecoder:   int32_t render = 1
07-02 05:35:54.401   335 11624 V NuPlayerDecoder: }
07-02 05:35:54.402   335 11626 V ACodec  : [OMX.qcom.video.decoder.avc] calling fillBuffer 3094270752
07-02 05:35:54.412   335 11623 V NuPlayerRenderer: rendering audio at media time 26.07 secs
07-02 05:35:54.412   335 11627 V NuPlayerDecoder: [OMX.google.aac.decoder] onMessage: AMessage(what = 'rndr', target = 190) = {
07-02 05:35:54.412   335 11627 V NuPlayerDecoder:   size_t buffer-ix = 2
07-02 05:35:54.412   335 11627 V NuPlayerDecoder:   int32_t generation = 1
07-02 05:35:54.412   335 11627 V NuPlayerDecoder: }
07-02 05:35:54.412   335 11623 V NuPlayerRenderer: getPlayedOutAudioDurationUs(2098282) nowUs(1141942982) frames(100368) framesAt(1141935700)
07-02 05:35:54.412   335 11628 V ACodec  : [OMX.google.aac.decoder] calling fillBuffer 3094041744
07-02 05:35:54.413   335 11628 V ACodec  : [OMX.google.aac.decoder] onOMXEmptyBufferDone 0xb86b50a8
07-02 05:35:54.413   335 11628 V ACodec  : [OMX.google.aac.decoder] onOMXFillBufferDone 3094041744 time 26133333 us, flags = 0x00000000
07-02 05:35:54.413   335 11627 V NuPlayerDecoder: [OMX.google.aac.decoder] onMessage: AMessage(what = 'cdcN', target = 190) = {
07-02 05:35:54.413   335 11627 V NuPlayerDecoder:   int32_t generation = 1
07-02 05:35:54.413   335 11627 V NuPlayerDecoder:   int32_t input-buffers = 1
07-02 05:35:54.413   335 11627 V NuPlayerDecoder:   int32_t output-buffers = 0
07-02 05:35:54.413   335 11627 V NuPlayerDecoder: }
07-02 05:35:54.413   335 11627 V NuPlayerDecoder: [OMX.google.aac.decoder] dequeued input: 1
07-02 05:35:54.414   335 11628 V ACodec  : [OMX.google.aac.decoder] calling emptyBuffer 0xb86b50a8 w/ time 26261333 us
07-02 05:35:54.414   335 11627 V NuPlayerDecoder: [OMX.google.aac.decoder] onMessage: AMessage(what = 'cdcN', target = 190) = {
07-02 05:35:54.414   335 11627 V NuPlayerDecoder:   int32_t generation = 1
07-02 05:35:54.414   335 11627 V NuPlayerDecoder:   int32_t input-buffers = 0
07-02 05:35:54.414   335 11627 V NuPlayerDecoder:   int32_t output-buffers = 1
07-02 05:35:54.414   335 11627 V NuPlayerDecoder: }
07-02 05:35:54.414   335 11627 V NuPlayerDecoder: [OMX.google.aac.decoder] dequeued output: 2 (time=26133333 flags=0)
07-02 05:35:54.421   335 11626 V ACodec  : [OMX.qcom.video.decoder.avc] onOMXEmptyBufferDone 0xb8726af0
07-02 05:35:54.421   335 11624 V NuPlayerDecoder: [OMX.qcom.video.decoder.avc] onMessage: AMessage(what = 'cdcN', target = 187) = {
07-02 05:35:54.421   335 11624 V NuPlayerDecoder:   int32_t generation = 1
07-02 05:35:54.421   335 11624 V NuPlayerDecoder:   int32_t input-buffers = 1
07-02 05:35:54.421   335 11624 V NuPlayerDecoder:   int32_t output-buffers = 0
07-02 05:35:54.421   335 11624 V NuPlayerDecoder: }
07-02 05:35:54.422   335 11624 V NuPlayerDecoder: [OMX.qcom.video.decoder.avc] dequeued input: 0
07-02 05:35:54.422   335 11626 V ACodec  : [OMX.qcom.video.decoder.avc] calling emptyBuffer 0xb8726af0 w/ time 26200000 us
07-02 05:35:54.422   335 11626 V ACodec  : MetaDataBuffersToSubmit=0 portMode=RESUBMIT
07-02 05:35:54.422   335 11626 V ACodec  : [OMX.qcom.video.decoder.avc] onOMXFillBufferDone 3094270832 time 25960000 us, flags = 0x00000210
07-02 05:35:54.423   335 11624 V NuPlayerDecoder: [OMX.qcom.video.decoder.avc] onMessage: AMessage(what = 'cdcN', target = 187) = {
07-02 05:35:54.423   335 11624 V NuPlayerDecoder:   int32_t generation = 1
07-02 05:35:54.423   335 11624 V NuPlayerDecoder:   int32_t input-buffers = 0
07-02 05:35:54.423   335 11624 V NuPlayerDecoder:   int32_t output-buffers = 1
07-02 05:35:54.423   335 11624 V NuPlayerDecoder: }
07-02 05:35:54.423   335 11624 V NuPlayerDecoder: [OMX.qcom.video.decoder.avc] dequeued output: 7 (time=25960000 flags=0)
07-02 05:35:54.432   335 11623 V NuPlayerRenderer: rendering audio at media time 26.09 secs
07-02 05:35:54.432   335 11627 V NuPlayerDecoder: [OMX.google.aac.decoder] onMessage: AMessage(what = 'rndr', target = 190) = {
07-02 05:35:54.432   335 11627 V NuPlayerDecoder:   size_t buffer-ix = 3
07-02 05:35:54.432   335 11627 V NuPlayerDecoder:   int32_t generation = 1
07-02 05:35:54.432   335 11627 V NuPlayerDecoder: }
07-02 05:35:54.432   335 11623 V NuPlayerRenderer: getPlayedOutAudioDurationUs(2118611) nowUs(1141963285) frames(101328) framesAt(1141955674)
07-02 05:35:54.433   335 11628 V ACodec  : [OMX.google.aac.decoder] calling fillBuffer 3094042272
07-02 05:35:54.433   335 11628 V ACodec  : [OMX.google.aac.decoder] onOMXEmptyBufferDone 0xb86b5190
07-02 05:35:54.433   335 11628 V ACodec  : [OMX.google.aac.decoder] onOMXFillBufferDone 3094042272 time 26154666 us, flags = 0x00000000
07-02 05:35:54.434   335 11627 V NuPlayerDecoder: [OMX.google.aac.decoder] onMessage: AMessage(what = 'cdcN', target = 190) = {
07-02 05:35:54.434   335 11627 V NuPlayerDecoder:   int32_t generation = 1
07-02 05:35:54.434   335 11627 V NuPlayerDecoder:   int32_t input-buffers = 1
07-02 05:35:54.434   335 11627 V NuPlayerDecoder:   int32_t output-buffers = 0
07-02 05:35:54.434   335 11627 V NuPlayerDecoder: }
07-02 05:35:54.434   335 11627 V NuPlayerDecoder: [OMX.google.aac.decoder] dequeued input: 2
07-02 05:35:54.434   335 11628 V ACodec  : [OMX.google.aac.decoder] calling emptyBuffer 0xb86b5190 w/ time 26282666 us
07-02 05:35:54.434   335 11627 V NuPlayerDecoder: [OMX.google.aac.decoder] onMessage: AMessage(what = 'cdcN', target = 190) = {
07-02 05:35:54.434   335 11627 V NuPlayerDecoder:   int32_t generation = 1
07-02 05:35:54.434   335 11627 V NuPlayerDecoder:   int32_t input-buffers = 0
07-02 05:35:54.434   335 11627 V NuPlayerDecoder:   int32_t output-buffers = 1
07-02 05:35:54.434   335 11627 V NuPlayerDecoder: }
07-02 05:35:54.434   335 11627 V NuPlayerDecoder: [OMX.google.aac.decoder] dequeued output: 3 (time=26154666 flags=0)
07-02 05:35:54.451   335 11623 V NuPlayerRenderer: rendering video at media time 25.88 secs
07-02 05:35:54.451   335 11624 V NuPlayerDecoder: [OMX.qcom.video.decoder.avc] onMessage: AMessage(what = 'rndr', target = 187) = {
07-02 05:35:54.451   335 11624 V NuPlayerDecoder:   size_t buffer-ix = 5
07-02 05:35:54.451   335 11624 V NuPlayerDecoder:   int32_t generation = 1
07-02 05:35:54.451   335 11624 V NuPlayerDecoder:   int64_t timestampNs = 1142023341000
07-02 05:35:54.451   335 11624 V NuPlayerDecoder:   int32_t render = 1
07-02 05:35:54.451   335 11624 V NuPlayerDecoder: }
07-02 05:35:54.452   335 11626 V ACodec  : [OMX.qcom.video.decoder.avc] calling fillBuffer 3094270912
07-02 05:35:54.453   335 11623 V NuPlayerRenderer: rendering audio at media time 26.11 secs
07-02 05:35:54.453   335 11627 V NuPlayerDecoder: [OMX.google.aac.decoder] onMessage: AMessage(what = 'rndr', target = 190) = {
07-02 05:35:54.453   335 11627 V NuPlayerDecoder:   size_t buffer-ix = 0
07-02 05:35:54.453   335 11627 V NuPlayerDecoder:   int32_t generation = 1
07-02 05:35:54.453   335 11627 V NuPlayerDecoder: }
07-02 05:35:54.453   335 11623 V NuPlayerRenderer: getPlayedOutAudioDurationUs(2138903) nowUs(1141983571) frames(102288) framesAt(1141975668)
07-02 05:35:54.453   335 11628 V ACodec  : [OMX.google.aac.decoder] calling fillBuffer 3094477456
07-02 05:35:54.454   335 11628 V ACodec  : [OMX.google.aac.decoder] onOMXEmptyBufferDone 0xb86b5290
07-02 05:35:54.454   335 11628 V ACodec  : [OMX.google.aac.decoder] onOMXFillBufferDone 3094477456 time 26176000 us, flags = 0x00000000
07-02 05:35:54.454   335 11627 V NuPlayerDecoder: [OMX.google.aac.decoder] onMessage: AMessage(what = 'cdcN', target = 190) = {
07-02 05:35:54.454   335 11627 V NuPlayerDecoder:   int32_t generation = 1
07-02 05:35:54.454   335 11627 V NuPlayerDecoder:   int32_t input-buffers = 1
07-02 05:35:54.454   335 11627 V NuPlayerDecoder:   int32_t output-buffers = 0
07-02 05:35:54.454   335 11627 V NuPlayerDecoder: }
07-02 05:35:54.454   335 11627 V NuPlayerDecoder: [OMX.google.aac.decoder] dequeued input: 3
07-02 05:35:54.454   335 11628 V ACodec  : [OMX.google.aac.decoder] calling emptyBuffer 0xb86b5290 w/ time 26304000 us
07-02 05:35:54.454   335 11627 V NuPlayerDecoder: [OMX.google.aac.decoder] onMessage: AMessage(what = 'cdcN', target = 190) = {
07-02 05:35:54.454   335 11627 V NuPlayerDecoder:   int32_t generation = 1
07-02 05:35:54.454   335 11627 V NuPlayerDecoder:   int32_t input-buffers = 0
07-02 05:35:54.454   335 11627 V NuPlayerDecoder:   int32_t output-buffers = 1
07-02 05:35:54.454   335 11627 V NuPlayerDecoder: }
07-02 05:35:54.454   335 11627 V NuPlayerDecoder: [OMX.google.aac.decoder] dequeued output: 0 (time=26176000 flags=0)
07-02 05:35:54.469   335 11626 V ACodec  : [OMX.qcom.video.decoder.avc] onOMXEmptyBufferDone 0xb8726b40
07-02 05:35:54.469   335 11624 V NuPlayerDecoder: [OMX.qcom.video.decoder.avc] onMessage: AMessage(what = 'cdcN', target = 187) = {
07-02 05:35:54.469   335 11624 V NuPlayerDecoder:   int32_t generation = 1
07-02 05:35:54.469   335 11624 V NuPlayerDecoder:   int32_t input-buffers = 1
07-02 05:35:54.469   335 11624 V NuPlayerDecoder:   int32_t output-buffers = 0
07-02 05:35:54.469   335 11624 V NuPlayerDecoder: }
07-02 05:35:54.469   335 11624 V NuPlayerDecoder: [OMX.qcom.video.decoder.avc] dequeued input: 1
07-02 05:35:54.469   335 11626 V ACodec  : [OMX.qcom.video.decoder.avc] calling emptyBuffer 0xb8726b40 w/ time 26240000 us
07-02 05:35:54.469   335 11626 V ACodec  : MetaDataBuffersToSubmit=0 portMode=RESUBMIT
07-02 05:35:54.470   335 11626 V ACodec  : [OMX.qcom.video.decoder.avc] onOMXFillBufferDone 3094270512 time 26000000 us, flags = 0x00000210
07-02 05:35:54.470   335 11624 V NuPlayerDecoder: [OMX.qcom.video.decoder.avc] onMessage: AMessage(what = 'cdcN', target = 187) = {
07-02 05:35:54.470   335 11624 V NuPlayerDecoder:   int32_t generation = 1
07-02 05:35:54.470   335 11624 V NuPlayerDecoder:   int32_t input-buffers = 0
07-02 05:35:54.470   335 11624 V NuPlayerDecoder:   int32_t output-buffers = 1
07-02 05:35:54.470   335 11624 V NuPlayerDecoder: }
07-02 05:35:54.470   335 11624 V NuPlayerDecoder: [OMX.qcom.video.decoder.avc] dequeued output: 3 (time=26000000 flags=0)
07-02 05:35:54.473   335 11623 V NuPlayerRenderer: rendering audio at media time 26.13 secs
07-02 05:35:54.473   335 11627 V NuPlayerDecoder: [OMX.google.aac.decoder] onMessage: AMessage(what = 'rndr', target = 190) = {
07-02 05:35:54.473   335 11627 V NuPlayerDecoder:   size_t buffer-ix = 1
07-02 05:35:54.473   335 11627 V NuPlayerDecoder:   int32_t generation = 1
07-02 05:35:54.473   335 11627 V NuPlayerDecoder: }
07-02 05:35:54.473   335 11623 V NuPlayerRenderer: getPlayedOutAudioDurationUs(2159196) nowUs(1142003908) frames(103248) framesAt(1141995712)
07-02 05:35:54.473   335 11628 V ACodec  : [OMX.google.aac.decoder] calling fillBuffer 3094483840
07-02 05:35:54.474   335 11628 V ACodec  : [OMX.google.aac.decoder] onOMXEmptyBufferDone 0xb86f0ad8
07-02 05:35:54.474   335 11628 V ACodec  : [OMX.google.aac.decoder] onOMXFillBufferDone 3094483840 time 26197333 us, flags = 0x00000000
07-02 05:35:54.474   335 11627 V NuPlayerDecoder: [OMX.google.aac.decoder] onMessage: AMessage(what = 'cdcN', target = 190) = {
07-02 05:35:54.474   335 11627 V NuPlayerDecoder:   int32_t generation = 1
07-02 05:35:54.474   335 11627 V NuPlayerDecoder:   int32_t input-buffers = 1
07-02 05:35:54.474   335 11627 V NuPlayerDecoder:   int32_t output-buffers = 0
07-02 05:35:54.474   335 11627 V NuPlayerDecoder: }
07-02 05:35:54.474   335 11627 V NuPlayerDecoder: [OMX.google.aac.decoder] dequeued input: 0
07-02 05:35:54.474   335 11628 V ACodec  : [OMX.google.aac.decoder] calling emptyBuffer 0xb86f0ad8 w/ time 26325333 us
07-02 05:35:54.475   335 11627 V NuPlayerDecoder: [OMX.google.aac.decoder] onMessage: AMessage(what = 'cdcN', target = 190) = {
07-02 05:35:54.475   335 11627 V NuPlayerDecoder:   int32_t generation = 1
07-02 05:35:54.475   335 11627 V NuPlayerDecoder:   int32_t input-buffers = 0
07-02 05:35:54.475   335 11627 V NuPlayerDecoder:   int32_t output-buffers = 1
07-02 05:35:54.475   335 11627 V NuPlayerDecoder: }
07-02 05:35:54.475   335 11627 V NuPlayerDecoder: [OMX.google.aac.decoder] dequeued output: 1 (time=26197333 flags=0)
07-02 05:35:54.484   335 11623 V NuPlayerRenderer: rendering video at media time 25.92 secs
07-02 05:35:54.485   335 11624 V NuPlayerDecoder: [OMX.qcom.video.decoder.avc] onMessage: AMessage(what = 'rndr', target = 187) = {
07-02 05:35:54.485   335 11624 V NuPlayerDecoder:   size_t buffer-ix = 4
07-02 05:35:54.485   335 11624 V NuPlayerDecoder:   int32_t generation = 1
07-02 05:35:54.485   335 11624 V NuPlayerDecoder:   int64_t timestampNs = 1142063379000
07-02 05:35:54.485   335 11624 V NuPlayerDecoder:   int32_t render = 1
07-02 05:35:54.485   335 11624 V NuPlayerDecoder: }
07-02 05:35:54.485   335 11626 V ACodec  : [OMX.qcom.video.decoder.avc] calling fillBuffer 3094270352
07-02 05:35:54.493   335 11623 V NuPlayerRenderer: rendering audio at media time 26.15 secs
07-02 05:35:54.493   335 11627 V NuPlayerDecoder: [OMX.google.aac.decoder] onMessage: AMessage(what = 'rndr', target = 190) = {
07-02 05:35:54.493   335 11627 V NuPlayerDecoder:   size_t buffer-ix = 2
07-02 05:35:54.493   335 11627 V NuPlayerDecoder:   int32_t generation = 1
07-02 05:35:54.493   335 11627 V NuPlayerDecoder: }
07-02 05:35:54.493   335 11623 V NuPlayerRenderer: getPlayedOutAudioDurationUs(2179539) nowUs(1142024205) frames(104208) framesAt(1142015666)
07-02 05:35:54.493   335 11628 V ACodec  : [OMX.google.aac.decoder] calling fillBuffer 3094041744
07-02 05:35:54.494   335 11628 V ACodec  : [OMX.google.aac.decoder] onOMXEmptyBufferDone 0xb86b50a8
07-02 05:35:54.494   335 11628 V ACodec  : [OMX.google.aac.decoder] onOMXFillBufferDone 3094041744 time 26218666 us, flags = 0x00000000
07-02 05:35:54.495   335 11627 V NuPlayerDecoder: [OMX.google.aac.decoder] onMessage: AMessage(what = 'cdcN', target = 190) = {
07-02 05:35:54.495   335 11627 V NuPlayerDecoder:   int32_t generation = 1
07-02 05:35:54.495   335 11627 V NuPlayerDecoder:   int32_t input-buffers = 1
07-02 05:35:54.495   335 11627 V NuPlayerDecoder:   int32_t output-buffers = 0
07-02 05:35:54.495   335 11627 V NuPlayerDecoder: }
07-02 05:35:54.495   335 11627 V NuPlayerDecoder: [OMX.google.aac.decoder] dequeued input: 1
07-02 05:35:54.495   335 11628 V ACodec  : [OMX.google.aac.decoder] calling emptyBuffer 0xb86b50a8 w/ time 26346666 us
07-02 05:35:54.495   335 11627 V NuPlayerDecoder: [OMX.google.aac.decoder] onMessage: AMessage(what = 'cdcN', target = 190) = {
07-02 05:35:54.495   335 11627 V NuPlayerDecoder:   int32_t generation = 1
07-02 05:35:54.495   335 11627 V NuPlayerDecoder:   int32_t input-buffers = 0
07-02 05:35:54.495   335 11627 V NuPlayerDecoder:   int32_t output-buffers = 1
07-02 05:35:54.495   335 11627 V NuPlayerDecoder: }
07-02 05:35:54.495   335 11627 V NuPlayerDecoder: [OMX.google.aac.decoder] dequeued output: 2 (time=26218666 flags=0)
07-02 05:35:54.503   335 11626 V ACodec  : [OMX.qcom.video.decoder.avc] onOMXEmptyBufferDone 0xb8726b90
07-02 05:35:54.503   335 11624 V NuPlayerDecoder: [OMX.qcom.video.decoder.avc] onMessage: AMessage(what = 'cdcN', target = 187) = {
07-02 05:35:54.503   335 11624 V NuPlayerDecoder:   int32_t generation = 1
07-02 05:35:54.503   335 11624 V NuPlayerDecoder:   int32_t input-buffers = 1
07-02 05:35:54.503   335 11624 V NuPlayerDecoder:   int32_t output-buffers = 0
07-02 05:35:54.503   335 11624 V NuPlayerDecoder: }
07-02 05:35:54.503   335 11624 V NuPlayerDecoder: [OMX.qcom.video.decoder.avc] dequeued input: 2
07-02 05:35:54.503   335 11626 V ACodec  : [OMX.qcom.video.decoder.avc] calling emptyBuffer 0xb8726b90 w/ time 26320000 us
07-02 05:35:54.503   335 11626 V ACodec  : MetaDataBuffersToSubmit=0 portMode=RESUBMIT
07-02 05:35:54.504   335 11626 V ACodec  : [OMX.qcom.video.decoder.avc] onOMXFillBufferDone 3094270752 time 26040000 us, flags = 0x00000210
07-02 05:35:54.504   335 11624 V NuPlayerDecoder: [OMX.qcom.video.decoder.avc] onMessage: AMessage(what = 'cdcN', target = 187) = {
07-02 05:35:54.504   335 11624 V NuPlayerDecoder:   int32_t generation = 1
