07-02 05:35:52.193   335 11627 V NuPlayerDecoder:   int32_t generation = 1
07-02 05:35:52.193   335 11627 V NuPlayerDecoder:   int32_t input-buffers = 0
07-02 05:35:52.193   335 11627 V NuPlayerDecoder:   int32_t output-buffers = 1
07-02 05:35:52.193   335 11627 V NuPlayerDecoder: }
07-02 05:35:52.193   335 11627 V NuPlayerDecoder: [OMX.google.aac.decoder] dequeued output: 0 (time=23872000 flags=0)
07-02 05:35:52.195   335 11628 V ACodec  : [OMX.google.aac.decoder] onOMXEmptyBufferDone 0xb86f0ad8
07-02 05:35:52.195   335 11627 V NuPlayerDecoder: [OMX.google.aac.decoder] onMessage: AMessage(what = 'cdcN', target = 190) = {
07-02 05:35:52.195   335 11627 V NuPlayerDecoder:   int32_t generation = 1
07-02 05:35:52.195   335 11627 V NuPlayerDecoder:   int32_t input-buffers = 1
07-02 05:35:52.195   335 11627 V NuPlayerDecoder:   int32_t output-buffers = 0
07-02 05:35:52.195   335 11627 V NuPlayerDecoder: }
07-02 05:35:52.195   335 11628 V ACodec  : [OMX.google.aac.decoder] onOMXFillBufferDone 3094483840 time 23893333 us, flags = 0x00000000
07-02 05:35:52.195   335 11627 V NuPlayerDecoder: [OMX.google.aac.decoder] dequeued input: 0
07-02 05:35:52.195   335 11628 V ACodec  : [OMX.google.aac.decoder] calling emptyBuffer 0xb86f0ad8 w/ time 24021333 us
07-02 05:35:52.195   335 11627 V NuPlayerDecoder: [OMX.google.aac.decoder] onMessage: AMessage(what = 'cdcN', target = 190) = {
07-02 05:35:52.195   335 11627 V NuPlayerDecoder:   int32_t generation = 1
07-02 05:35:52.195   335 11627 V NuPlayerDecoder:   int32_t input-buffers = 0
07-02 05:35:52.195   335 11627 V NuPlayerDecoder:   int32_t output-buffers = 1
07-02 05:35:52.195   335 11627 V NuPlayerDecoder: }
07-02 05:35:52.195   335 11627 V NuPlayerDecoder: [OMX.google.aac.decoder] dequeued output: 1 (time=23893333 flags=0)
07-02 05:35:52.196   335 11626 V ACodec  : [OMX.qcom.video.decoder.avc] onOMXEmptyBufferDone 0xb8726b40
07-02 05:35:52.196   335 11628 V ACodec  : [OMX.google.aac.decoder] onOMXEmptyBufferDone 0xb86b50a8
07-02 05:35:52.196   335 11627 V NuPlayerDecoder: [OMX.google.aac.decoder] onMessage: AMessage(what = 'cdcN', target = 190) = {
07-02 05:35:52.196   335 11627 V NuPlayerDecoder:   int32_t generation = 1
07-02 05:35:52.196   335 11627 V NuPlayerDecoder:   int32_t input-buffers = 1
07-02 05:35:52.196   335 11627 V NuPlayerDecoder:   int32_t output-buffers = 0
07-02 05:35:52.196   335 11627 V NuPlayerDecoder: }
07-02 05:35:52.196   335 11628 V ACodec  : [OMX.google.aac.decoder] onOMXFillBufferDone 3094041744 time 23914666 us, flags = 0x00000000
07-02 05:35:52.197   335 11624 V NuPlayerDecoder: [OMX.qcom.video.decoder.avc] onMessage: AMessage(what = 'cdcN', target = 187) = {
07-02 05:35:52.197   335 11624 V NuPlayerDecoder:   int32_t generation = 1
07-02 05:35:52.197   335 11624 V NuPlayerDecoder:   int32_t input-buffers = 1
07-02 05:35:52.197   335 11624 V NuPlayerDecoder:   int32_t output-buffers = 0
07-02 05:35:52.197   335 11624 V NuPlayerDecoder: }
07-02 05:35:52.198   335 11624 V NuPlayerDecoder: [OMX.qcom.video.decoder.avc] dequeued input: 1
07-02 05:35:52.198   335 11627 V NuPlayerDecoder: [OMX.google.aac.decoder] dequeued input: 1
07-02 05:35:52.198   335 11626 V ACodec  : [OMX.qcom.video.decoder.avc] onOMXFillBufferDone 3094270832 time 23760000 us, flags = 0x00000210
07-02 05:35:52.198   335 11628 V ACodec  : [OMX.google.aac.decoder] calling emptyBuffer 0xb86b50a8 w/ time 24042666 us
07-02 05:35:52.198   335 11626 V ACodec  : [OMX.qcom.video.decoder.avc] onOMXFillBufferDone 3094270672 time 23800000 us, flags = 0x00000010
07-02 05:35:52.198   335 11626 V ACodec  : [OMX.qcom.video.decoder.avc] calling emptyBuffer 0xb8726b40 w/ time 23960000 us
07-02 05:35:52.198   335 11626 V ACodec  : MetaDataBuffersToSubmit=0 portMode=RESUBMIT
07-02 05:35:52.198   335 11624 V NuPlayerDecoder: [OMX.qcom.video.decoder.avc] onMessage: AMessage(what = 'cdcN', target = 187) = {
07-02 05:35:52.198   335 11624 V NuPlayerDecoder:   int32_t generation = 1
07-02 05:35:52.198   335 11624 V NuPlayerDecoder:   int32_t input-buffers = 0
07-02 05:35:52.198   335 11624 V NuPlayerDecoder:   int32_t output-buffers = 1
07-02 05:35:52.198   335 11624 V NuPlayerDecoder: }
07-02 05:35:52.198   335 11627 V NuPlayerDecoder: [OMX.google.aac.decoder] onMessage: AMessage(what = 'cdcN', target = 190) = {
07-02 05:35:52.198   335 11627 V NuPlayerDecoder:   int32_t generation = 1
07-02 05:35:52.198   335 11627 V NuPlayerDecoder:   int32_t input-buffers = 0
07-02 05:35:52.198   335 11627 V NuPlayerDecoder:   int32_t output-buffers = 1
07-02 05:35:52.198   335 11627 V NuPlayerDecoder: }
07-02 05:35:52.198   335 11627 V NuPlayerDecoder: [OMX.google.aac.decoder] dequeued output: 2 (time=23914666 flags=0)
07-02 05:35:52.198   335 11624 V NuPlayerDecoder: [OMX.qcom.video.decoder.avc] dequeued output: 7 (time=23760000 flags=0)
07-02 05:35:52.199   335 11624 V NuPlayerDecoder: [OMX.qcom.video.decoder.avc] onMessage: AMessage(what = 'cdcN', target = 187) = {
07-02 05:35:52.199   335 11624 V NuPlayerDecoder:   int32_t generation = 1
07-02 05:35:52.199   335 11624 V NuPlayerDecoder:   int32_t input-buffers = 0
07-02 05:35:52.199   335 11624 V NuPlayerDecoder:   int32_t output-buffers = 1
07-02 05:35:52.199   335 11624 V NuPlayerDecoder: }
07-02 05:35:52.199   335 11624 V NuPlayerDecoder: [OMX.qcom.video.decoder.avc] dequeued output: 5 (time=23800000 flags=0)
07-02 05:35:52.205   335 11623 V NuPlayerRenderer: rendering video at media time 23.76 secs
07-02 05:35:52.205   335 11624 V NuPlayerDecoder: [OMX.qcom.video.decoder.avc] onMessage: AMessage(what = 'rndr', target = 187) = {
07-02 05:35:52.205   335 11624 V NuPlayerDecoder:   size_t buffer-ix = 7
07-02 05:35:52.205   335 11624 V NuPlayerDecoder:   int32_t generation = 1
07-02 05:35:52.205   335 11624 V NuPlayerDecoder:   int64_t timestampNs = 1139780840000
07-02 05:35:52.205   335 11624 V NuPlayerDecoder:   int32_t render = 1
07-02 05:35:52.205   335 11624 V NuPlayerDecoder: }
07-02 05:35:52.207   335 11626 V ACodec  : replaced oldest buffer #2 with age 3 (0xb86e9d30/0xb86e9d30 stored in 0xb448e040)
07-02 05:35:52.207   335 11626 V ACodec  : [OMX.qcom.video.decoder.avc] calling fillBuffer 3094270432
07-02 05:35:52.212   335 11623 V NuPlayerRenderer: rendering audio at media time 23.87 secs
07-02 05:35:52.212   335 11627 V NuPlayerDecoder: [OMX.google.aac.decoder] onMessage: AMessage(what = 'rndr', target = 190) = {
07-02 05:35:52.212   335 11627 V NuPlayerDecoder:   size_t buffer-ix = 3
07-02 05:35:52.212   335 11627 V NuPlayerDecoder:   int32_t generation = 1
07-02 05:35:52.212   335 11627 V NuPlayerDecoder: }
07-02 05:35:52.212   335 11623 V NuPlayerRenderer: getPlayedOutAudioDurationUs: negative duration -180000 set to zero
07-02 05:35:52.212   335 11623 V NuPlayerRenderer: getPlayedOutAudioDurationUs(0) nowUs(1139742519) frames(960) framesAt(1139942519)
07-02 05:35:52.212   335 11628 V ACodec  : [OMX.google.aac.decoder] calling fillBuffer 3094042272
07-02 05:35:52.213   335 11628 V ACodec  : [OMX.google.aac.decoder] onOMXEmptyBufferDone 0xb86b5190
07-02 05:35:52.213   335 11628 V ACodec  : [OMX.google.aac.decoder] onOMXFillBufferDone 3094042272 time 23936000 us, flags = 0x00000000
07-02 05:35:52.214   335 11627 V NuPlayerDecoder: [OMX.google.aac.decoder] onMessage: AMessage(what = 'cdcN', target = 190) = {
07-02 05:35:52.214   335 11627 V NuPlayerDecoder:   int32_t generation = 1
07-02 05:35:52.214   335 11627 V NuPlayerDecoder:   int32_t input-buffers = 1
07-02 05:35:52.214   335 11627 V NuPlayerDecoder:   int32_t output-buffers = 0
07-02 05:35:52.214   335 11627 V NuPlayerDecoder: }
07-02 05:35:52.214   335 11627 V NuPlayerDecoder: [OMX.google.aac.decoder] dequeued input: 2
07-02 05:35:52.214   335 11628 V ACodec  : [OMX.google.aac.decoder] calling emptyBuffer 0xb86b5190 w/ time 24064000 us
07-02 05:35:52.214   335 11626 V ACodec  : [OMX.qcom.video.decoder.avc] onOMXEmptyBufferDone 0xb8726b90
07-02 05:35:52.214   335 11627 V NuPlayerDecoder: [OMX.google.aac.decoder] onMessage: AMessage(what = 'cdcN', target = 190) = {
07-02 05:35:52.214   335 11627 V NuPlayerDecoder:   int32_t generation = 1
07-02 05:35:52.214   335 11627 V NuPlayerDecoder:   int32_t input-buffers = 0
07-02 05:35:52.214   335 11627 V NuPlayerDecoder:   int32_t output-buffers = 1
07-02 05:35:52.214   335 11627 V NuPlayerDecoder: }
07-02 05:35:52.214   335 11627 V NuPlayerDecoder: [OMX.google.aac.decoder] dequeued output: 3 (time=23936000 flags=0)
07-02 05:35:52.214   335 11624 V NuPlayerDecoder: [OMX.qcom.video.decoder.avc] onMessage: AMessage(what = 'cdcN', target = 187) = {
07-02 05:35:52.214   335 11624 V NuPlayerDecoder:   int32_t generation = 1
07-02 05:35:52.214   335 11624 V NuPlayerDecoder:   int32_t input-buffers = 1
07-02 05:35:52.214   335 11624 V NuPlayerDecoder:   int32_t output-buffers = 0
07-02 05:35:52.214   335 11624 V NuPlayerDecoder: }
07-02 05:35:52.214   335 11624 V NuPlayerDecoder: [OMX.qcom.video.decoder.avc] dequeued input: 2
07-02 05:35:52.215   335 11626 V ACodec  : [OMX.qcom.video.decoder.avc] calling emptyBuffer 0xb8726b90 w/ time 24040000 us
07-02 05:35:52.215   335 11626 V ACodec  : MetaDataBuffersToSubmit=0 portMode=RESUBMIT
07-02 05:35:52.216   335 11626 V ACodec  : [OMX.qcom.video.decoder.avc] onOMXFillBufferDone 3094270592 time 23840000 us, flags = 0x00000010
07-02 05:35:52.216   335 11624 V NuPlayerDecoder: [OMX.qcom.video.decoder.avc] onMessage: AMessage(what = 'cdcN', target = 187) = {
07-02 05:35:52.216   335 11624 V NuPlayerDecoder:   int32_t generation = 1
07-02 05:35:52.216   335 11624 V NuPlayerDecoder:   int32_t input-buffers = 0
07-02 05:35:52.216   335 11624 V NuPlayerDecoder:   int32_t output-buffers = 1
07-02 05:35:52.216   335 11624 V NuPlayerDecoder: }
07-02 05:35:52.216   335 11624 V NuPlayerDecoder: [OMX.qcom.video.decoder.avc] dequeued output: 4 (time=23840000 flags=0)
07-02 05:35:52.231   335 11626 V ACodec  : [OMX.qcom.video.decoder.avc] onOMXEmptyBufferDone 0xb8726be0
07-02 05:35:52.232   335 11624 V NuPlayerDecoder: [OMX.qcom.video.decoder.avc] onMessage: AMessage(what = 'cdcN', target = 187) = {
07-02 05:35:52.232   335 11624 V NuPlayerDecoder:   int32_t generation = 1
07-02 05:35:52.232   335 11624 V NuPlayerDecoder:   int32_t input-buffers = 1
07-02 05:35:52.232   335 11624 V NuPlayerDecoder:   int32_t output-buffers = 0
07-02 05:35:52.232   335 11624 V NuPlayerDecoder: }
07-02 05:35:52.232   335 11624 V NuPlayerDecoder: [OMX.qcom.video.decoder.avc] dequeued input: 3
07-02 05:35:52.232   335 11623 V NuPlayerRenderer: rendering audio at media time 23.89 secs
07-02 05:35:52.232   335 11627 V NuPlayerDecoder: [OMX.google.aac.decoder] onMessage: AMessage(what = 'rndr', target = 190) = {
07-02 05:35:52.232   335 11627 V NuPlayerDecoder:   size_t buffer-ix = 0
07-02 05:35:52.232   335 11627 V NuPlayerDecoder:   int32_t generation = 1
07-02 05:35:52.232   335 11627 V NuPlayerDecoder: }
07-02 05:35:52.232   335 11623 V NuPlayerRenderer: getPlayedOutAudioDurationUs: negative duration -160000 set to zero
07-02 05:35:52.232   335 11623 V NuPlayerRenderer: getPlayedOutAudioDurationUs(0) nowUs(1139762879) frames(1920) framesAt(1139962879)
07-02 05:35:52.232   335 11626 V ACodec  : [OMX.qcom.video.decoder.avc] calling emptyBuffer 0xb8726be0 w/ time 24080000 us
07-02 05:35:52.232   335 11626 V ACodec  : MetaDataBuffersToSubmit=0 portMode=RESUBMIT
07-02 05:35:52.232   335 11628 V ACodec  : [OMX.google.aac.decoder] calling fillBuffer 3094477456
07-02 05:35:52.233   335 11626 V ACodec  : [OMX.qcom.video.decoder.avc] onOMXFillBufferDone 3094270512 time 23880000 us, flags = 0x00000010
07-02 05:35:52.233   335 11624 V NuPlayerDecoder: [OMX.qcom.video.decoder.avc] onMessage: AMessage(what = 'cdcN', target = 187) = {
07-02 05:35:52.233   335 11624 V NuPlayerDecoder:   int32_t generation = 1
07-02 05:35:52.233   335 11624 V NuPlayerDecoder:   int32_t input-buffers = 0
07-02 05:35:52.233   335 11624 V NuPlayerDecoder:   int32_t output-buffers = 1
07-02 05:35:52.233   335 11624 V NuPlayerDecoder: }
07-02 05:35:52.233   335 11624 V NuPlayerDecoder: [OMX.qcom.video.decoder.avc] dequeued output: 3 (time=23880000 flags=0)
07-02 05:35:52.233   335 11628 V ACodec  : [OMX.google.aac.decoder] onOMXEmptyBufferDone 0xb86b5290
07-02 05:35:52.233   335 11628 V ACodec  : [OMX.google.aac.decoder] onOMXFillBufferDone 3094477456 time 23957333 us, flags = 0x00000000
07-02 05:35:52.233   335 11627 V NuPlayerDecoder: [OMX.google.aac.decoder] onMessage: AMessage(what = 'cdcN', target = 190) = {
07-02 05:35:52.233   335 11627 V NuPlayerDecoder:   int32_t generation = 1
07-02 05:35:52.233   335 11627 V NuPlayerDecoder:   int32_t input-buffers = 1
07-02 05:35:52.233   335 11627 V NuPlayerDecoder:   int32_t output-buffers = 0
07-02 05:35:52.233   335 11627 V NuPlayerDecoder: }
07-02 05:35:52.234   335 11627 V NuPlayerDecoder: [OMX.google.aac.decoder] dequeued input: 3
07-02 05:35:52.234   335 11628 V ACodec  : [OMX.google.aac.decoder] calling emptyBuffer 0xb86b5290 w/ time 24085333 us
07-02 05:35:52.234   335 11627 V NuPlayerDecoder: [OMX.google.aac.decoder] onMessage: AMessage(what = 'cdcN', target = 190) = {
07-02 05:35:52.234   335 11627 V NuPlayerDecoder:   int32_t generation = 1
07-02 05:35:52.234   335 11627 V NuPlayerDecoder:   int32_t input-buffers = 0
07-02 05:35:52.234   335 11627 V NuPlayerDecoder:   int32_t output-buffers = 1
07-02 05:35:52.234   335 11627 V NuPlayerDecoder: }
07-02 05:35:52.234   335 11627 V NuPlayerDecoder: [OMX.google.aac.decoder] dequeued output: 0 (time=23957333 flags=0)
07-02 05:35:52.248   335 11626 V ACodec  : [OMX.qcom.video.decoder.avc] onOMXEmptyBufferDone 0xb8726af0
07-02 05:35:52.248   335 11624 V NuPlayerDecoder: [OMX.qcom.video.decoder.avc] onMessage: AMessage(what = 'cdcN', target = 187) = {
07-02 05:35:52.248   335 11624 V NuPlayerDecoder:   int32_t generation = 1
07-02 05:35:52.248   335 11624 V NuPlayerDecoder:   int32_t input-buffers = 1
07-02 05:35:52.248   335 11624 V NuPlayerDecoder:   int32_t output-buffers = 0
07-02 05:35:52.248   335 11624 V NuPlayerDecoder: }
07-02 05:35:52.249   335 11624 V NuPlayerDecoder: [OMX.qcom.video.decoder.avc] dequeued input: 0
07-02 05:35:52.249   335 11626 V ACodec  : [OMX.qcom.video.decoder.avc] calling emptyBuffer 0xb8726af0 w/ time 24120000 us
07-02 05:35:52.249   335 11626 V ACodec  : MetaDataBuffersToSubmit=0 portMode=RESUBMIT
07-02 05:35:52.252   335 11623 V NuPlayerRenderer: rendering audio at media time 23.91 secs
07-02 05:35:52.252   335 11627 V NuPlayerDecoder: [OMX.google.aac.decoder] onMessage: AMessage(what = 'rndr', target = 190) = {
07-02 05:35:52.252   335 11627 V NuPlayerDecoder:   size_t buffer-ix = 1
07-02 05:35:52.252   335 11627 V NuPlayerDecoder:   int32_t generation = 1
07-02 05:35:52.252   335 11627 V NuPlayerDecoder: }
07-02 05:35:52.252   335 11623 V NuPlayerRenderer: getPlayedOutAudioDurationUs: negative duration -140000 set to zero
07-02 05:35:52.252   335 11623 V NuPlayerRenderer: getPlayedOutAudioDurationUs(0) nowUs(1139783271) frames(2880) framesAt(1139983271)
07-02 05:35:52.253   335 11628 V ACodec  : [OMX.google.aac.decoder] calling fillBuffer 3094483840
07-02 05:35:52.254   335 11628 V ACodec  : [OMX.google.aac.decoder] onOMXEmptyBufferDone 0xb86f0ad8
07-02 05:35:52.254   335 11628 V ACodec  : [OMX.google.aac.decoder] onOMXFillBufferDone 3094483840 time 23978666 us, flags = 0x00000000
07-02 05:35:52.254   335 11627 V NuPlayerDecoder: [OMX.google.aac.decoder] onMessage: AMessage(what = 'cdcN', target = 190) = {
07-02 05:35:52.254   335 11627 V NuPlayerDecoder:   int32_t generation = 1
07-02 05:35:52.254   335 11627 V NuPlayerDecoder:   int32_t input-buffers = 1
07-02 05:35:52.254   335 11627 V NuPlayerDecoder:   int32_t output-buffers = 0
07-02 05:35:52.254   335 11627 V NuPlayerDecoder: }
07-02 05:35:52.254   335 11627 V NuPlayerDecoder: [OMX.google.aac.decoder] dequeued input: 0
07-02 05:35:52.254   335 11628 V ACodec  : [OMX.google.aac.decoder] calling emptyBuffer 0xb86f0ad8 w/ time 24106666 us
07-02 05:35:52.254   335 11627 V NuPlayerDecoder: [OMX.google.aac.decoder] onMessage: AMessage(what = 'cdcN', target = 190) = {
07-02 05:35:52.254   335 11627 V NuPlayerDecoder:   int32_t generation = 1
07-02 05:35:52.254   335 11627 V NuPlayerDecoder:   int32_t input-buffers = 0
07-02 05:35:52.254   335 11627 V NuPlayerDecoder:   int32_t output-buffers = 1
07-02 05:35:52.254   335 11627 V NuPlayerDecoder: }
07-02 05:35:52.254   335 11627 V NuPlayerDecoder: [OMX.google.aac.decoder] dequeued output: 1 (time=23978666 flags=0)
07-02 05:35:52.254   335 11623 V NuPlayerRenderer: rendering video at media time 23.80 secs
07-02 05:35:52.255   335 11624 V NuPlayerDecoder: [OMX.qcom.video.decoder.avc] onMessage: AMessage(what = 'rndr', target = 187) = {
07-02 05:35:52.255   335 11624 V NuPlayerDecoder:   size_t buffer-ix = 5
07-02 05:35:52.255   335 11624 V NuPlayerDecoder:   int32_t generation = 1
07-02 05:35:52.255   335 11624 V NuPlayerDecoder:   int64_t timestampNs = 1139881938000
07-02 05:35:52.255   335 11624 V NuPlayerDecoder:   int32_t render = 1
07-02 05:35:52.255   335 11624 V NuPlayerDecoder: }
07-02 05:35:52.255   335 11626 V ACodec  : [OMX.qcom.video.decoder.avc] calling fillBuffer 3094270912
07-02 05:35:52.273   335 11623 V NuPlayerRenderer: rendering audio at media time 23.94 secs
07-02 05:35:52.273   335 11627 V NuPlayerDecoder: [OMX.google.aac.decoder] onMessage: AMessage(what = 'rndr', target = 190) = {
07-02 05:35:52.273   335 11627 V NuPlayerDecoder:   size_t buffer-ix = 2
07-02 05:35:52.273   335 11627 V NuPlayerDecoder:   int32_t generation = 1
07-02 05:35:52.273   335 11627 V NuPlayerDecoder: }
07-02 05:35:52.273   335 11623 V NuPlayerRenderer: getPlayedOutAudioDurationUs: negative duration -120000 set to zero
07-02 05:35:52.273   335 11623 V NuPlayerRenderer: getPlayedOutAudioDurationUs(0) nowUs(1139803695) frames(3840) framesAt(1140003695)
07-02 05:35:52.273   335 11628 V ACodec  : [OMX.google.aac.decoder] calling fillBuffer 3094041744
07-02 05:35:52.274   335 11628 V ACodec  : [OMX.google.aac.decoder] onOMXEmptyBufferDone 0xb86b50a8
07-02 05:35:52.274   335 11628 V ACodec  : [OMX.google.aac.decoder] onOMXFillBufferDone 3094041744 time 24000000 us, flags = 0x00000000
07-02 05:35:52.274   335 11627 V NuPlayerDecoder: [OMX.google.aac.decoder] onMessage: AMessage(what = 'cdcN', target = 190) = {
07-02 05:35:52.274   335 11627 V NuPlayerDecoder:   int32_t generation = 1
07-02 05:35:52.274   335 11627 V NuPlayerDecoder:   int32_t input-buffers = 1
07-02 05:35:52.274   335 11627 V NuPlayerDecoder:   int32_t output-buffers = 0
07-02 05:35:52.274   335 11627 V NuPlayerDecoder: }
07-02 05:35:52.274   335 11627 V NuPlayerDecoder: [OMX.google.aac.decoder] dequeued input: 1
07-02 05:35:52.275   335 11628 V ACodec  : [OMX.google.aac.decoder] calling emptyBuffer 0xb86b50a8 w/ time 24128000 us
07-02 05:35:52.275   335 11627 V NuPlayerDecoder: [OMX.google.aac.decoder] onMessage: AMessage(what = 'cdcN', target = 190) = {
07-02 05:35:52.275   335 11627 V NuPlayerDecoder:   int32_t generation = 1
07-02 05:35:52.275   335 11627 V NuPlayerDecoder:   int32_t input-buffers = 0
07-02 05:35:52.275   335 11627 V NuPlayerDecoder:   int32_t output-buffers = 1
07-02 05:35:52.275   335 11627 V NuPlayerDecoder: }
07-02 05:35:52.275   335 11627 V NuPlayerDecoder: [OMX.google.aac.decoder] dequeued output: 2 (time=24000000 flags=0)
07-02 05:35:52.276   335 11626 V ACodec  : [OMX.qcom.video.decoder.avc] onOMXFillBufferDone 3094270752 time 23920000 us, flags = 0x00000210
07-02 05:35:52.276   335 11626 V ACodec  : [OMX.qcom.video.decoder.avc] onOMXFillBufferDone 3094270912 time 23960000 us, flags = 0x00000010
07-02 05:35:52.276   335 11626 V ACodec  : [OMX.qcom.video.decoder.avc] onOMXEmptyBufferDone 0xb8726b40
07-02 05:35:52.276   335 11624 V NuPlayerDecoder: [OMX.qcom.video.decoder.avc] onMessage: AMessage(what = 'cdcN', target = 187) = {
07-02 05:35:52.276   335 11624 V NuPlayerDecoder:   int32_t generation = 1
07-02 05:35:52.276   335 11624 V NuPlayerDecoder:   int32_t input-buffers = 0
07-02 05:35:52.276   335 11624 V NuPlayerDecoder:   int32_t output-buffers = 1
07-02 05:35:52.276   335 11624 V NuPlayerDecoder: }
07-02 05:35:52.276   335 11624 V NuPlayerDecoder: [OMX.qcom.video.decoder.avc] dequeued output: 6 (time=23920000 flags=0)
07-02 05:35:52.276   335 11624 V NuPlayerDecoder: [OMX.qcom.video.decoder.avc] onMessage: AMessage(what = 'cdcN', target = 187) = {
07-02 05:35:52.276   335 11624 V NuPlayerDecoder:   int32_t generation = 1
07-02 05:35:52.276   335 11624 V NuPlayerDecoder:   int32_t input-buffers = 1
07-02 05:35:52.276   335 11624 V NuPlayerDecoder:   int32_t output-buffers = 1
07-02 05:35:52.276   335 11624 V NuPlayerDecoder: }
07-02 05:35:52.276   335 11624 V NuPlayerDecoder: [OMX.qcom.video.decoder.avc] dequeued input: 1
07-02 05:35:52.277   335 11626 V ACodec  : [OMX.qcom.video.decoder.avc] calling emptyBuffer 0xb8726b40 w/ time 24160000 us
07-02 05:35:52.277   335 11626 V ACodec  : MetaDataBuffersToSubmit=0 portMode=RESUBMIT
07-02 05:35:52.277   335 11624 V NuPlayerDecoder: [OMX.qcom.video.decoder.avc] dequeued output: 8 (time=23960000 flags=0)
07-02 05:35:52.293   335 11623 V NuPlayerRenderer: rendering audio at media time 23.96 secs
07-02 05:35:52.293   335 11627 V NuPlayerDecoder: [OMX.google.aac.decoder] onMessage: AMessage(what = 'rndr', target = 190) = {
07-02 05:35:52.293   335 11627 V NuPlayerDecoder:   size_t buffer-ix = 3
07-02 05:35:52.293   335 11627 V NuPlayerDecoder:   int32_t generation = 1
07-02 05:35:52.293   335 11627 V NuPlayerDecoder: }
07-02 05:35:52.293   335 11623 V NuPlayerRenderer: getPlayedOutAudioDurationUs: negative duration -100000 set to zero
07-02 05:35:52.293   335 11623 V NuPlayerRenderer: getPlayedOutAudioDurationUs(0) nowUs(1139824135) frames(4800) framesAt(1140024135)
07-02 05:35:52.293   335 11628 V ACodec  : [OMX.google.aac.decoder] calling fillBuffer 3094042272
07-02 05:35:52.294   335 11628 V ACodec  : [OMX.google.aac.decoder] onOMXEmptyBufferDone 0xb86b5190
07-02 05:35:52.294   335 11628 V ACodec  : [OMX.google.aac.decoder] onOMXFillBufferDone 3094042272 time 24021333 us, flags = 0x00000000
07-02 05:35:52.294   335 11627 V NuPlayerDecoder: [OMX.google.aac.decoder] onMessage: AMessage(what = 'cdcN', target = 190) = {
07-02 05:35:52.294   335 11627 V NuPlayerDecoder:   int32_t generation = 1
07-02 05:35:52.294   335 11627 V NuPlayerDecoder:   int32_t input-buffers = 1
07-02 05:35:52.294   335 11627 V NuPlayerDecoder:   int32_t output-buffers = 0
07-02 05:35:52.294   335 11627 V NuPlayerDecoder: }
07-02 05:35:52.294   335 11627 V NuPlayerDecoder: [OMX.google.aac.decoder] dequeued input: 2
07-02 05:35:52.295   335 11628 V ACodec  : [OMX.google.aac.decoder] calling emptyBuffer 0xb86b5190 w/ time 24149333 us
07-02 05:35:52.295   335 11627 V NuPlayerDecoder: [OMX.google.aac.decoder] onMessage: AMessage(what = 'cdcN', target = 190) = {
07-02 05:35:52.295   335 11627 V NuPlayerDecoder:   int32_t generation = 1
07-02 05:35:52.295   335 11627 V NuPlayerDecoder:   int32_t input-buffers = 0
07-02 05:35:52.295   335 11627 V NuPlayerDecoder:   int32_t output-buffers = 1
07-02 05:35:52.295   335 11627 V NuPlayerDecoder: }
07-02 05:35:52.295   335 11627 V NuPlayerDecoder: [OMX.google.aac.decoder] dequeued output: 3 (time=24021333 flags=0)
07-02 05:35:52.314   335 11623 V NuPlayerRenderer: rendering audio at media time 23.98 secs
07-02 05:35:52.314   335 11627 V NuPlayerDecoder: [OMX.google.aac.decoder] onMessage: AMessage(what = 'rndr', target = 190) = {
07-02 05:35:52.314   335 11627 V NuPlayerDecoder:   size_t buffer-ix = 0
07-02 05:35:52.314   335 11627 V NuPlayerDecoder:   int32_t generation = 1
07-02 05:35:52.314   335 11627 V NuPlayerDecoder: }
07-02 05:35:52.314   335 11623 V NuPlayerRenderer: getPlayedOutAudioDurationUs: negative duration -80000 set to zero
07-02 05:35:52.314   335 11623 V NuPlayerRenderer: getPlayedOutAudioDurationUs(0) nowUs(1139844466) frames(5760) framesAt(1140044466)
07-02 05:35:52.314   335 11628 V ACodec  : [OMX.google.aac.decoder] calling fillBuffer 3094477456
07-02 05:35:52.315   335 11628 V ACodec  : [OMX.google.aac.decoder] onOMXEmptyBufferDone 0xb86b5290
07-02 05:35:52.315   335 11628 V ACodec  : [OMX.google.aac.decoder] onOMXFillBufferDone 3094477456 time 24042666 us, flags = 0x00000000
07-02 05:35:52.315   335 11627 V NuPlayerDecoder: [OMX.google.aac.decoder] onMessage: AMessage(what = 'cdcN', target = 190) = {
07-02 05:35:52.315   335 11627 V NuPlayerDecoder:   int32_t generation = 1
07-02 05:35:52.315   335 11627 V NuPlayerDecoder:   int32_t input-buffers = 1
07-02 05:35:52.315   335 11627 V NuPlayerDecoder:   int32_t output-buffers = 0
07-02 05:35:52.315   335 11627 V NuPlayerDecoder: }
07-02 05:35:52.315   335 11627 V NuPlayerDecoder: [OMX.google.aac.decoder] dequeued input: 3
07-02 05:35:52.315   335 11628 V ACodec  : [OMX.google.aac.decoder] calling emptyBuffer 0xb86b5290 w/ time 24170666 us
07-02 05:35:52.315   335 11627 V NuPlayerDecoder: [OMX.google.aac.decoder] onMessage: AMessage(what = 'cdcN', target = 190) = {
07-02 05:35:52.315   335 11627 V NuPlayerDecoder:   int32_t generation = 1
07-02 05:35:52.315   335 11627 V NuPlayerDecoder:   int32_t input-buffers = 0
07-02 05:35:52.315   335 11627 V NuPlayerDecoder:   int32_t output-buffers = 1
07-02 05:35:52.315   335 11627 V NuPlayerDecoder: }
07-02 05:35:52.315   335 11627 V NuPlayerDecoder: [OMX.google.aac.decoder] dequeued output: 0 (time=24042666 flags=0)
07-02 05:35:52.334   335 11623 V NuPlayerRenderer: rendering audio at media time 24.00 secs
07-02 05:35:52.334   335 11627 V NuPlayerDecoder: [OMX.google.aac.decoder] onMessage: AMessage(what = 'rndr', target = 190) = {
07-02 05:35:52.334   335 11627 V NuPlayerDecoder:   size_t buffer-ix = 1
07-02 05:35:52.334   335 11627 V NuPlayerDecoder:   int32_t generation = 1
07-02 05:35:52.334   335 11627 V NuPlayerDecoder: }
07-02 05:35:52.334   335 11623 V NuPlayerRenderer: getPlayedOutAudioDurationUs(20077) nowUs(1139864775) frames(528) framesAt(1139855698)
07-02 05:35:52.334   335 11628 V ACodec  : [OMX.google.aac.decoder] calling fillBuffer 3094483840
07-02 05:35:52.335   335 11628 V ACodec  : [OMX.google.aac.decoder] onOMXEmptyBufferDone 0xb86f0ad8
07-02 05:35:52.335   335 11628 V ACodec  : [OMX.google.aac.decoder] onOMXFillBufferDone 3094483840 time 24064000 us, flags = 0x00000000
07-02 05:35:52.335   335 11627 V NuPlayerDecoder: [OMX.google.aac.decoder] onMessage: AMessage(what = 'cdcN', target = 190) = {
07-02 05:35:52.335   335 11627 V NuPlayerDecoder:   int32_t generation = 1
07-02 05:35:52.335   335 11627 V NuPlayerDecoder:   int32_t input-buffers = 1
07-02 05:35:52.335   335 11627 V NuPlayerDecoder:   int32_t output-buffers = 0
07-02 05:35:52.335   335 11627 V NuPlayerDecoder: }
07-02 05:35:52.335   335 11627 V NuPlayerDecoder: [OMX.google.aac.decoder] dequeued input: 0
07-02 05:35:52.335   335 11628 V ACodec  : [OMX.google.aac.decoder] calling emptyBuffer 0xb86f0ad8 w/ time 24192000 us
07-02 05:35:52.335   335 11627 V NuPlayerDecoder: [OMX.google.aac.decoder] onMessage: AMessage(what = 'cdcN', target = 190) = {
07-02 05:35:52.335   335 11627 V NuPlayerDecoder:   int32_t generation = 1
07-02 05:35:52.335   335 11627 V NuPlayerDecoder:   int32_t input-buffers = 0
07-02 05:35:52.335   335 11627 V NuPlayerDecoder:   int32_t output-buffers = 1
07-02 05:35:52.335   335 11627 V NuPlayerDecoder: }
07-02 05:35:52.335   335 11627 V NuPlayerDecoder: [OMX.google.aac.decoder] dequeued output: 1 (time=24064000 flags=0)
07-02 05:35:52.354   335 11627 V NuPlayerDecoder: [OMX.google.aac.decoder] onMessage: AMessage(what = 'rndr', target = 190) = {
07-02 05:35:52.354   335 11627 V NuPlayerDecoder:   size_t buffer-ix = 2
07-02 05:35:52.354   335 11627 V NuPlayerDecoder:   int32_t generation = 1
07-02 05:35:52.354   335 11627 V NuPlayerDecoder: }
07-02 05:35:52.354   335 11623 V NuPlayerRenderer: rendering video at media time 23.84 secs
07-02 05:35:52.354   335 11628 V ACodec  : [OMX.google.aac.decoder] calling fillBuffer 3094041744
07-02 05:35:52.354   335 11624 V NuPlayerDecoder: [OMX.qcom.video.decoder.avc] onMessage: AMessage(what = 'rndr', target = 187) = {
07-02 05:35:52.354   335 11624 V NuPlayerDecoder:   size_t buffer-ix = 4
07-02 05:35:52.354   335 11624 V NuPlayerDecoder:   int32_t generation = 1
07-02 05:35:52.354   335 11624 V NuPlayerDecoder:   int64_t timestampNs = 1139983364000
07-02 05:35:52.354   335 11624 V NuPlayerDecoder:   int32_t render = 1
07-02 05:35:52.354   335 11624 V NuPlayerDecoder: }
07-02 05:35:52.355   335 11626 V ACodec  : [OMX.qcom.video.decoder.avc] calling fillBuffer 3094270832
07-02 05:35:52.356   335 11628 V ACodec  : [OMX.google.aac.decoder] onOMXEmptyBufferDone 0xb86b50a8
07-02 05:35:52.356   335 11627 V NuPlayerDecoder: [OMX.google.aac.decoder] onMessage: AMessage(what = 'cdcN', target = 190) = {
07-02 05:35:52.356   335 11627 V NuPlayerDecoder:   int32_t generation = 1
07-02 05:35:52.356   335 11627 V NuPlayerDecoder:   int32_t input-buffers = 1
07-02 05:35:52.356   335 11627 V NuPlayerDecoder:   int32_t output-buffers = 0
07-02 05:35:52.356   335 11627 V NuPlayerDecoder: }
07-02 05:35:52.356   335 11628 V ACodec  : [OMX.google.aac.decoder] onOMXFillBufferDone 3094041744 time 24085333 us, flags = 0x00000000
07-02 05:35:52.356   335 11627 V NuPlayerDecoder: [OMX.google.aac.decoder] dequeued input: 1
07-02 05:35:52.356   335 11628 V ACodec  : [OMX.google.aac.decoder] calling emptyBuffer 0xb86b50a8 w/ time 24213333 us
07-02 05:35:52.356   335 11627 V NuPlayerDecoder: [OMX.google.aac.decoder] onMessage: AMessage(what = 'cdcN', target = 190) = {
07-02 05:35:52.356   335 11627 V NuPlayerDecoder:   int32_t generation = 1
07-02 05:35:52.356   335 11627 V NuPlayerDecoder:   int32_t input-buffers = 0
07-02 05:35:52.356   335 11627 V NuPlayerDecoder:   int32_t output-buffers = 1
07-02 05:35:52.356   335 11627 V NuPlayerDecoder: }
07-02 05:35:52.356   335 11627 V NuPlayerDecoder: [OMX.google.aac.decoder] dequeued output: 2 (time=24085333 flags=0)
07-02 05:35:52.373   335 11626 V ACodec  : [OMX.qcom.video.decoder.avc] onOMXEmptyBufferDone 0xb8726b90
07-02 05:35:52.373   335 11624 V NuPlayerDecoder: [OMX.qcom.video.decoder.avc] onMessage: AMessage(what = 'cdcN', target = 187) = {
07-02 05:35:52.373   335 11624 V NuPlayerDecoder:   int32_t generation = 1
07-02 05:35:52.373   335 11624 V NuPlayerDecoder:   int32_t input-buffers = 1
07-02 05:35:52.373   335 11624 V NuPlayerDecoder:   int32_t output-buffers = 0
07-02 05:35:52.373   335 11624 V NuPlayerDecoder: }
07-02 05:35:52.373   335 11624 V NuPlayerDecoder: [OMX.qcom.video.decoder.avc] dequeued input: 2
07-02 05:35:52.373   335 11626 V ACodec  : [OMX.qcom.video.decoder.avc] calling emptyBuffer 0xb8726b90 w/ time 24200000 us
07-02 05:35:52.373   335 11626 V ACodec  : MetaDataBuffersToSubmit=0 portMode=RESUBMIT
07-02 05:35:52.374   335 11623 V NuPlayerRenderer: rendering audio at media time 24.02 secs
07-02 05:35:52.374   335 11623 V NuPlayerRenderer: getPlayedOutAudioDurationUs(60622) nowUs(1139905290) frames(2448) framesAt(1139895668)
07-02 05:35:52.395   335 11623 V NuPlayerRenderer: rendering audio at media time 24.04 secs
07-02 05:35:52.395   335 11627 V NuPlayerDecoder: [OMX.google.aac.decoder] onMessage: AMessage(what = 'rndr', target = 190) = {
07-02 05:35:52.395   335 11627 V NuPlayerDecoder:   size_t buffer-ix = 3
07-02 05:35:52.395   335 11627 V NuPlayerDecoder:   int32_t generation = 1
07-02 05:35:52.395   335 11627 V NuPlayerDecoder: }
07-02 05:35:52.395   335 11623 V NuPlayerRenderer: getPlayedOutAudioDurationUs(80908) nowUs(1139925623) frames(3408) framesAt(1139915715)
07-02 05:35:52.395   335 11628 V ACodec  : [OMX.google.aac.decoder] calling fillBuffer 3094042272
07-02 05:35:52.396   335 11628 V ACodec  : [OMX.google.aac.decoder] onOMXEmptyBufferDone 0xb86b5190
07-02 05:35:52.396   335 11627 V NuPlayerDecoder: [OMX.google.aac.decoder] onMessage: AMessage(what = 'cdcN', target = 190) = {
07-02 05:35:52.396   335 11627 V NuPlayerDecoder:   int32_t generation = 1
07-02 05:35:52.396   335 11627 V NuPlayerDecoder:   int32_t input-buffers = 1
07-02 05:35:52.396   335 11627 V NuPlayerDecoder:   int32_t output-buffers = 0
07-02 05:35:52.396   335 11627 V NuPlayerDecoder: }
07-02 05:35:52.396   335 11628 V ACodec  : [OMX.google.aac.decoder] onOMXFillBufferDone 3094042272 time 24106666 us, flags = 0x00000000
07-02 05:35:52.396   335 11627 V NuPlayerDecoder: [OMX.google.aac.decoder] dequeued input: 2
07-02 05:35:52.396   335 11628 V ACodec  : [OMX.google.aac.decoder] calling emptyBuffer 0xb86b5190 w/ time 24234666 us
07-02 05:35:52.396   335 11627 V NuPlayerDecoder: [OMX.google.aac.decoder] onMessage: AMessage(what = 'cdcN', target = 190) = {
07-02 05:35:52.396   335 11627 V NuPlayerDecoder:   int32_t generation = 1
07-02 05:35:52.396   335 11627 V NuPlayerDecoder:   int32_t input-buffers = 0
07-02 05:35:52.396   335 11627 V NuPlayerDecoder:   int32_t output-buffers = 1
07-02 05:35:52.396   335 11627 V NuPlayerDecoder: }
07-02 05:35:52.396   335 11627 V NuPlayerDecoder: [OMX.google.aac.decoder] dequeued output: 3 (time=24106666 flags=0)
07-02 05:35:52.415   335 11623 V NuPlayerRenderer: rendering audio at media time 24.06 secs
07-02 05:35:52.415   335 11627 V NuPlayerDecoder: [OMX.google.aac.decoder] onMessage: AMessage(what = 'rndr', target = 190) = {
07-02 05:35:52.415   335 11627 V NuPlayerDecoder:   size_t buffer-ix = 0
07-02 05:35:52.415   335 11627 V NuPlayerDecoder:   int32_t generation = 1
07-02 05:35:52.415   335 11627 V NuPlayerDecoder: }
07-02 05:35:52.415   335 11623 V NuPlayerRenderer: getPlayedOutAudioDurationUs(101277) nowUs(1139945946) frames(4368) framesAt(1139935669)
07-02 05:35:52.415   335 11628 V ACodec  : [OMX.google.aac.decoder] calling fillBuffer 3094477456
07-02 05:35:52.416   335 11628 V ACodec  : [OMX.google.aac.decoder] onOMXEmptyBufferDone 0xb86b5290
07-02 05:35:52.416   335 11627 V NuPlayerDecoder: [OMX.google.aac.decoder] onMessage: AMessage(what = 'cdcN', target = 190) = {
07-02 05:35:52.416   335 11627 V NuPlayerDecoder:   int32_t generation = 1
07-02 05:35:52.416   335 11627 V NuPlayerDecoder:   int32_t input-buffers = 1
07-02 05:35:52.416   335 11627 V NuPlayerDecoder:   int32_t output-buffers = 0
07-02 05:35:52.416   335 11627 V NuPlayerDecoder: }
07-02 05:35:52.416   335 11628 V ACodec  : [OMX.google.aac.decoder] onOMXFillBufferDone 3094477456 time 24128000 us, flags = 0x00000000
07-02 05:35:52.416   335 11627 V NuPlayerDecoder: [OMX.google.aac.decoder] dequeued input: 3
07-02 05:35:52.416   335 11628 V ACodec  : [OMX.google.aac.decoder] calling emptyBuffer 0xb86b5290 w/ time 24256000 us
07-02 05:35:52.417   335 11627 V NuPlayerDecoder: [OMX.google.aac.decoder] onMessage: AMessage(what = 'cdcN', target = 190) = {
07-02 05:35:52.417   335 11627 V NuPlayerDecoder:   int32_t generation = 1
07-02 05:35:52.417   335 11627 V NuPlayerDecoder:   int32_t input-buffers = 0
07-02 05:35:52.417   335 11627 V NuPlayerDecoder:   int32_t output-buffers = 1
07-02 05:35:52.417   335 11627 V NuPlayerDecoder: }
07-02 05:35:52.417   335 11627 V NuPlayerDecoder: [OMX.google.aac.decoder] dequeued output: 0 (time=24128000 flags=0)
07-02 05:35:52.435   335 11623 V NuPlayerRenderer: rendering audio at media time 24.09 secs
07-02 05:35:52.435   335 11627 V NuPlayerDecoder: [OMX.google.aac.decoder] onMessage: AMessage(what = 'rndr', target = 190) = {
07-02 05:35:52.435   335 11627 V NuPlayerDecoder:   size_t buffer-ix = 1
07-02 05:35:52.435   335 11627 V NuPlayerDecoder:   int32_t generation = 1
07-02 05:35:52.435   335 11627 V NuPlayerDecoder: }
07-02 05:35:52.435   335 11623 V NuPlayerRenderer: getPlayedOutAudioDurationUs(121600) nowUs(1139966270) frames(5328) framesAt(1139955670)
07-02 05:35:52.436   335 11628 V ACodec  : [OMX.google.aac.decoder] calling fillBuffer 3094483840
07-02 05:35:52.436   335 11628 V ACodec  : [OMX.google.aac.decoder] onOMXEmptyBufferDone 0xb86f0ad8
07-02 05:35:52.437   335 11628 V ACodec  : [OMX.google.aac.decoder] onOMXFillBufferDone 3094483840 time 24149333 us, flags = 0x00000000
07-02 05:35:52.437   335 11627 V NuPlayerDecoder: [OMX.google.aac.decoder] onMessage: AMessage(what = 'cdcN', target = 190) = {
07-02 05:35:52.437   335 11627 V NuPlayerDecoder:   int32_t generation = 1
07-02 05:35:52.437   335 11627 V NuPlayerDecoder:   int32_t input-buffers = 1
07-02 05:35:52.437   335 11627 V NuPlayerDecoder:   int32_t output-buffers = 0
07-02 05:35:52.437   335 11627 V NuPlayerDecoder: }
07-02 05:35:52.437   335 11627 V NuPlayerDecoder: [OMX.google.aac.decoder] dequeued input: 0
07-02 05:35:52.437   335 11628 V ACodec  : [OMX.google.aac.decoder] calling emptyBuffer 0xb86f0ad8 w/ time 24277333 us
07-02 05:35:52.437   335 11627 V NuPlayerDecoder: [OMX.google.aac.decoder] onMessage: AMessage(what = 'cdcN', target = 190) = {
07-02 05:35:52.437   335 11627 V NuPlayerDecoder:   int32_t generation = 1
07-02 05:35:52.437   335 11627 V NuPlayerDecoder:   int32_t input-buffers = 0
07-02 05:35:52.437   335 11627 V NuPlayerDecoder:   int32_t output-buffers = 1
07-02 05:35:52.437   335 11627 V NuPlayerDecoder: }
07-02 05:35:52.437   335 11627 V NuPlayerDecoder: [OMX.google.aac.decoder] dequeued output: 1 (time=24149333 flags=0)
07-02 05:35:52.454   335 11623 V NuPlayerRenderer: rendering video at media time 23.88 secs
07-02 05:35:52.454   335 11624 V NuPlayerDecoder: [OMX.qcom.video.decoder.avc] onMessage: AMessage(what = 'rndr', target = 187) = {
07-02 05:35:52.454   335 11624 V NuPlayerDecoder:   size_t buffer-ix = 3
07-02 05:35:52.454   335 11624 V NuPlayerDecoder:   int32_t generation = 1
07-02 05:35:52.454   335 11624 V NuPlayerDecoder:   int64_t timestampNs = 1140023337000
07-02 05:35:52.454   335 11624 V NuPlayerDecoder:   int32_t render = 1
07-02 05:35:52.454   335 11624 V NuPlayerDecoder: }
07-02 05:35:52.455   335 11626 V ACodec  : [OMX.qcom.video.decoder.avc] calling fillBuffer 3094270672
07-02 05:35:52.456   335 11623 V NuPlayerRenderer: rendering audio at media time 24.11 secs
07-02 05:35:52.456   335 11627 V NuPlayerDecoder: [OMX.google.aac.decoder] onMessage: AMessage(what = 'rndr', target = 190) = {
07-02 05:35:52.456   335 11627 V NuPlayerDecoder:   size_t buffer-ix = 2
07-02 05:35:52.456   335 11627 V NuPlayerDecoder:   int32_t generation = 1
07-02 05:35:52.456   335 11627 V NuPlayerDecoder: }
07-02 05:35:52.456   335 11623 V NuPlayerRenderer: getPlayedOutAudioDurationUs(141822) nowUs(1139986629) frames(6288) framesAt(1139975807)
07-02 05:35:52.456   335 11628 V ACodec  : [OMX.google.aac.decoder] calling fillBuffer 3094041744
07-02 05:35:52.457   335 11628 V ACodec  : [OMX.google.aac.decoder] onOMXEmptyBufferDone 0xb86b50a8
07-02 05:35:52.457   335 11628 V ACodec  : [OMX.google.aac.decoder] onOMXFillBufferDone 3094041744 time 24170666 us, flags = 0x00000000
07-02 05:35:52.457   335 11627 V NuPlayerDecoder: [OMX.google.aac.decoder] onMessage: AMessage(what = 'cdcN', target = 190) = {
07-02 05:35:52.457   335 11627 V NuPlayerDecoder:   int32_t generation = 1
07-02 05:35:52.457   335 11627 V NuPlayerDecoder:   int32_t input-buffers = 1
07-02 05:35:52.457   335 11627 V NuPlayerDecoder:   int32_t output-buffers = 0
07-02 05:35:52.457   335 11627 V NuPlayerDecoder: }
07-02 05:35:52.457   335 11627 V NuPlayerDecoder: [OMX.google.aac.decoder] dequeued input: 1
07-02 05:35:52.457   335 11628 V ACodec  : [OMX.google.aac.decoder] calling emptyBuffer 0xb86b50a8 w/ time 24298666 us
07-02 05:35:52.457   335 11627 V NuPlayerDecoder: [OMX.google.aac.decoder] onMessage: AMessage(what = 'cdcN', target = 190) = {
07-02 05:35:52.457   335 11627 V NuPlayerDecoder:   int32_t generation = 1
07-02 05:35:52.457   335 11627 V NuPlayerDecoder:   int32_t input-buffers = 0
07-02 05:35:52.457   335 11627 V NuPlayerDecoder:   int32_t output-buffers = 1
07-02 05:35:52.457   335 11627 V NuPlayerDecoder: }
07-02 05:35:52.457   335 11627 V NuPlayerDecoder: [OMX.google.aac.decoder] dequeued output: 2 (time=24170666 flags=0)
07-02 05:35:52.473   335 11626 V ACodec  : [OMX.qcom.video.decoder.avc] onOMXEmptyBufferDone 0xb8726be0
07-02 05:35:52.473   335 11624 V NuPlayerDecoder: [OMX.qcom.video.decoder.avc] onMessage: AMessage(what = 'cdcN', target = 187) = {
07-02 05:35:52.473   335 11624 V NuPlayerDecoder:   int32_t generation = 1
07-02 05:35:52.473   335 11624 V NuPlayerDecoder:   int32_t input-buffers = 1
07-02 05:35:52.473   335 11624 V NuPlayerDecoder:   int32_t output-buffers = 0
07-02 05:35:52.473   335 11624 V NuPlayerDecoder: }
07-02 05:35:52.473   335 11624 V NuPlayerDecoder: [OMX.qcom.video.decoder.avc] dequeued input: 3
07-02 05:35:52.473   335 11626 V ACodec  : [OMX.qcom.video.decoder.avc] calling emptyBuffer 0xb8726be0 w/ time 24240000 us
07-02 05:35:52.473   335 11626 V ACodec  : MetaDataBuffersToSubmit=0 portMode=RESUBMIT
07-02 05:35:52.474   335 11626 V ACodec  : [OMX.qcom.video.decoder.avc] onOMXFillBufferDone 3094270432 time 24000000 us, flags = 0x00000210
07-02 05:35:52.474   335 11624 V NuPlayerDecoder: [OMX.qcom.video.decoder.avc] onMessage: AMessage(what = 'cdcN', target = 187) = {
07-02 05:35:52.474   335 11624 V NuPlayerDecoder:   int32_t generation = 1
07-02 05:35:52.474   335 11624 V NuPlayerDecoder:   int32_t input-buffers = 0
07-02 05:35:52.474   335 11624 V NuPlayerDecoder:   int32_t output-buffers = 1
07-02 05:35:52.474   335 11624 V NuPlayerDecoder: }
07-02 05:35:52.474   335 11624 V NuPlayerDecoder: [OMX.qcom.video.decoder.avc] dequeued output: 2 (time=24000000 flags=0)
07-02 05:35:52.476   335 11627 V NuPlayerDecoder: [OMX.google.aac.decoder] onMessage: AMessage(what = 'rndr', target = 190) = {
07-02 05:35:52.476   335 11627 V NuPlayerDecoder:   size_t buffer-ix = 3
07-02 05:35:52.476   335 11627 V NuPlayerDecoder:   int32_t generation = 1
07-02 05:35:52.476   335 11627 V NuPlayerDecoder: }
07-02 05:35:52.476   335 11623 V NuPlayerRenderer: rendering audio at media time 24.13 secs
07-02 05:35:52.476   335 11623 V NuPlayerRenderer: getPlayedOutAudioDurationUs(162346) nowUs(1140007025) frames(7248) framesAt(1139995679)
07-02 05:35:52.476   335 11628 V ACodec  : [OMX.google.aac.decoder] calling fillBuffer 3094042272
07-02 05:35:52.477   335 11628 V ACodec  : [OMX.google.aac.decoder] onOMXEmptyBufferDone 0xb86b5190
07-02 05:35:52.477   335 11628 V ACodec  : [OMX.google.aac.decoder] onOMXFillBufferDone 3094042272 time 24192000 us, flags = 0x00000000
07-02 05:35:52.477   335 11627 V NuPlayerDecoder: [OMX.google.aac.decoder] onMessage: AMessage(what = 'cdcN', target = 190) = {
07-02 05:35:52.477   335 11627 V NuPlayerDecoder:   int32_t generation = 1
07-02 05:35:52.477   335 11627 V NuPlayerDecoder:   int32_t input-buffers = 1
07-02 05:35:52.477   335 11627 V NuPlayerDecoder:   int32_t output-buffers = 0
07-02 05:35:52.477   335 11627 V NuPlayerDecoder: }
07-02 05:35:52.477   335 11627 V NuPlayerDecoder: [OMX.google.aac.decoder] dequeued input: 2
07-02 05:35:52.477   335 11628 V ACodec  : [OMX.google.aac.decoder] calling emptyBuffer 0xb86b5190 w/ time 24320000 us
07-02 05:35:52.478   335 11627 V NuPlayerDecoder: [OMX.google.aac.decoder] onMessage: AMessage(what = 'cdcN', target = 190) = {
07-02 05:35:52.478   335 11627 V NuPlayerDecoder:   int32_t generation = 1
07-02 05:35:52.478   335 11627 V NuPlayerDecoder:   int32_t input-buffers = 0
07-02 05:35:52.478   335 11627 V NuPlayerDecoder:   int32_t output-buffers = 1
07-02 05:35:52.478   335 11627 V NuPlayerDecoder: }
07-02 05:35:52.478   335 11627 V NuPlayerDecoder: [OMX.google.aac.decoder] dequeued output: 3 (time=24192000 flags=0)
07-02 05:35:52.487   335 11623 V NuPlayerRenderer: rendering video at media time 23.92 secs
07-02 05:35:52.488   335 11624 V NuPlayerDecoder: [OMX.qcom.video.decoder.avc] onMessage: AMessage(what = 'rndr', target = 187) = {
07-02 05:35:52.488   335 11624 V NuPlayerDecoder:   size_t buffer-ix = 6
07-02 05:35:52.488   335 11624 V NuPlayerDecoder:   int32_t generation = 1
07-02 05:35:52.488   335 11624 V NuPlayerDecoder:   int64_t timestampNs = 1140063345000
07-02 05:35:52.488   335 11624 V NuPlayerDecoder:   int32_t render = 1
07-02 05:35:52.488   335 11624 V NuPlayerDecoder: }
07-02 05:35:52.488   335 11626 V ACodec  : [OMX.qcom.video.decoder.avc] calling fillBuffer 3094270592
07-02 05:35:52.497   335 11623 V NuPlayerRenderer: rendering audio at media time 24.15 secs
07-02 05:35:52.497   335 11627 V NuPlayerDecoder: [OMX.google.aac.decoder] onMessage: AMessage(what = 'rndr', target = 190) = {
07-02 05:35:52.497   335 11627 V NuPlayerDecoder:   size_t buffer-ix = 0
07-02 05:35:52.497   335 11627 V NuPlayerDecoder:   int32_t generation = 1
07-02 05:35:52.497   335 11627 V NuPlayerDecoder: }
07-02 05:35:52.497   335 11623 V NuPlayerRenderer: getPlayedOutAudioDurationUs(182761) nowUs(1140027435) frames(8208) framesAt(1140015674)
07-02 05:35:52.497   335 11628 V ACodec  : [OMX.google.aac.decoder] calling fillBuffer 3094477456
07-02 05:35:52.498   335 11628 V ACodec  : [OMX.google.aac.decoder] onOMXEmptyBufferDone 0xb86b5290
07-02 05:35:52.498   335 11628 V ACodec  : [OMX.google.aac.decoder] onOMXFillBufferDone 3094477456 time 24213333 us, flags = 0x00000000
07-02 05:35:52.498   335 11627 V NuPlayerDecoder: [OMX.google.aac.decoder] onMessage: AMessage(what = 'cdcN', target = 190) = {
07-02 05:35:52.498   335 11627 V NuPlayerDecoder:   int32_t generation = 1
07-02 05:35:52.498   335 11627 V NuPlayerDecoder:   int32_t input-buffers = 1
07-02 05:35:52.498   335 11627 V NuPlayerDecoder:   int32_t output-buffers = 0
07-02 05:35:52.498   335 11627 V NuPlayerDecoder: }
07-02 05:35:52.498   335 11627 V NuPlayerDecoder: [OMX.google.aac.decoder] dequeued input: 3
07-02 05:35:52.498   335 11628 V ACodec  : [OMX.google.aac.decoder] calling emptyBuffer 0xb86b5290 w/ time 24341333 us
07-02 05:35:52.498   335 11627 V NuPlayerDecoder: [OMX.google.aac.decoder] onMessage: AMessage(what = 'cdcN', target = 190) = {
07-02 05:35:52.498   335 11627 V NuPlayerDecoder:   int32_t generation = 1
07-02 05:35:52.498   335 11627 V NuPlayerDecoder:   int32_t input-buffers = 0
07-02 05:35:52.498   335 11627 V NuPlayerDecoder:   int32_t output-buffers = 1
07-02 05:35:52.498   335 11627 V NuPlayerDecoder: }
07-02 05:35:52.498   335 11627 V NuPlayerDecoder: [OMX.google.aac.decoder] dequeued output: 0 (time=24213333 flags=0)
07-02 05:35:52.506   335 11626 V ACodec  : [OMX.qcom.video.decoder.avc] onOMXEmptyBufferDone 0xb8726af0
07-02 05:35:52.506   335 11624 V NuPlayerDecoder: [OMX.qcom.video.decoder.avc] onMessage: AMessage(what = 'cdcN', target = 187) = {
07-02 05:35:52.506   335 11624 V NuPlayerDecoder:   int32_t generation = 1
07-02 05:35:52.506   335 11624 V NuPlayerDecoder:   int32_t input-buffers = 1
07-02 05:35:52.506   335 11624 V NuPlayerDecoder:   int32_t output-buffers = 0
07-02 05:35:52.506   335 11624 V NuPlayerDecoder: }
07-02 05:35:52.506   335 11624 V NuPlayerDecoder: [OMX.qcom.video.decoder.avc] dequeued input: 0
07-02 05:35:52.506   335 11626 V ACodec  : [OMX.qcom.video.decoder.avc] calling emptyBuffer 0xb8726af0 w/ time 24280000 us
07-02 05:35:52.506   335 11626 V ACodec  : MetaDataBuffersToSubmit=0 portMode=RESUBMIT
07-02 05:35:52.506   335 11626 V ACodec  : [OMX.qcom.video.decoder.avc] onOMXFillBufferDone 3094270832 time 24040000 us, flags = 0x00000210
07-02 05:35:52.507   335 11624 V NuPlayerDecoder: [OMX.qcom.video.decoder.avc] onMessage: AMessage(what = 'cdcN', target = 187) = {
07-02 05:35:52.507   335 11624 V NuPlayerDecoder:   int32_t generation = 1
07-02 05:35:52.507   335 11624 V NuPlayerDecoder:   int32_t input-buffers = 0
07-02 05:35:52.507   335 11624 V NuPlayerDecoder:   int32_t output-buffers = 1
07-02 05:35:52.507   335 11624 V NuPlayerDecoder: }
07-02 05:35:52.507   335 11624 V NuPlayerDecoder: [OMX.qcom.video.decoder.avc] dequeued output: 7 (time=24040000 flags=0)
07-02 05:35:52.517   335 11623 V NuPlayerRenderer: rendering audio at media time 24.17 secs
07-02 05:35:52.517   335 11627 V NuPlayerDecoder: [OMX.google.aac.decoder] onMessage: AMessage(what = 'rndr', target = 190) = {
07-02 05:35:52.517   335 11627 V NuPlayerDecoder:   size_t buffer-ix = 1
07-02 05:35:52.517   335 11627 V NuPlayerDecoder:   int32_t generation = 1
07-02 05:35:52.517   335 11627 V NuPlayerDecoder: }
07-02 05:35:52.517   335 11623 V NuPlayerRenderer: getPlayedOutAudioDurationUs(203151) nowUs(1140047826) frames(9168) framesAt(1140035675)
07-02 05:35:52.517   335 11628 V ACodec  : [OMX.google.aac.decoder] calling fillBuffer 3094483840
07-02 05:35:52.518   335 11628 V ACodec  : [OMX.google.aac.decoder] onOMXEmptyBufferDone 0xb86f0ad8
07-02 05:35:52.518   335 11628 V ACodec  : [OMX.google.aac.decoder] onOMXFillBufferDone 3094483840 time 24234666 us, flags = 0x00000000
07-02 05:35:52.518   335 11627 V NuPlayerDecoder: [OMX.google.aac.decoder] onMessage: AMessage(what = 'cdcN', target = 190) = {
07-02 05:35:52.518   335 11627 V NuPlayerDecoder:   int32_t generation = 1
07-02 05:35:52.518   335 11627 V NuPlayerDecoder:   int32_t input-buffers = 1
07-02 05:35:52.518   335 11627 V NuPlayerDecoder:   int32_t output-buffers = 0
07-02 05:35:52.518   335 11627 V NuPlayerDecoder: }
07-02 05:35:52.518   335 11627 V NuPlayerDecoder: [OMX.google.aac.decoder] dequeued input: 0
07-02 05:35:52.518   335 11628 V ACodec  : [OMX.google.aac.decoder] calling emptyBuffer 0xb86f0ad8 w/ time 24362666 us
07-02 05:35:52.519   335 11627 V NuPlayerDecoder: [OMX.google.aac.decoder] onMessage: AMessage(what = 'cdcN', target = 190) = {
07-02 05:35:52.519   335 11627 V NuPlayerDecoder:   int32_t generation = 1
07-02 05:35:52.519   335 11627 V NuPlayerDecoder:   int32_t input-buffers = 0
07-02 05:35:52.519   335 11627 V NuPlayerDecoder:   int32_t output-buffers = 1
07-02 05:35:52.519   335 11627 V NuPlayerDecoder: }
07-02 05:35:52.519   335 11627 V NuPlayerDecoder: [OMX.google.aac.decoder] dequeued output: 1 (time=24234666 flags=0)
07-02 05:35:52.537   335 11623 V NuPlayerRenderer: rendering audio at media time 24.19 secs
07-02 05:35:52.537   335 11627 V NuPlayerDecoder: [OMX.google.aac.decoder] onMessage: AMessage(what = 'rndr', target = 190) = {
